Microchip MPLAB XC8 Compiler V2.20

Linker command line:

-W-3 --edf=C:\Program Files\Microchip\xc8\v2.20\pic\dat\en_msgs.txt -cn \
  -h+dist/default/production\External_Interrupt.X.production.sym \
  --cmf=dist/default/production\External_Interrupt.X.production.cmf -z \
  -Q16F877A -oC:\Users\MOHAME~1\AppData\Local\Temp\sse8.2 \
  --defsym=__MPLAB_BUILD=1 \
  -Mdist/default/production/External_Interrupt.X.production.map -E1 \
  -ver=XC8 Compiler --acfsm=1493 -ASTACK=0110h-016Fh -pstack=STACK \
  -ACODE=00h-07FFhx4 -ASTRCODE=00h-01FFFh -ASTRING=00h-0FFhx32 \
  -ACONST=00h-0FFhx32 -AENTRY=00h-0FFhx32 -ACOMMON=070h-07Fh \
  -ABANK0=020h-06Fh -ABANK1=0A0h-0EFh -ABANK2=0110h-016Fh \
  -ABANK3=0190h-01EFh -ARAM=020h-06Fh,0A0h-0EFh,0110h-016Fh,0190h-01EFh \
  -AABS1=020h-07Fh,0A0h-0EFh,0110h-016Fh,0190h-01EFh -ASFR0=00h-01Fh \
  -ASFR1=080h-09Fh -ASFR2=0100h-010Fh -ASFR3=0180h-018Fh \
  -ACONFIG=02007h-02007h -DCONFIG=2 -AIDLOC=02000h-02003h -DIDLOC=2 \
  -preset_vec=00h,intentry=04h,init,end_init -ppowerup=CODE -pcinit=CODE \
  -pfunctab=ENTRY -AEEDATA=00h-0FFh/02100h -peeprom_data=EEDATA -DEEDATA=2 \
  -DCODE=2 -DSTRCODE=2 -DSTRING=2 -DCONST=2 -DENTRY=2 -k \
  C:\Users\MOHAME~1\AppData\Local\Temp\sse8.o \
  dist/default/production\External_Interrupt.X.production.o 

Object code version is 3.11

Machine type is 16F877A



                Name                               Link     Load   Length Selector   Space Scale
C:\Users\MOHAME~1\AppData\Local\Temp\sse8.o
                end_init                             12       12        3        8       0
                reset_vec                             0        0        3        0       0
                config                             2007     2007        1        0       4
dist/default/production\External_Interrupt.X.production.o
                cinit                                15       15        B        8       0
                intentry                              4        4        E        8       0
                config                             2007     2007        1        0       4
                text28                              2F9      2F9       6E        8       0
                text27                              43A      43A       67        8       0
                text26                              55A      55A       59        8       0
                text25                               EC       EC       CA        8       0
                text24                              66A      66A       35        8       0
                text23                              78A      78A       2A        8       0
                text22                              760      760       2A        8       0
                text21                              4A1      4A1       5E        8       0
                text20                              FC6      FC6        B     1F8C       0
                text19                              FE9      FE9       17     1FD2       0
                text18                              FBD      FBD        9     1F7A       0
                text17                              272      272       87        8       0
                text16                              FDC      FDC        D     1FB8       0
                text15                               20       20       CC        8       0
                text14                              69F      69F       32        8       0
                text13                              1B6      1B6       BC        8       0
                text12                              7DB      7DB       1B        8       0
                text11                              7F6      7F6        9        8       0
                text10                              3D1      3D1       69        8       0
                text9                               4FF      4FF       5B        8       0
                text8                               731      731       2F        8       0
                text7                               701      701       30        8       0
                text6                               6D1      6D1       30        8       0
                text5                               367      367       6A        8       0
                text4                               633      633       37        8       0
                text3                               FD1      FD1        B     1FA2       0
                text2                               5FC      5FC       37        8       0
                text1                               5B3      5B3       49        8       0
                maintext                            7B4      7B4       27        8       0
                cstackBANK0                          20       20       16       20       1
                cstackCOMMON                         70       70        E       70       1
                bssBANK0                             36       36        5       20       1
                nvBANK0                              3B       3B        1       20       1
                strings                             800      800       1A     1000       0

TOTAL           Name                               Link     Load   Length     Space
        CLASS   STACK          

        CLASS   CODE           
                end_init                             12       12        3         0
                cinit                                15       15        B         0
                intentry                              4        4        E         0
                reset_vec                             0        0        3         0
                text28                              2F9      2F9       6E         0
                text27                              43A      43A       67         0
                text26                              55A      55A       59         0
                text25                               EC       EC       CA         0
                text24                              66A      66A       35         0
                text23                              78A      78A       2A         0
                text22                              760      760       2A         0
                text21                              4A1      4A1       5E         0
                text20                              FC6      FC6        B         0
                text19                              FE9      FE9       17         0
                text18                              FBD      FBD        9         0
                text17                              272      272       87         0
                text16                              FDC      FDC        D         0
                text15                               20       20       CC         0
                text14                              69F      69F       32         0
                text13                              1B6      1B6       BC         0
                text12                              7DB      7DB       1B         0
                text11                              7F6      7F6        9         0
                text10                              3D1      3D1       69         0
                text9                               4FF      4FF       5B         0
                text8                               731      731       2F         0
                text7                               701      701       30         0
                text6                               6D1      6D1       30         0
                text5                               367      367       6A         0
                text4                               633      633       37         0
                text3                               FD1      FD1        B         0
                text2                               5FC      5FC       37         0
                text1                               5B3      5B3       49         0
                maintext                            7B4      7B4       27         0

        CLASS   STRCODE        

        CLASS   STRING         
                strings                             800      800       1A         0

        CLASS   CONST          

        CLASS   ENTRY          

        CLASS   COMMON         
                cstackCOMMON                         70       70        E         1

        CLASS   BANK0          
                cstackBANK0                          20       20       16         1
                bssBANK0                             36       36        5         1
                nvBANK0                              3B       3B        1         1

        CLASS   BANK1          

        CLASS   BANK2          

        CLASS   BANK3          

        CLASS   RAM            

        CLASS   ABS1           
                abs_s1                               7E       7E        2         1

        CLASS   SFR0           

        CLASS   SFR1           

        CLASS   SFR2           

        CLASS   SFR3           

        CLASS   CONFIG         
                config                             2007     2007        1         4

        CLASS   IDLOC          

        CLASS   EEDATA         



SEGMENTS        Name                           Load    Length   Top    Selector   Space  Class     Delta

                reset_vec                      000000  000003  000003         0       0  CODE        2
                intentry                       000004  0007FB  0007FF         8       0  CODE        2
                cstackBANK0                    000020  00001C  00003C        20       1  BANK0       1
                cstackCOMMON                   000070  00000E  00007E        70       1  COMMON      1
                strings                        000800  00001A  00081A      1000       0  STRING      2
                text18                         000FBD  000009  000FC6      1F7A       0  CODE        2
                text20                         000FC6  00000B  000FD1      1F8C       0  CODE        2
                text3                          000FD1  00000B  000FDC      1FA2       0  CODE        2
                text16                         000FDC  00000D  000FE9      1FB8       0  CODE        2
                text19                         000FE9  000017  001000      1FD2       0  CODE        2


UNUSED ADDRESS RANGES

        Name                Unused          Largest block    Delta
        BANK0            003C-006F             34           1
        BANK1            00A0-00EF             50           1
        BANK2            0110-016F             60           1
        BANK3            0190-01EF             60           1
        CODE             0003-0003              1           2
                         07FF-07FF              1
                         081A-0FBC            7A3
                         1000-1FFF            800
        CONST            0003-0003              1           2
                         07FF-07FF              1
                         081A-0FBC            100
                         1000-1FFF            100
        EEDATA           2100-21FF            100           2
        ENTRY            0003-0003              1           2
                         07FF-07FF              1
                         081A-0FBC            100
                         1000-1FFF            100
        IDLOC            2000-2003              4           2
        RAM              003C-006F             34           1
                         00A0-00EF             50
                         0110-016F             60
                         0190-01EF             60
        SFR0             0000-001F             20           1
        SFR1             0080-009F             20           1
        SFR2             0100-010F             10           1
        SFR3             0180-018F             10           1
        STACK            0110-016F             60           1
        STRCODE          0003-0003              1           2
                         07FF-07FF              1
                         081A-0FBC            7A3
                         1000-1FFF           1000
        STRING           0003-0003              1           2
                         07FF-07FF              1
                         081A-0FBC            100
                         1000-1FFF            100

                                  Symbol Table

?___awdiv                                     cstackBANK0  0025
?___awmod                                     cstackBANK0  0025
?i1___awdiv                                   cstackCOMMON 0070
?i1___awmod                                   cstackCOMMON 0070
DIO_GetPinValue@u8PinIdCopy                   cstackCOMMON 0070
DIO_GetPinValue@u8PortIdCopy                  cstackCOMMON 0073
DIO_GetPinValue@u8ResultLocal                 cstackCOMMON 0074
DIO_SetPinDirection@u8PinDirCopy              cstackBANK0  0026
DIO_SetPinDirection@u8PinIdCopy               cstackBANK0  0025
DIO_SetPinDirection@u8PortIdCopy              cstackBANK0  0029
DIO_SetPinValue@u8PinIdCopy                   cstackBANK0  0025
DIO_SetPinValue@u8PinValCopy                  cstackBANK0  0026
DIO_SetPinValue@u8PortIdCopy                  cstackBANK0  0029
DIO_SetPortDirection@u8PortDir                cstackBANK0  0025
DIO_SetPortDirection@u8PortId                 cstackBANK0  0028
DIO_SetPortValue@u8PortId                     cstackBANK0  0028
DIO_SetPortValue@u8PortVal                    cstackBANK0  0025
SetTemp_Mode@count                            cstackBANK0  0035
_Check_SetTempMode_Flag                       text16       0FDC
_DIO_GetPinValue                              text28       02F9
_DIO_SetPinDirection                          text15       0020
_DIO_SetPinValue                              text13       01B6
_DIO_SetPortDirection                         text2        05FC
_DIO_SetPortValue                             text8        0731
_EXT_INT_Init                                 text14       069F
_ISR                                          text17       0272
_OFF_Mode                                     text11       07F6
_ON_Mode                                      text20       0FC6
_ON_OFF_Flag                                  bssBANK0     0038
_ON_OFF_Status                                bssBANK0     003A
_SET_Mode_Status                              bssBANK0     0039
_SetTemp_Mode                                 text4        0633
_Set_Temp_Flag                                bssBANK0     0037
_SystemVars_Init                              text3        0FD1
_TempChange_Status                            bssBANK0     0036
__Habs1                                       abs1         0000
__Hbank0                                      bank0        0000
__Hbank1                                      bank1        0000
__Hbank2                                      bank2        0000
__Hbank3                                      bank3        0000
__HbssBANK0                                   bssBANK0     0000
__Hcinit                                      cinit        0020
__Hclrtext                                    clrtext      0000
__Hcode                                       code         0000
__Hcommon                                     common       0000
__Hconfig                                     config       2008
__HcstackBANK0                                cstackBANK0  0000
__HcstackCOMMON                               cstackCOMMON 0000
__Heeprom_data                                eeprom_data  0000
__Hend_init                                   end_init     0015
__Hfunctab                                    functab      0000
__Hinit                                       init         0012
__Hintentry                                   intentry     0012
__Hmaintext                                   maintext     0000
__HnvBANK0                                    nvBANK0      0000
__Hpowerup                                    powerup      0000
__Hram                                        ram          0000
__Hreset_vec                                  reset_vec    0003
__Hsfr0                                       sfr0         0000
__Hsfr1                                       sfr1         0000
__Hsfr2                                       sfr2         0000
__Hsfr3                                       sfr3         0000
__Hspace_0                                    (abs)        1000
__Hspace_1                                    (abs)        007E
__Hspace_2                                    (abs)        0000
__Hspace_3                                    (abs)        0000
__Hspace_4                                    (abs)        400F
__Hstack                                      stack        0000
__Hstrings                                    strings      0000
__Htext                                       text         0000
__Labs1                                       abs1         0000
__Lbank0                                      bank0        0000
__Lbank1                                      bank1        0000
__Lbank2                                      bank2        0000
__Lbank3                                      bank3        0000
__LbssBANK0                                   bssBANK0     0000
__Lcinit                                      cinit        0015
__Lclrtext                                    clrtext      0000
__Lcode                                       code         0000
__Lcommon                                     common       0000
__Lconfig                                     config       0000
__LcstackBANK0                                cstackBANK0  0000
__LcstackCOMMON                               cstackCOMMON 0000
__Leeprom_data                                eeprom_data  0000
__Lend_init                                   end_init     0012
__Lfunctab                                    functab      0000
__Linit                                       init         0012
__Lintentry                                   intentry     0004
__Lmaintext                                   maintext     0000
__LnvBANK0                                    nvBANK0      0000
__Lpowerup                                    powerup      0000
__Lram                                        ram          0000
__Lreset_vec                                  reset_vec    0000
__Lsfr0                                       sfr0         0000
__Lsfr1                                       sfr1         0000
__Lsfr2                                       sfr2         0000
__Lsfr3                                       sfr3         0000
__Lspace_0                                    (abs)        0000
__Lspace_1                                    (abs)        0000
__Lspace_2                                    (abs)        0000
__Lspace_3                                    (abs)        0000
__Lspace_4                                    (abs)        0000
__Lstack                                      stack        0000
__Lstrings                                    strings      0000
__Ltext                                       text         0000
__S0                                          (abs)        1000
__S1                                          (abs)        007E
__S2                                          (abs)        0000
__S3                                          (abs)        0000
___awdiv                                      text10       03D1
___awdiv@counter                              cstackBANK0  0029
___awdiv@dividend                             cstackBANK0  0027
___awdiv@divisor                              cstackBANK0  0025
___awdiv@quotient                             cstackBANK0  002B
___awdiv@sign                                 cstackBANK0  002A
___awmod                                      text9        04FF
___awmod@counter                              cstackBANK0  0029
___awmod@dividend                             cstackBANK0  0027
___awmod@divisor                              cstackBANK0  0025
___awmod@sign                                 cstackBANK0  002A
___int_sp                                     stack        0000
___latbits                                    (abs)        0002
___sp                                         stack        0000
___stackhi                                    (abs)        0000
___stacklo                                    (abs)        0000
__end_of_Check_SetTempMode_Flag               text16       0FE9
__end_of_DIO_GetPinValue                      text28       0367
__end_of_DIO_SetPinDirection                  text15       00EC
__end_of_DIO_SetPinValue                      text13       0272
__end_of_DIO_SetPortDirection                 text2        0633
__end_of_DIO_SetPortValue                     text8        0760
__end_of_EXT_INT_Init                         text14       06D1
__end_of_ISR                                  text17       02F9
__end_of_OFF_Mode                             text11       07FF
__end_of_ON_Mode                              text20       0FD1
__end_of_SetTemp_Mode                         text4        066A
__end_of_SystemVars_Init                      text3        0FDC
__end_of___awdiv                              text10       043A
__end_of___awmod                              text9        055A
__end_of__initialization                      cinit        001C
__end_of__stringtab                           strings      0806
__end_of_main                                 maintext     07DB
__end_of_u8_Left_7Segment                     strings      081A
__end_of_u8_Right_7Segment                    strings      0810
__end_of_vid_7_Segment_DeInit                 text12       07F6
__end_of_vid_7_Segment_Display_2Digits        text5        03D1
__end_of_vid_7_Segment_Init                   text1        05FC
__end_of_vid_Left_7_Segment_DisplayNumber     text7        0731
__end_of_vid_Right_7_Segment_DisplayNumber    text6        0701
__end_ofi1_DIO_SetPinValue                    text25       01B6
__end_ofi1_DIO_SetPortValue                   text24       069F
__end_ofi1_OFF_Mode                           text18       0FC6
__end_ofi1___awdiv                            text27       04A1
__end_ofi1___awmod                            text26       05B3
__end_ofi1_vid_7_Segment_DeInit               text19       1000
__end_ofi1_vid_7_Segment_Display_2Digits      text21       04FF
__end_ofi1_vid_Left_7_Segment_DisplayNumber   text23       07B4
__end_ofi1_vid_Right_7_Segment_DisplayNumber  text22       078A
__initialization                              cinit        0015
__pbssBANK0                                   bssBANK0     0036
__pcstackBANK0                                cstackBANK0  0020
__pcstackCOMMON                               cstackCOMMON 0070
__pintentry                                   intentry     0004
__pmaintext                                   maintext     07B4
__pnvBANK0                                    nvBANK0      003B
__pstrings                                    strings      0800
__ptext1                                      text1        05B3
__ptext10                                     text10       03D1
__ptext11                                     text11       07F6
__ptext12                                     text12       07DB
__ptext13                                     text13       01B6
__ptext14                                     text14       069F
__ptext15                                     text15       0020
__ptext16                                     text16       0FDC
__ptext17                                     text17       0272
__ptext18                                     text18       0FBD
__ptext19                                     text19       0FE9
__ptext2                                      text2        05FC
__ptext20                                     text20       0FC6
__ptext21                                     text21       04A1
__ptext22                                     text22       0760
__ptext23                                     text23       078A
__ptext24                                     text24       066A
__ptext25                                     text25       00EC
__ptext26                                     text26       055A
__ptext27                                     text27       043A
__ptext28                                     text28       02F9
__ptext3                                      text3        0FD1
__ptext4                                      text4        0633
__ptext5                                      text5        0367
__ptext6                                      text6        06D1
__ptext7                                      text7        0701
__ptext8                                      text8        0731
__ptext9                                      text9        04FF
__size_of_Check_SetTempMode_Flag              (abs)        0000
__size_of_DIO_GetPinValue                     (abs)        0000
__size_of_DIO_SetPinDirection                 (abs)        0000
__size_of_DIO_SetPinValue                     (abs)        0000
__size_of_DIO_SetPortDirection                (abs)        0000
__size_of_DIO_SetPortValue                    (abs)        0000
__size_of_EXT_INT_Init                        (abs)        0000
__size_of_ISR                                 (abs)        0000
__size_of_OFF_Mode                            (abs)        0000
__size_of_ON_Mode                             (abs)        0000
__size_of_SetTemp_Mode                        (abs)        0000
__size_of_SystemVars_Init                     (abs)        0000
__size_of___awdiv                             (abs)        0000
__size_of___awmod                             (abs)        0000
__size_of_main                                (abs)        0000
__size_of_vid_7_Segment_DeInit                (abs)        0000
__size_of_vid_7_Segment_Display_2Digits       (abs)        0000
__size_of_vid_7_Segment_Init                  (abs)        0000
__size_of_vid_Left_7_Segment_DisplayNumber    (abs)        0000
__size_of_vid_Right_7_Segment_DisplayNumber   (abs)        0000
__size_ofi1_DIO_SetPinValue                   (abs)        0000
__size_ofi1_DIO_SetPortValue                  (abs)        0000
__size_ofi1_OFF_Mode                          (abs)        0000
__size_ofi1___awdiv                           (abs)        0000
__size_ofi1___awmod                           (abs)        0000
__size_ofi1_vid_7_Segment_DeInit              (abs)        0000
__size_ofi1_vid_7_Segment_Display_2Digits     (abs)        0000
__size_ofi1_vid_Left_7_Segment_DisplayNumber  (abs)        0000
__size_ofi1_vid_Right_7_Segment_DisplayNumber (abs)        0000
__stringbase                                  strings      0805
__stringtab                                   strings      0800
_main                                         maintext     07B4
_u8_Left_7Segment                             strings      0810
_u8_Right_7Segment                            strings      0806
_u8_Temp                                      nvBANK0      003B
_vid_7_Segment_DeInit                         text12       07DB
_vid_7_Segment_Display_2Digits                text5        0367
_vid_7_Segment_Init                           text1        05B3
_vid_Left_7_Segment_DisplayNumber             text7        0701
_vid_Right_7_Segment_DisplayNumber            text6        06D1
btemp                                         (abs)        007E
end_of_initialization                         cinit        001C
i1DIO_SetPinValue@u8PinIdCopy                 cstackCOMMON 0070
i1DIO_SetPinValue@u8PinValCopy                cstackCOMMON 0071
i1DIO_SetPinValue@u8PortIdCopy                cstackCOMMON 0074
i1DIO_SetPortValue@u8PortId                   cstackCOMMON 0073
i1DIO_SetPortValue@u8PortVal                  cstackCOMMON 0070
i1_DIO_SetPinValue                            text25       00EC
i1_DIO_SetPortValue                           text24       066A
i1_OFF_Mode                                   text18       0FBD
i1___awdiv                                    text27       043A
i1___awdiv@counter                            cstackCOMMON 0074
i1___awdiv@dividend                           cstackCOMMON 0072
i1___awdiv@divisor                            cstackCOMMON 0070
i1___awdiv@quotient                           cstackCOMMON 0076
i1___awdiv@sign                               cstackCOMMON 0075
i1___awmod                                    text26       055A
i1___awmod@counter                            cstackCOMMON 0074
i1___awmod@dividend                           cstackCOMMON 0072
i1___awmod@divisor                            cstackCOMMON 0070
i1___awmod@sign                               cstackCOMMON 0075
i1_vid_7_Segment_DeInit                       text19       0FE9
i1_vid_7_Segment_Display_2Digits              text21       04A1
i1_vid_Left_7_Segment_DisplayNumber           text23       078A
i1_vid_Right_7_Segment_DisplayNumber          text22       0760
i1vid_7_Segment_Display_2Digits@Ones          cstackCOMMON 007A
i1vid_7_Segment_Display_2Digits@Stability     cstackCOMMON 007D
i1vid_7_Segment_Display_2Digits@Tens          cstackCOMMON 007B
i1vid_7_Segment_Display_2Digits@u8_Num        cstackCOMMON 007C
i1vid_Left_7_Segment_DisplayNumber@u8_Number  cstackCOMMON 0075
i1vid_Right_7_Segment_DisplayNumber@u8_Number cstackCOMMON 0075
interrupt_function                            intentry     0004
intlevel0                                     functab      0000
intlevel1                                     functab      0000
intlevel2                                     functab      0000
intlevel3                                     functab      0000
intlevel4                                     functab      0000
intlevel5                                     functab      0000
reset_vec                                     reset_vec    0000
saved_w                                       (abs)        007E
start                                         init         0012
start_initialization                          cinit        0015
vid_7_Segment_Display_2Digits@Ones            cstackBANK0  002F
vid_7_Segment_Display_2Digits@Stability       cstackBANK0  0032
vid_7_Segment_Display_2Digits@Tens            cstackBANK0  0030
vid_7_Segment_Display_2Digits@u8_Num          cstackBANK0  0031
vid_Left_7_Segment_DisplayNumber@u8_Number    cstackBANK0  002A
vid_Right_7_Segment_DisplayNumber@u8_Number   cstackBANK0  002A
wtemp0                                        (abs)        007E


FUNCTION INFORMATION:

 *************** function _main *****************
 Defined at:
		line 32 in file "main.c"
 Parameters:    Size  Location     Type
		None
 Auto vars:     Size  Location     Type
		None
 Return value:  Size  Location     Type
                  1    wreg      void 
 Registers used:
		wreg, fsr0l, fsr0h, status,2, status,0, btemp+1, pclath, cstack
 Tracked objects:
		On entry : 
		On exit  : 
		Unchanged: 
 Data sizes:     COMMON   BANK0   BANK1   BANK3   BANK2
      Params:         0       0       0       0       0
      Locals:         0       0       0       0       0
      Temps:          0       0       0       0       0
      Totals:         0       0       0       0       0
Total ram usage:        0 bytes
 Hardware stack levels required when called:    9
 This function calls:
		_Check_SetTempMode_Flag
		_EXT_INT_Init
		_OFF_Mode
		_SetTemp_Mode
		_SystemVars_Init
		_vid_7_Segment_Init
 This function is called by:
		Startup code after reset
 This function uses a non-reentrant model


 *************** function _vid_7_Segment_Init *****************
 Defined at:
		line 24 in file "7_Segment_prog.c"
 Parameters:    Size  Location     Type
		None
 Auto vars:     Size  Location     Type
		None
 Return value:  Size  Location     Type
                  1    wreg      void 
 Registers used:
		wreg, fsr0l, fsr0h, status,2, status,0, btemp+1, pclath, cstack
 Tracked objects:
		On entry : 
		On exit  : 
		Unchanged: 
 Data sizes:     COMMON   BANK0   BANK1   BANK3   BANK2
      Params:         0       0       0       0       0
      Locals:         0       0       0       0       0
      Temps:          0       0       0       0       0
      Totals:         0       0       0       0       0
Total ram usage:        0 bytes
 Hardware stack levels used:    1
 Hardware stack levels required when called:    6
 This function calls:
		_DIO_SetPinDirection
		_DIO_SetPinValue
		_DIO_SetPortDirection
		_DIO_SetPortValue
 This function is called by:
		_main
 This function uses a non-reentrant model


 *************** function _DIO_SetPortDirection *****************
 Defined at:
		line 133 in file "DIO_Prog.c"
 Parameters:    Size  Location     Type
  u8PortId        1    wreg     unsigned char 
  u8PortDir       1    5[BANK0 ] unsigned char 
 Auto vars:     Size  Location     Type
  u8PortId        1    8[BANK0 ] unsigned char 
 Return value:  Size  Location     Type
                  1    wreg      void 
 Registers used:
		wreg, fsr0l, fsr0h, status,2, status,0, btemp+1
 Tracked objects:
		On entry : 
		On exit  : 
		Unchanged: 
 Data sizes:     COMMON   BANK0   BANK1   BANK3   BANK2
      Params:         0       1       0       0       0
      Locals:         0       1       0       0       0
      Temps:          0       2       0       0       0
      Totals:         0       4       0       0       0
Total ram usage:        4 bytes
 Hardware stack levels used:    1
 Hardware stack levels required when called:    5
 This function calls:
		Nothing
 This function is called by:
		_vid_7_Segment_Init
 This function uses a non-reentrant model


 *************** function _SystemVars_Init *****************
 Defined at:
		line 35 in file "APP_Program.c"
 Parameters:    Size  Location     Type
		None
 Auto vars:     Size  Location     Type
		None
 Return value:  Size  Location     Type
                  1    wreg      void 
 Registers used:
		wreg, status,2, btemp+1
 Tracked objects:
		On entry : 
		On exit  : 
		Unchanged: 
 Data sizes:     COMMON   BANK0   BANK1   BANK3   BANK2
      Params:         0       0       0       0       0
      Locals:         0       0       0       0       0
      Temps:          0       0       0       0       0
      Totals:         0       0       0       0       0
Total ram usage:        0 bytes
 Hardware stack levels used:    1
 Hardware stack levels required when called:    5
 This function calls:
		Nothing
 This function is called by:
		_main
 This function uses a non-reentrant model


 *************** function _SetTemp_Mode *****************
 Defined at:
		line 68 in file "APP_Program.c"
 Parameters:    Size  Location     Type
		None
 Auto vars:     Size  Location     Type
  count           1   21[BANK0 ] unsigned char 
 Return value:  Size  Location     Type
                  1    wreg      void 
 Registers used:
		wreg, fsr0l, fsr0h, status,2, status,0, btemp+1, pclath, cstack
 Tracked objects:
		On entry : 
		On exit  : 
		Unchanged: 
 Data sizes:     COMMON   BANK0   BANK1   BANK3   BANK2
      Params:         0       0       0       0       0
      Locals:         0       1       0       0       0
      Temps:          0       2       0       0       0
      Totals:         0       3       0       0       0
Total ram usage:        3 bytes
 Hardware stack levels used:    1
 Hardware stack levels required when called:    8
 This function calls:
		_vid_7_Segment_DeInit
		_vid_7_Segment_Display_2Digits
 This function is called by:
		_main
 This function uses a non-reentrant model


 *************** function _vid_7_Segment_Display_2Digits *****************
 Defined at:
		line 71 in file "7_Segment_prog.c"
 Parameters:    Size  Location     Type
  u8_Num          1    wreg     unsigned char 
 Auto vars:     Size  Location     Type
  u8_Num          1   17[BANK0 ] unsigned char 
  Stability       1   18[BANK0 ] unsigned char 
  Tens            1   16[BANK0 ] unsigned char 
  Ones            1   15[BANK0 ] unsigned char 
 Return value:  Size  Location     Type
                  1    wreg      void 
 Registers used:
		wreg, fsr0l, fsr0h, status,2, status,0, btemp+1, pclath, cstack
 Tracked objects:
		On entry : 
		On exit  : 
		Unchanged: 
 Data sizes:     COMMON   BANK0   BANK1   BANK3   BANK2
      Params:         0       0       0       0       0
      Locals:         0       4       0       0       0
      Temps:          0       2       0       0       0
      Totals:         0       6       0       0       0
Total ram usage:        6 bytes
 Hardware stack levels used:    1
 Hardware stack levels required when called:    7
 This function calls:
		_DIO_SetPinValue
		___awdiv
		___awmod
		_vid_Left_7_Segment_DisplayNumber
		_vid_Right_7_Segment_DisplayNumber
 This function is called by:
		_SetTemp_Mode
 This function uses a non-reentrant model


 *************** function _vid_Right_7_Segment_DisplayNumber *****************
 Defined at:
		line 61 in file "7_Segment_prog.c"
 Parameters:    Size  Location     Type
  u8_Number       1    wreg     unsigned char 
 Auto vars:     Size  Location     Type
  u8_Number       1   10[BANK0 ] unsigned char 
 Return value:  Size  Location     Type
                  1    wreg      void 
 Registers used:
		wreg, fsr0l, fsr0h, status,2, status,0, btemp+1, pclath, cstack
 Tracked objects:
		On entry : 
		On exit  : 
		Unchanged: 
 Data sizes:     COMMON   BANK0   BANK1   BANK3   BANK2
      Params:         0       0       0       0       0
      Locals:         0       1       0       0       0
      Temps:          0       0       0       0       0
      Totals:         0       1       0       0       0
Total ram usage:        1 bytes
 Hardware stack levels used:    1
 Hardware stack levels required when called:    6
 This function calls:
		_DIO_SetPinValue
		_DIO_SetPortValue
 This function is called by:
		_vid_7_Segment_Display_2Digits
 This function uses a non-reentrant model


 *************** function _vid_Left_7_Segment_DisplayNumber *****************
 Defined at:
		line 49 in file "7_Segment_prog.c"
 Parameters:    Size  Location     Type
  u8_Number       1    wreg     unsigned char 
 Auto vars:     Size  Location     Type
  u8_Number       1   10[BANK0 ] unsigned char 
 Return value:  Size  Location     Type
                  1    wreg      void 
 Registers used:
		wreg, fsr0l, fsr0h, status,2, status,0, btemp+1, pclath, cstack
 Tracked objects:
		On entry : 
		On exit  : 
		Unchanged: 
 Data sizes:     COMMON   BANK0   BANK1   BANK3   BANK2
      Params:         0       0       0       0       0
      Locals:         0       1       0       0       0
      Temps:          0       0       0       0       0
      Totals:         0       1       0       0       0
Total ram usage:        1 bytes
 Hardware stack levels used:    1
 Hardware stack levels required when called:    6
 This function calls:
		_DIO_SetPinValue
		_DIO_SetPortValue
 This function is called by:
		_vid_7_Segment_Display_2Digits
 This function uses a non-reentrant model


 *************** function _DIO_SetPortValue *****************
 Defined at:
		line 148 in file "DIO_Prog.c"
 Parameters:    Size  Location     Type
  u8PortId        1    wreg     unsigned char 
  u8PortVal       1    5[BANK0 ] unsigned char 
 Auto vars:     Size  Location     Type
  u8PortId        1    8[BANK0 ] unsigned char 
 Return value:  Size  Location     Type
                  1    wreg      void 
 Registers used:
		wreg, fsr0l, fsr0h, status,2, status,0, btemp+1
 Tracked objects:
		On entry : 
		On exit  : 
		Unchanged: 
 Data sizes:     COMMON   BANK0   BANK1   BANK3   BANK2
      Params:         0       1       0       0       0
      Locals:         0       1       0       0       0
      Temps:          0       2       0       0       0
      Totals:         0       4       0       0       0
Total ram usage:        4 bytes
 Hardware stack levels used:    1
 Hardware stack levels required when called:    5
 This function calls:
		Nothing
 This function is called by:
		_vid_7_Segment_Init
		_vid_Left_7_Segment_DisplayNumber
		_vid_Right_7_Segment_DisplayNumber
 This function uses a non-reentrant model


 *************** function ___awmod *****************
 Defined at:
		line 5 in file "C:\Program Files\Microchip\xc8\v2.20\pic\sources\c90\common\awmod.c"
 Parameters:    Size  Location     Type
  divisor         2    5[BANK0 ] int 
  dividend        2    7[BANK0 ] int 
 Auto vars:     Size  Location     Type
  sign            1   10[BANK0 ] unsigned char 
  counter         1    9[BANK0 ] unsigned char 
 Return value:  Size  Location     Type
                  2    5[BANK0 ] int 
 Registers used:
		wreg, status,2, status,0, btemp+1
 Tracked objects:
		On entry : 
		On exit  : 
		Unchanged: 
 Data sizes:     COMMON   BANK0   BANK1   BANK3   BANK2
      Params:         0       4       0       0       0
      Locals:         0       2       0       0       0
      Temps:          0       0       0       0       0
      Totals:         0       6       0       0       0
Total ram usage:        6 bytes
 Hardware stack levels used:    1
 Hardware stack levels required when called:    5
 This function calls:
		Nothing
 This function is called by:
		_vid_7_Segment_Display_2Digits
 This function uses a non-reentrant model


 *************** function ___awdiv *****************
 Defined at:
		line 5 in file "C:\Program Files\Microchip\xc8\v2.20\pic\sources\c90\common\awdiv.c"
 Parameters:    Size  Location     Type
  divisor         2    5[BANK0 ] int 
  dividend        2    7[BANK0 ] int 
 Auto vars:     Size  Location     Type
  quotient        2   11[BANK0 ] int 
  sign            1   10[BANK0 ] unsigned char 
  counter         1    9[BANK0 ] unsigned char 
 Return value:  Size  Location     Type
                  2    5[BANK0 ] int 
 Registers used:
		wreg, status,2, status,0, btemp+1
 Tracked objects:
		On entry : 
		On exit  : 
		Unchanged: 
 Data sizes:     COMMON   BANK0   BANK1   BANK3   BANK2
      Params:         0       4       0       0       0
      Locals:         0       4       0       0       0
      Temps:          0       0       0       0       0
      Totals:         0       8       0       0       0
Total ram usage:        8 bytes
 Hardware stack levels used:    1
 Hardware stack levels required when called:    5
 This function calls:
		Nothing
 This function is called by:
		_vid_7_Segment_Display_2Digits
 This function uses a non-reentrant model


 *************** function _OFF_Mode *****************
 Defined at:
		line 57 in file "APP_Program.c"
 Parameters:    Size  Location     Type
		None
 Auto vars:     Size  Location     Type
		None
 Return value:  Size  Location     Type
                  1    wreg      void 
 Registers used:
		wreg, fsr0l, fsr0h, status,2, status,0, btemp+1, pclath, cstack
 Tracked objects:
		On entry : 
		On exit  : 
		Unchanged: 
 Data sizes:     COMMON   BANK0   BANK1   BANK3   BANK2
      Params:         0       0       0       0       0
      Locals:         0       0       0       0       0
      Temps:          0       0       0       0       0
      Totals:         0       0       0       0       0
Total ram usage:        0 bytes
 Hardware stack levels used:    1
 Hardware stack levels required when called:    7
 This function calls:
		_vid_7_Segment_DeInit
 This function is called by:
		_main
 This function uses a non-reentrant model


 *************** function _vid_7_Segment_DeInit *****************
 Defined at:
		line 41 in file "7_Segment_prog.c"
 Parameters:    Size  Location     Type
		None
 Auto vars:     Size  Location     Type
		None
 Return value:  Size  Location     Type
                  1    wreg      void 
 Registers used:
		wreg, fsr0l, fsr0h, status,2, status,0, btemp+1, pclath, cstack
 Tracked objects:
		On entry : 
		On exit  : 
		Unchanged: 
 Data sizes:     COMMON   BANK0   BANK1   BANK3   BANK2
      Params:         0       0       0       0       0
      Locals:         0       0       0       0       0
      Temps:          0       0       0       0       0
      Totals:         0       0       0       0       0
Total ram usage:        0 bytes
 Hardware stack levels used:    1
 Hardware stack levels required when called:    6
 This function calls:
		_DIO_SetPinValue
 This function is called by:
		_OFF_Mode
		_SetTemp_Mode
 This function uses a non-reentrant model


 *************** function _DIO_SetPinValue *****************
 Defined at:
		line 61 in file "DIO_Prog.c"
 Parameters:    Size  Location     Type
  u8PortIdCopy    1    wreg     unsigned char 
  u8PinIdCopy     1    5[BANK0 ] unsigned char 
  u8PinValCopy    1    6[BANK0 ] unsigned char 
 Auto vars:     Size  Location     Type
  u8PortIdCopy    1    9[BANK0 ] unsigned char 
 Return value:  Size  Location     Type
                  1    wreg      void 
 Registers used:
		wreg, fsr0l, fsr0h, status,2, status,0, btemp+1
 Tracked objects:
		On entry : 
		On exit  : 
		Unchanged: 
 Data sizes:     COMMON   BANK0   BANK1   BANK3   BANK2
      Params:         0       2       0       0       0
      Locals:         0       1       0       0       0
      Temps:          0       2       0       0       0
      Totals:         0       5       0       0       0
Total ram usage:        5 bytes
 Hardware stack levels used:    1
 Hardware stack levels required when called:    5
 This function calls:
		Nothing
 This function is called by:
		_vid_7_Segment_Init
		_vid_7_Segment_DeInit
		_vid_Left_7_Segment_DisplayNumber
		_vid_Right_7_Segment_DisplayNumber
		_vid_7_Segment_Display_2Digits
 This function uses a non-reentrant model


 *************** function _EXT_INT_Init *****************
 Defined at:
		line 34 in file "EXT_INT_Prog.c"
 Parameters:    Size  Location     Type
		None
 Auto vars:     Size  Location     Type
		None
 Return value:  Size  Location     Type
                  1    wreg      void 
 Registers used:
		wreg, fsr0l, fsr0h, status,2, status,0, btemp+1, pclath, cstack
 Tracked objects:
		On entry : 
		On exit  : 
		Unchanged: 
 Data sizes:     COMMON   BANK0   BANK1   BANK3   BANK2
      Params:         0       0       0       0       0
      Locals:         0       0       0       0       0
      Temps:          0       0       0       0       0
      Totals:         0       0       0       0       0
Total ram usage:        0 bytes
 Hardware stack levels used:    1
 Hardware stack levels required when called:    6
 This function calls:
		_DIO_SetPinDirection
 This function is called by:
		_main
 This function uses a non-reentrant model


 *************** function _DIO_SetPinDirection *****************
 Defined at:
		line 17 in file "DIO_Prog.c"
 Parameters:    Size  Location     Type
  u8PortIdCopy    1    wreg     unsigned char 
  u8PinIdCopy     1    5[BANK0 ] unsigned char 
  u8PinDirCopy    1    6[BANK0 ] unsigned char 
 Auto vars:     Size  Location     Type
  u8PortIdCopy    1    9[BANK0 ] unsigned char 
 Return value:  Size  Location     Type
                  1    wreg      void 
 Registers used:
		wreg, fsr0l, fsr0h, status,2, status,0, btemp+1
 Tracked objects:
		On entry : 
		On exit  : 
		Unchanged: 
 Data sizes:     COMMON   BANK0   BANK1   BANK3   BANK2
      Params:         0       2       0       0       0
      Locals:         0       1       0       0       0
      Temps:          0       2       0       0       0
      Totals:         0       5       0       0       0
Total ram usage:        5 bytes
 Hardware stack levels used:    1
 Hardware stack levels required when called:    5
 This function calls:
		Nothing
 This function is called by:
		_EXT_INT_Init
		_vid_7_Segment_Init
 This function uses a non-reentrant model


 *************** function _Check_SetTempMode_Flag *****************
 Defined at:
		line 132 in file "APP_Program.c"
 Parameters:    Size  Location     Type
		None
 Auto vars:     Size  Location     Type
		None
 Return value:  Size  Location     Type
                  1    wreg      unsigned char 
 Registers used:
		wreg, status,2, status,0
 Tracked objects:
		On entry : 
		On exit  : 
		Unchanged: 
 Data sizes:     COMMON   BANK0   BANK1   BANK3   BANK2
      Params:         0       0       0       0       0
      Locals:         0       0       0       0       0
      Temps:          0       0       0       0       0
      Totals:         0       0       0       0       0
Total ram usage:        0 bytes
 Hardware stack levels used:    1
 Hardware stack levels required when called:    5
 This function calls:
		Nothing
 This function is called by:
		_main
 This function uses a non-reentrant model


 *************** function _ISR *****************
 Defined at:
		line 50 in file "EXT_INT_Prog.c"
 Parameters:    Size  Location     Type
		None
 Auto vars:     Size  Location     Type
		None
 Return value:  Size  Location     Type
                  1    wreg      void 
 Registers used:
		wreg, fsr0l, fsr0h, status,2, status,0, btemp+1, pclath, cstack
 Tracked objects:
		On entry : 
		On exit  : 
		Unchanged: 
 Data sizes:     COMMON   BANK0   BANK1   BANK3   BANK2
      Params:         0       0       0       0       0
      Locals:         0       0       0       0       0
      Temps:          0       5       0       0       0
      Totals:         0       5       0       0       0
Total ram usage:        5 bytes
 Hardware stack levels used:    1
 Hardware stack levels required when called:    4
 This function calls:
		_DIO_GetPinValue
		_ON_Mode
		i1_OFF_Mode
 This function is called by:
		Interrupt level 1
 This function uses a non-reentrant model


 *************** function i1_OFF_Mode *****************
 Defined at:
		line 57 in file "APP_Program.c"
 Parameters:    Size  Location     Type
		None
 Auto vars:     Size  Location     Type
		None
 Return value:  Size  Location     Type
                  1    wreg      void 
 Registers used:
		wreg, fsr0l, fsr0h, status,2, status,0, btemp+1, pclath, cstack
 Tracked objects:
		On entry : 
		On exit  : 
		Unchanged: 
 Data sizes:     COMMON   BANK0   BANK1   BANK3   BANK2
      Params:         0       0       0       0       0
      Locals:         0       0       0       0       0
      Temps:          0       0       0       0       0
      Totals:         0       0       0       0       0
Total ram usage:        0 bytes
 Hardware stack levels used:    1
 Hardware stack levels required when called:    2
 This function calls:
		i1_vid_7_Segment_DeInit
 This function is called by:
		_ISR
 This function uses a non-reentrant model


 *************** function i1_vid_7_Segment_DeInit *****************
 Defined at:
		line 41 in file "7_Segment_prog.c"
 Parameters:    Size  Location     Type
		None
 Auto vars:     Size  Location     Type
		None
 Return value:  Size  Location     Type
                  1    wreg      void 
 Registers used:
		wreg, fsr0l, fsr0h, status,2, status,0, btemp+1, pclath, cstack
 Tracked objects:
		On entry : 
		On exit  : 
		Unchanged: 
 Data sizes:     COMMON   BANK0   BANK1   BANK3   BANK2
      Params:         0       0       0       0       0
      Locals:         0       0       0       0       0
      Temps:          0       0       0       0       0
      Totals:         0       0       0       0       0
Total ram usage:        0 bytes
 Hardware stack levels used:    1
 Hardware stack levels required when called:    1
 This function calls:
		i1_DIO_SetPinValue
 This function is called by:
		i1_OFF_Mode
 This function uses a non-reentrant model


 *************** function _ON_Mode *****************
 Defined at:
		line 46 in file "APP_Program.c"
 Parameters:    Size  Location     Type
		None
 Auto vars:     Size  Location     Type
		None
 Return value:  Size  Location     Type
                  1    wreg      void 
 Registers used:
		wreg, fsr0l, fsr0h, status,2, status,0, btemp+1, pclath, cstack
 Tracked objects:
		On entry : 
		On exit  : 
		Unchanged: 
 Data sizes:     COMMON   BANK0   BANK1   BANK3   BANK2
      Params:         0       0       0       0       0
      Locals:         0       0       0       0       0
      Temps:          0       0       0       0       0
      Totals:         0       0       0       0       0
Total ram usage:        0 bytes
 Hardware stack levels used:    1
 Hardware stack levels required when called:    3
 This function calls:
		i1_vid_7_Segment_Display_2Digits
 This function is called by:
		_ISR
 This function uses a non-reentrant model


 *************** function i1_vid_7_Segment_Display_2Digits *****************
 Defined at:
		line 71 in file "7_Segment_prog.c"
 Parameters:    Size  Location     Type
  u8_Num          1    wreg     unsigned char 
 Auto vars:     Size  Location     Type
  u8_Num          1   12[COMMON] unsigned char 
  Stability       1   13[COMMON] unsigned char 
  Tens            1   11[COMMON] unsigned char 
  Ones            1   10[COMMON] unsigned char 
 Return value:  Size  Location     Type
                  1    wreg      void 
 Registers used:
		wreg, fsr0l, fsr0h, status,2, status,0, btemp+1, pclath, cstack
 Tracked objects:
		On entry : 
		On exit  : 
		Unchanged: 
 Data sizes:     COMMON   BANK0   BANK1   BANK3   BANK2
      Params:         0       0       0       0       0
      Locals:         4       0       0       0       0
      Temps:          2       0       0       0       0
      Totals:         6       0       0       0       0
Total ram usage:        6 bytes
 Hardware stack levels used:    1
 Hardware stack levels required when called:    2
 This function calls:
		i1_DIO_SetPinValue
		i1___awdiv
		i1___awmod
		i1_vid_Left_7_Segment_DisplayNumber
		i1_vid_Right_7_Segment_DisplayNumber
 This function is called by:
		_ON_Mode
 This function uses a non-reentrant model


 *************** function i1_vid_Right_7_Segment_DisplayNumber *****************
 Defined at:
		line 61 in file "7_Segment_prog.c"
 Parameters:    Size  Location     Type
  u8_Number       1    wreg     unsigned char 
 Auto vars:     Size  Location     Type
  u8_Number       1    5[COMMON] unsigned char 
 Return value:  Size  Location     Type
                  1    wreg      void 
 Registers used:
		wreg, fsr0l, fsr0h, status,2, status,0, btemp+1, pclath, cstack
 Tracked objects:
		On entry : 
		On exit  : 
		Unchanged: 
 Data sizes:     COMMON   BANK0   BANK1   BANK3   BANK2
      Params:         0       0       0       0       0
      Locals:         1       0       0       0       0
      Temps:          0       0       0       0       0
      Totals:         1       0       0       0       0
Total ram usage:        1 bytes
 Hardware stack levels used:    1
 Hardware stack levels required when called:    1
 This function calls:
		i1_DIO_SetPinValue
		i1_DIO_SetPortValue
 This function is called by:
		i1_vid_7_Segment_Display_2Digits
 This function uses a non-reentrant model


 *************** function i1_vid_Left_7_Segment_DisplayNumber *****************
 Defined at:
		line 49 in file "7_Segment_prog.c"
 Parameters:    Size  Location     Type
  u8_Number       1    wreg     unsigned char 
 Auto vars:     Size  Location     Type
  u8_Number       1    5[COMMON] unsigned char 
 Return value:  Size  Location     Type
                  1    wreg      void 
 Registers used:
		wreg, fsr0l, fsr0h, status,2, status,0, btemp+1, pclath, cstack
 Tracked objects:
		On entry : 
		On exit  : 
		Unchanged: 
 Data sizes:     COMMON   BANK0   BANK1   BANK3   BANK2
      Params:         0       0       0       0       0
      Locals:         1       0       0       0       0
      Temps:          0       0       0       0       0
      Totals:         1       0       0       0       0
Total ram usage:        1 bytes
 Hardware stack levels used:    1
 Hardware stack levels required when called:    1
 This function calls:
		i1_DIO_SetPinValue
		i1_DIO_SetPortValue
 This function is called by:
		i1_vid_7_Segment_Display_2Digits
 This function uses a non-reentrant model


 *************** function i1_DIO_SetPortValue *****************
 Defined at:
		line 148 in file "DIO_Prog.c"
 Parameters:    Size  Location     Type
  u8PortId        1    wreg     unsigned char 
  u8PortVal       1    0[COMMON] unsigned char 
 Auto vars:     Size  Location     Type
  u8PortId        1    3[COMMON] unsigned char 
 Return value:  Size  Location     Type
                  1    wreg      void 
 Registers used:
		wreg, fsr0l, fsr0h, status,2, status,0, btemp+1
 Tracked objects:
		On entry : 
		On exit  : 
		Unchanged: 
 Data sizes:     COMMON   BANK0   BANK1   BANK3   BANK2
      Params:         1       0       0       0       0
      Locals:         1       0       0       0       0
      Temps:          2       0       0       0       0
      Totals:         4       0       0       0       0
Total ram usage:        4 bytes
 Hardware stack levels used:    1
 This function calls:
		Nothing
 This function is called by:
		i1_vid_Left_7_Segment_DisplayNumber
		i1_vid_Right_7_Segment_DisplayNumber
 This function uses a non-reentrant model


 *************** function i1_DIO_SetPinValue *****************
 Defined at:
		line 61 in file "DIO_Prog.c"
 Parameters:    Size  Location     Type
  u8PortIdCopy    1    wreg     unsigned char 
  u8PinIdCopy     1    0[COMMON] unsigned char 
  u8PinValCopy    1    1[COMMON] unsigned char 
 Auto vars:     Size  Location     Type
  u8PortIdCopy    1    4[COMMON] unsigned char 
 Return value:  Size  Location     Type
                  1    wreg      void 
 Registers used:
		wreg, fsr0l, fsr0h, status,2, status,0, btemp+1
 Tracked objects:
		On entry : 
		On exit  : 
		Unchanged: 
 Data sizes:     COMMON   BANK0   BANK1   BANK3   BANK2
      Params:         2       0       0       0       0
      Locals:         1       0       0       0       0
      Temps:          2       0       0       0       0
      Totals:         5       0       0       0       0
Total ram usage:        5 bytes
 Hardware stack levels used:    1
 This function calls:
		Nothing
 This function is called by:
		i1_vid_7_Segment_DeInit
		i1_vid_Left_7_Segment_DisplayNumber
		i1_vid_Right_7_Segment_DisplayNumber
		i1_vid_7_Segment_Display_2Digits
 This function uses a non-reentrant model


 *************** function i1___awmod *****************
 Defined at:
		line 5 in file "C:\Program Files\Microchip\xc8\v2.20\pic\sources\c90\common\awmod.c"
 Parameters:    Size  Location     Type
  divisor         2    0[COMMON] int 
  dividend        2    2[COMMON] int 
 Auto vars:     Size  Location     Type
  sign            1    5[COMMON] unsigned char 
  counter         1    4[COMMON] unsigned char 
 Return value:  Size  Location     Type
                  2    0[COMMON] int 
 Registers used:
		wreg, status,2, status,0, btemp+1
 Tracked objects:
		On entry : 
		On exit  : 
		Unchanged: 
 Data sizes:     COMMON   BANK0   BANK1   BANK3   BANK2
      Params:         4       0       0       0       0
      Locals:         2       0       0       0       0
      Temps:          0       0       0       0       0
      Totals:         6       0       0       0       0
Total ram usage:        6 bytes
 Hardware stack levels used:    1
 This function calls:
		Nothing
 This function is called by:
		i1_vid_7_Segment_Display_2Digits
 This function uses a non-reentrant model


 *************** function i1___awdiv *****************
 Defined at:
		line 5 in file "C:\Program Files\Microchip\xc8\v2.20\pic\sources\c90\common\awdiv.c"
 Parameters:    Size  Location     Type
  divisor         2    0[COMMON] int 
  dividend        2    2[COMMON] int 
 Auto vars:     Size  Location     Type
  quotient        2    6[COMMON] int 
  sign            1    5[COMMON] unsigned char 
  counter         1    4[COMMON] unsigned char 
 Return value:  Size  Location     Type
                  2    0[COMMON] int 
 Registers used:
		wreg, status,2, status,0, btemp+1
 Tracked objects:
		On entry : 
		On exit  : 
		Unchanged: 
 Data sizes:     COMMON   BANK0   BANK1   BANK3   BANK2
      Params:         4       0       0       0       0
      Locals:         4       0       0       0       0
      Temps:          0       0       0       0       0
      Totals:         8       0       0       0       0
Total ram usage:        8 bytes
 Hardware stack levels used:    1
 This function calls:
		Nothing
 This function is called by:
		i1_vid_7_Segment_Display_2Digits
 This function uses a non-reentrant model


 *************** function _DIO_GetPinValue *****************
 Defined at:
		line 105 in file "DIO_Prog.c"
 Parameters:    Size  Location     Type
  u8PortIdCopy    1    wreg     unsigned char 
  u8PinIdCopy     1    0[COMMON] unsigned char 
 Auto vars:     Size  Location     Type
  u8PortIdCopy    1    3[COMMON] unsigned char 
  u8ResultLoca    1    4[COMMON] unsigned char 
 Return value:  Size  Location     Type
                  1    wreg      unsigned char 
 Registers used:
		wreg, fsr0l, fsr0h, status,2, status,0, btemp+1
 Tracked objects:
		On entry : 
		On exit  : 
		Unchanged: 
 Data sizes:     COMMON   BANK0   BANK1   BANK3   BANK2
      Params:         1       0       0       0       0
      Locals:         2       0       0       0       0
      Temps:          2       0       0       0       0
      Totals:         5       0       0       0       0
Total ram usage:        5 bytes
 Hardware stack levels used:    1
 This function calls:
		Nothing
 This function is called by:
		_ISR
 This function uses a non-reentrant model



MODULE INFORMATION

Module		Function		Class		Link	Load	Size
APP_Program.c
		_SystemVars_Init		CODE           	0FD1	0000	12
		_ON_Mode       		CODE           	0FC6	0000	12
		_SetTemp_Mode  		CODE           	0633	0000	56
		_Check_SetTempMode_Flag		CODE           	0FDC	0000	14
		_OFF_Mode      		CODE           	07F6	0000	10

APP_Program.c estimated size: 104

DIO_Prog.c
		_DIO_SetPinDirection		CODE           	0020	0000	205
		_DIO_GetPinValue		CODE           	02F9	0000	111
		_DIO_SetPinValue		CODE           	01B6	0000	189
		_DIO_SetPortDirection		CODE           	05FC	0000	56
		_DIO_SetPortValue		CODE           	0731	0000	48

DIO_Prog.c estimated size: 609

EXT_INT_Prog.c
		_ISR           		CODE           	0272	0000	136
		_EXT_INT_Init  		CODE           	069F	0000	51

EXT_INT_Prog.c estimated size: 187

7_Segment_prog.c
		_vid_Right_7_Segment_DisplayNumber		CODE           	06D1	0000	49
		_vid_Left_7_Segment_DisplayNumber		CODE           	0701	0000	49
		_vid_7_Segment_DeInit		CODE           	07DB	0000	28
		_vid_7_Segment_Init		CODE           	05B3	0000	74
		_vid_7_Segment_Display_2Digits		CODE           	0367	0000	107

7_Segment_prog.c estimated size: 307

C:\Program Files\Microchip\xc8\v2.20\pic\sources\c90\common\awmod.c
		___awmod       		CODE           	04FF	0000	92

C:\Program Files\Microchip\xc8\v2.20\pic\sources\c90\common\awmod.c estimated size: 92

shared
		i1_vid_Right_7_Segment_DisplayNumber		CODE           	0760	0000	43
		i1_vid_7_Segment_DeInit		CODE           	0FE9	0000	24
		_u8_Right_7Segment		STRING         	0806	0000	11
		__stringtab    		STRING         	0800	0000	7
		i1___awdiv     		CODE           	043A	0000	104
		__initialization		CODE           	0015	0000	8
		i1_DIO_SetPinValue		CODE           	00EC	0000	203
		i1___awmod     		CODE           	055A	0000	90
		_u8_Left_7Segment		STRING         	0810	0000	11
		i1_vid_Left_7_Segment_DisplayNumber		CODE           	078A	0000	43
		i1_DIO_SetPortValue		CODE           	066A	0000	54
		i1_OFF_Mode    		CODE           	0FBD	0000	10
		i1_vid_7_Segment_Display_2Digits		CODE           	04A1	0000	95

shared estimated size: 703

main.c
		_main          		CODE           	07B4	0000	40

main.c estimated size: 40

C:\Program Files\Microchip\xc8\v2.20\pic\sources\c90\common\awdiv.c
		___awdiv       		CODE           	03D1	0000	106

C:\Program Files\Microchip\xc8\v2.20\pic\sources\c90\common\awdiv.c estimated size: 106

