Microchip MPLAB XC8 Compiler V2.20

Linker command line:

-W-3 --edf=C:\Program Files\Microchip\xc8\v2.20\pic\dat\en_msgs.txt -cn \
  -h+dist/default/production\Ext_INT_V2.X.production.sym \
  --cmf=dist/default/production\Ext_INT_V2.X.production.cmf -z -Q16F877A \
  -oC:\Users\MOHAME~1\AppData\Local\Temp\spk0.2 --defsym=__MPLAB_BUILD=1 \
  -Mdist/default/production/Ext_INT_V2.X.production.map -E1 \
  -ver=XC8 Compiler --acfsm=1493 -ASTACK=0110h-016Fh -pstack=STACK \
  -ACODE=00h-07FFhx4 -ASTRCODE=00h-01FFFh -ASTRING=00h-0FFhx32 \
  -ACONST=00h-0FFhx32 -AENTRY=00h-0FFhx32 -ACOMMON=070h-07Fh \
  -ABANK0=020h-06Fh -ABANK1=0A0h-0EFh -ABANK2=0110h-016Fh \
  -ABANK3=0190h-01EFh -ARAM=020h-06Fh,0A0h-0EFh,0110h-016Fh,0190h-01EFh \
  -AABS1=020h-07Fh,0A0h-0EFh,0110h-016Fh,0190h-01EFh -ASFR0=00h-01Fh \
  -ASFR1=080h-09Fh -ASFR2=0100h-010Fh -ASFR3=0180h-018Fh \
  -ACONFIG=02007h-02007h -DCONFIG=2 -AIDLOC=02000h-02003h -DIDLOC=2 \
  -preset_vec=00h,intentry=04h,init,end_init -ppowerup=CODE -pcinit=CODE \
  -pfunctab=ENTRY -AEEDATA=00h-0FFh/02100h -peeprom_data=EEDATA -DEEDATA=2 \
  -DCODE=2 -DSTRCODE=2 -DSTRING=2 -DCONST=2 -DENTRY=2 -k \
  C:\Users\MOHAME~1\AppData\Local\Temp\spk0.o \
  dist/default/production\Ext_INT_V2.X.production.o 

Object code version is 3.11

Machine type is 16F877A



                Name                               Link     Load   Length Selector   Space Scale
C:\Users\MOHAME~1\AppData\Local\Temp\spk0.o
                end_init                             12       12        3        8       0
                reset_vec                             0        0        3        0       0
                config                             2007     2007        1        0       4
dist/default/production\Ext_INT_V2.X.production.o
                cinit                                15       15        E        8       0
                functab                              23       23       10       46       0
                intentry                              4        4        E        8       0
                config                             2007     2007        1        0       4
                text35                              2FE      2FE       6E       66       0
                text34                               FF       FF       CA       66       0
                text33                              F96      F96       17     1F2C       0
                text32                              F48      F48        9     1E90       0
                text31                              43E      43E       67       66       0
                text30                              55B      55B       59       66       0
                text29                              6A8      6A8       35       66       0
                text28                              7C8      7C8       2A       66       0
                text27                              79E      79E       2A       66       0
                text26                              3D5      3D5       69       66       0
                text25                              F5A      F5A        B     1EB4       0
                text24                              F70      F70       13     1EE0       0
                text23                              FE3      FE3       1D     1FC6       0
                text22                              FAD      FAD       1B     1F5A       0
                text21                              500      500       5B       66       0
                text20                               33       33       CC       66       0
                text19                              6DD      6DD       32       66       0
                text18                              1C9      1C9       BC       66       0
                text17                              FC8      FC8       1B     1F90       0
                text16                              F51      F51        9     1EA2       0
                text15                              36C      36C       69       66       0
                text14                              4A5      4A5       5B       66       0
                text13                              76F      76F       2F       66       0
                text12                              73F      73F       30       66       0
                text11                              70F      70F       30       66       0
                text10                              285      285       79       66       0
                text9                               F65      F65        B     1ECA       0
                text8                               F30      F30        8     1E60       0
                text7                               F38      F38        8     1E70       0
                text6                               F40      F40        8     1E80       0
                text5                               F83      F83       13     1F06       0
                text4                               5FD      5FD       3B       66       0
                text3                               7F2      7F2        B       66       0
                text2                               671      671       37       66       0
                text1                               5B4      5B4       49       66       0
                maintext                            638      638       39       66       0
                cstackBANK0                          20       20       17       20       1
                cstackCOMMON                         70       70        E       70       1
                bssBANK0                             37       37        8       20       1
                nvBANK0                              3F       3F        1       20       1
                strings                             800      800       1A     1000       0

TOTAL           Name                               Link     Load   Length     Space
        CLASS   STACK          

        CLASS   CODE           
                end_init                             12       12        3         0
                cinit                                15       15        E         0
                intentry                              4        4        E         0
                reset_vec                             0        0        3         0
                text35                              2FE      2FE       6E         0
                text34                               FF       FF       CA         0
                text33                              F96      F96       17         0
                text32                              F48      F48        9         0
                text31                              43E      43E       67         0
                text30                              55B      55B       59         0
                text29                              6A8      6A8       35         0
                text28                              7C8      7C8       2A         0
                text27                              79E      79E       2A         0
                text26                              3D5      3D5       69         0
                text25                              F5A      F5A        B         0
                text24                              F70      F70       13         0
                text23                              FE3      FE3       1D         0
                text22                              FAD      FAD       1B         0
                text21                              500      500       5B         0
                text20                               33       33       CC         0
                text19                              6DD      6DD       32         0
                text18                              1C9      1C9       BC         0
                text17                              FC8      FC8       1B         0
                text16                              F51      F51        9         0
                text15                              36C      36C       69         0
                text14                              4A5      4A5       5B         0
                text13                              76F      76F       2F         0
                text12                              73F      73F       30         0
                text11                              70F      70F       30         0
                text10                              285      285       79         0
                text9                               F65      F65        B         0
                text8                               F30      F30        8         0
                text7                               F38      F38        8         0
                text6                               F40      F40        8         0
                text5                               F83      F83       13         0
                text4                               5FD      5FD       3B         0
                text3                               7F2      7F2        B         0
                text2                               671      671       37         0
                text1                               5B4      5B4       49         0
                maintext                            638      638       39         0

        CLASS   STRCODE        

        CLASS   STRING         
                strings                             800      800       1A         0

        CLASS   CONST          

        CLASS   ENTRY          
                functab                              23       23       10         0

        CLASS   COMMON         
                cstackCOMMON                         70       70        E         1

        CLASS   BANK0          
                cstackBANK0                          20       20       17         1
                bssBANK0                             37       37        8         1
                nvBANK0                              3F       3F        1         1

        CLASS   BANK1          

        CLASS   BANK2          

        CLASS   BANK3          

        CLASS   RAM            

        CLASS   ABS1           
                abs_s1                               7E       7E        2         1

        CLASS   SFR0           

        CLASS   SFR1           

        CLASS   SFR2           

        CLASS   SFR3           

        CLASS   CONFIG         
                config                             2007     2007        1         4

        CLASS   IDLOC          

        CLASS   EEDATA         



SEGMENTS        Name                           Load    Length   Top    Selector   Space  Class     Delta

                reset_vec                      000000  000003  000003         0       0  CODE        2
                intentry                       000004  00001F  000023         8       0  CODE        2
                cstackBANK0                    000020  000020  000040        20       1  BANK0       1
                functab                        000023  000010  000033        46       0  ENTRY       2
                text20                         000033  0007CA  0007FD        66       0  CODE        2
                cstackCOMMON                   000070  00000E  00007E        70       1  COMMON      1
                strings                        000800  00001A  00081A      1000       0  STRING      2
                text8                          000F30  000008  000F38      1E60       0  CODE        2
                text7                          000F38  000008  000F40      1E70       0  CODE        2
                text6                          000F40  000008  000F48      1E80       0  CODE        2
                text32                         000F48  000009  000F51      1E90       0  CODE        2
                text16                         000F51  000009  000F5A      1EA2       0  CODE        2
                text25                         000F5A  00000B  000F65      1EB4       0  CODE        2
                text9                          000F65  00000B  000F70      1ECA       0  CODE        2
                text24                         000F70  000013  000F83      1EE0       0  CODE        2
                text5                          000F83  000013  000F96      1F06       0  CODE        2
                text33                         000F96  000017  000FAD      1F2C       0  CODE        2
                text22                         000FAD  00001B  000FC8      1F5A       0  CODE        2
                text17                         000FC8  00001B  000FE3      1F90       0  CODE        2
                text23                         000FE3  00001D  001000      1FC6       0  CODE        2


UNUSED ADDRESS RANGES

        Name                Unused          Largest block    Delta
        BANK0            0040-006F             30           1
        BANK1            00A0-00EF             50           1
        BANK2            0110-016F             60           1
        BANK3            0190-01EF             60           1
        CODE             0003-0003              1           2
                         07FD-07FF              3
                         081A-0F2F            716
                         1000-1FFF            800
        CONST            0003-0003              1           2
                         07FD-07FF              3
                         081A-0F2F            100
                         1000-1FFF            100
        EEDATA           2100-21FF            100           2
        ENTRY            0003-0003              1           2
                         07FD-07FF              3
                         081A-0F2F            100
                         1000-1FFF            100
        IDLOC            2000-2003              4           2
        RAM              0040-006F             30           1
                         00A0-00EF             50
                         0110-016F             60
                         0190-01EF             60
        SFR0             0000-001F             20           1
        SFR1             0080-009F             20           1
        SFR2             0100-010F             10           1
        SFR3             0180-018F             10           1
        STACK            0110-016F             60           1
        STRCODE          0003-0003              1           2
                         07FD-07FF              3
                         081A-0F2F            716
                         1000-1FFF           1000
        STRING           0003-0003              1           2
                         07FD-07FF              3
                         081A-0F2F            100
                         1000-1FFF            100

                                  Symbol Table

?___awdiv                                     cstackBANK0  0025
?___awmod                                     cstackBANK0  0025
?i1___awdiv                                   cstackCOMMON 0070
?i1___awmod                                   cstackCOMMON 0070
DIO_GetPinValue@u8PinIdCopy                   cstackCOMMON 0070
DIO_GetPinValue@u8PortIdCopy                  cstackCOMMON 0073
DIO_GetPinValue@u8ResultLocal                 cstackCOMMON 0074
DIO_SetPinDirection@u8PinDirCopy              cstackBANK0  0026
DIO_SetPinDirection@u8PinIdCopy               cstackBANK0  0025
DIO_SetPinDirection@u8PortIdCopy              cstackBANK0  0029
DIO_SetPinValue@u8PinIdCopy                   cstackBANK0  0025
DIO_SetPinValue@u8PinValCopy                  cstackBANK0  0026
DIO_SetPinValue@u8PortIdCopy                  cstackBANK0  0029
DIO_SetPortDirection@u8PortDir                cstackBANK0  0025
DIO_SetPortDirection@u8PortId                 cstackBANK0  0028
DIO_SetPortValue@u8PortId                     cstackBANK0  0028
DIO_SetPortValue@u8PortVal                    cstackBANK0  0025
RB0_SetCallBack@pFun                          cstackBANK0  0025
RB4_SetCallBack@pFun                          cstackBANK0  0025
RB5_SetCallBack@pFun                          cstackBANK0  0025
SetTemp_Mode@count                            cstackBANK0  0036
_DIO_GetPinValue                              text35       02FE
_DIO_SetPinDirection                          text20       0033
_DIO_SetPinValue                              text18       01C9
_DIO_SetPortDirection                         text2        0671
_DIO_SetPortValue                             text13       076F
_EXT_INT_Init                                 text19       06DD
_GptrToFun_RB0                                bssBANK0     0039
_GptrToFun_RB4                                bssBANK0     0038
_GptrToFun_RB5                                bssBANK0     0037
_ISR                                          text21       0500
_OFF_Mode                                     text16       0F51
_ON_Mode                                      text9        0F65
_ON_OFF_Flag                                  bssBANK0     003C
_ON_OFF_Status                                bssBANK0     003E
_RB0_Handler                                  text24       0F70
_RB0_SetCallBack                              text8        0F30
_RB4_Handler                                  text23       0FE3
_RB4_SetCallBack                              text7        0F38
_RB5_Handler                                  text22       0FAD
_RB5_SetCallBack                              text6        0F40
_SetCallBacks                                 text5        0F83
_SetTemp_Mode                                 text4        05FD
_Set_Temp_Flag                                bssBANK0     003B
_SystemVars_Init                              text3        07F2
_TempChange_Status                            bssBANK0     003A
__Habs1                                       abs1         0000
__Hbank0                                      bank0        0000
__Hbank1                                      bank1        0000
__Hbank2                                      bank2        0000
__Hbank3                                      bank3        0000
__HbssBANK0                                   bssBANK0     0000
__Hcinit                                      cinit        0023
__Hclrtext                                    clrtext      0000
__Hcode                                       code         0000
__Hcommon                                     common       0000
__Hconfig                                     config       2008
__HcstackBANK0                                cstackBANK0  0000
__HcstackCOMMON                               cstackCOMMON 0000
__Heeprom_data                                eeprom_data  0000
__Hend_init                                   end_init     0015
__Hfunctab                                    functab      0033
__Hinit                                       init         0012
__Hintentry                                   intentry     0012
__Hmaintext                                   maintext     0000
__HnvBANK0                                    nvBANK0      0000
__Hpowerup                                    powerup      0000
__Hram                                        ram          0000
__Hreset_vec                                  reset_vec    0003
__Hsfr0                                       sfr0         0000
__Hsfr1                                       sfr1         0000
__Hsfr2                                       sfr2         0000
__Hsfr3                                       sfr3         0000
__Hspace_0                                    (abs)        1000
__Hspace_1                                    (abs)        007E
__Hspace_2                                    (abs)        0000
__Hspace_3                                    (abs)        0000
__Hspace_4                                    (abs)        400F
__Hstack                                      stack        0000
__Hstrings                                    strings      0000
__Htext                                       text         0000
__Labs1                                       abs1         0000
__Lbank0                                      bank0        0000
__Lbank1                                      bank1        0000
__Lbank2                                      bank2        0000
__Lbank3                                      bank3        0000
__LbssBANK0                                   bssBANK0     0000
__Lcinit                                      cinit        0015
__Lclrtext                                    clrtext      0000
__Lcode                                       code         0000
__Lcommon                                     common       0000
__Lconfig                                     config       0000
__LcstackBANK0                                cstackBANK0  0000
__LcstackCOMMON                               cstackCOMMON 0000
__Leeprom_data                                eeprom_data  0000
__Lend_init                                   end_init     0012
__Lfunctab                                    functab      0023
__Linit                                       init         0012
__Lintentry                                   intentry     0004
__Lmaintext                                   maintext     0000
__LnvBANK0                                    nvBANK0      0000
__Lpowerup                                    powerup      0000
__Lram                                        ram          0000
__Lreset_vec                                  reset_vec    0000
__Lsfr0                                       sfr0         0000
__Lsfr1                                       sfr1         0000
__Lsfr2                                       sfr2         0000
__Lsfr3                                       sfr3         0000
__Lspace_0                                    (abs)        0000
__Lspace_1                                    (abs)        0000
__Lspace_2                                    (abs)        0000
__Lspace_3                                    (abs)        0000
__Lspace_4                                    (abs)        0000
__Lstack                                      stack        0000
__Lstrings                                    strings      0000
__Ltext                                       text         0000
__S0                                          (abs)        1000
__S1                                          (abs)        007E
__S2                                          (abs)        0000
__S3                                          (abs)        0000
___awdiv                                      text15       036C
___awdiv@counter                              cstackBANK0  0029
___awdiv@dividend                             cstackBANK0  0027
___awdiv@divisor                              cstackBANK0  0025
___awdiv@quotient                             cstackBANK0  002B
___awdiv@sign                                 cstackBANK0  002A
___awmod                                      text14       04A5
___awmod@counter                              cstackBANK0  0029
___awmod@dividend                             cstackBANK0  0027
___awmod@divisor                              cstackBANK0  0025
___awmod@sign                                 cstackBANK0  002A
___int_sp                                     stack        0000
___latbits                                    (abs)        0002
___sp                                         stack        0000
___stackhi                                    (abs)        0000
___stacklo                                    (abs)        0000
__end_of_DIO_GetPinValue                      text35       036C
__end_of_DIO_SetPinDirection                  text20       00FF
__end_of_DIO_SetPinValue                      text18       0285
__end_of_DIO_SetPortDirection                 text2        06A8
__end_of_DIO_SetPortValue                     text13       079E
__end_of_EXT_INT_Init                         text19       070F
__end_of_ISR                                  text21       055B
__end_of_OFF_Mode                             text16       0F5A
__end_of_ON_Mode                              text9        0F70
__end_of_RB0_Handler                          text24       0F83
__end_of_RB0_SetCallBack                      text8        0F38
__end_of_RB4_Handler                          text23       1000
__end_of_RB4_SetCallBack                      text7        0F40
__end_of_RB5_Handler                          text22       0FC8
__end_of_RB5_SetCallBack                      text6        0F48
__end_of_SetCallBacks                         text5        0F96
__end_of_SetTemp_Mode                         text4        0638
__end_of_SystemVars_Init                      text3        07FD
__end_of___awdiv                              text15       03D5
__end_of___awmod                              text14       0500
__end_of__i1fptable                           functab      0033
__end_of__initialization                      cinit        001F
__end_of__stringtab                           strings      0806
__end_of_main                                 maintext     0671
__end_of_u8_Left_7Segment                     strings      081A
__end_of_u8_Right_7Segment                    strings      0810
__end_of_vid_7_Segment_DeInit                 text17       0FE3
__end_of_vid_7_Segment_Display_2Digits        text10       02FE
__end_of_vid_7_Segment_Init                   text1        05FD
__end_of_vid_Left_7_Segment_DisplayNumber     text12       076F
__end_of_vid_Right_7_Segment_DisplayNumber    text11       073F
__end_ofi1_DIO_SetPinValue                    text34       01C9
__end_ofi1_DIO_SetPortValue                   text29       06DD
__end_ofi1_OFF_Mode                           text32       0F51
__end_ofi1_ON_Mode                            text25       0F65
__end_ofi1___awdiv                            text31       04A5
__end_ofi1___awmod                            text30       05B4
__end_ofi1_vid_7_Segment_DeInit               text33       0FAD
__end_ofi1_vid_7_Segment_Display_2Digits      text26       043E
__end_ofi1_vid_Left_7_Segment_DisplayNumber   text28       07F2
__end_ofi1_vid_Right_7_Segment_DisplayNumber  text27       07C8
__i1fptable                                   functab      0024
__initialization                              cinit        0015
__pbssBANK0                                   bssBANK0     0037
__pcstackBANK0                                cstackBANK0  0020
__pcstackCOMMON                               cstackCOMMON 0070
__pfunctab                                    functab      0023
__pintentry                                   intentry     0004
__pmaintext                                   maintext     0638
__pnvBANK0                                    nvBANK0      003F
__pstrings                                    strings      0800
__ptext1                                      text1        05B4
__ptext10                                     text10       0285
__ptext11                                     text11       070F
__ptext12                                     text12       073F
__ptext13                                     text13       076F
__ptext14                                     text14       04A5
__ptext15                                     text15       036C
__ptext16                                     text16       0F51
__ptext17                                     text17       0FC8
__ptext18                                     text18       01C9
__ptext19                                     text19       06DD
__ptext2                                      text2        0671
__ptext20                                     text20       0033
__ptext21                                     text21       0500
__ptext22                                     text22       0FAD
__ptext23                                     text23       0FE3
__ptext24                                     text24       0F70
__ptext25                                     text25       0F5A
__ptext26                                     text26       03D5
__ptext27                                     text27       079E
__ptext28                                     text28       07C8
__ptext29                                     text29       06A8
__ptext3                                      text3        07F2
__ptext30                                     text30       055B
__ptext31                                     text31       043E
__ptext32                                     text32       0F48
__ptext33                                     text33       0F96
__ptext34                                     text34       00FF
__ptext35                                     text35       02FE
__ptext4                                      text4        05FD
__ptext5                                      text5        0F83
__ptext6                                      text6        0F40
__ptext7                                      text7        0F38
__ptext8                                      text8        0F30
__ptext9                                      text9        0F65
__size_of_DIO_GetPinValue                     (abs)        0000
__size_of_DIO_SetPinDirection                 (abs)        0000
__size_of_DIO_SetPinValue                     (abs)        0000
__size_of_DIO_SetPortDirection                (abs)        0000
__size_of_DIO_SetPortValue                    (abs)        0000
__size_of_EXT_INT_Init                        (abs)        0000
__size_of_ISR                                 (abs)        0000
__size_of_OFF_Mode                            (abs)        0000
__size_of_ON_Mode                             (abs)        0000
__size_of_RB0_Handler                         (abs)        0000
__size_of_RB0_SetCallBack                     (abs)        0000
__size_of_RB4_Handler                         (abs)        0000
__size_of_RB4_SetCallBack                     (abs)        0000
__size_of_RB5_Handler                         (abs)        0000
__size_of_RB5_SetCallBack                     (abs)        0000
__size_of_SetCallBacks                        (abs)        0000
__size_of_SetTemp_Mode                        (abs)        0000
__size_of_SystemVars_Init                     (abs)        0000
__size_of___awdiv                             (abs)        0000
__size_of___awmod                             (abs)        0000
__size_of__i1fptable                          (abs)        0000
__size_of_main                                (abs)        0000
__size_of_vid_7_Segment_DeInit                (abs)        0000
__size_of_vid_7_Segment_Display_2Digits       (abs)        0000
__size_of_vid_7_Segment_Init                  (abs)        0000
__size_of_vid_Left_7_Segment_DisplayNumber    (abs)        0000
__size_of_vid_Right_7_Segment_DisplayNumber   (abs)        0000
__size_ofi1_DIO_SetPinValue                   (abs)        0000
__size_ofi1_DIO_SetPortValue                  (abs)        0000
__size_ofi1_OFF_Mode                          (abs)        0000
__size_ofi1_ON_Mode                           (abs)        0000
__size_ofi1___awdiv                           (abs)        0000
__size_ofi1___awmod                           (abs)        0000
__size_ofi1_vid_7_Segment_DeInit              (abs)        0000
__size_ofi1_vid_7_Segment_Display_2Digits     (abs)        0000
__size_ofi1_vid_Left_7_Segment_DisplayNumber  (abs)        0000
__size_ofi1_vid_Right_7_Segment_DisplayNumber (abs)        0000
__stringbase                                  strings      0805
__stringtab                                   strings      0800
_main                                         maintext     0638
_u8_Left_7Segment                             strings      0810
_u8_Right_7Segment                            strings      0806
_u8_Temp                                      nvBANK0      003F
_vid_7_Segment_DeInit                         text17       0FC8
_vid_7_Segment_Display_2Digits                text10       0285
_vid_7_Segment_Init                           text1        05B4
_vid_Left_7_Segment_DisplayNumber             text12       073F
_vid_Right_7_Segment_DisplayNumber            text11       070F
btemp                                         (abs)        007E
end_of_initialization                         cinit        001F
fpbase                                        (abs)        0000
fptable                                       functab      0023
fptotal                                       (abs)        0000
i1DIO_SetPinValue@u8PinIdCopy                 cstackCOMMON 0070
i1DIO_SetPinValue@u8PinValCopy                cstackCOMMON 0071
i1DIO_SetPinValue@u8PortIdCopy                cstackCOMMON 0074
i1DIO_SetPortValue@u8PortId                   cstackCOMMON 0073
i1DIO_SetPortValue@u8PortVal                  cstackCOMMON 0070
i1_DIO_SetPinValue                            text34       00FF
i1_DIO_SetPortValue                           text29       06A8
i1_OFF_Mode                                   text32       0F48
i1_ON_Mode                                    text25       0F5A
i1___awdiv                                    text31       043E
i1___awdiv@counter                            cstackCOMMON 0074
i1___awdiv@dividend                           cstackCOMMON 0072
i1___awdiv@divisor                            cstackCOMMON 0070
i1___awdiv@quotient                           cstackCOMMON 0076
i1___awdiv@sign                               cstackCOMMON 0075
i1___awmod                                    text30       055B
i1___awmod@counter                            cstackCOMMON 0074
i1___awmod@dividend                           cstackCOMMON 0072
i1___awmod@divisor                            cstackCOMMON 0070
i1___awmod@sign                               cstackCOMMON 0075
i1_vid_7_Segment_DeInit                       text33       0F96
i1_vid_7_Segment_Display_2Digits              text26       03D5
i1_vid_Left_7_Segment_DisplayNumber           text28       07C8
i1_vid_Right_7_Segment_DisplayNumber          text27       079E
i1fpbase                                      functab      0029
i1fptable                                     functab      0024
i1fptotal                                     (abs)        0006
i1vid_7_Segment_Display_2Digits@Ones          cstackCOMMON 007A
i1vid_7_Segment_Display_2Digits@Stability     cstackCOMMON 007D
i1vid_7_Segment_Display_2Digits@Tens          cstackCOMMON 007B
i1vid_7_Segment_Display_2Digits@u8_Num        cstackCOMMON 007C
i1vid_Left_7_Segment_DisplayNumber@u8_Number  cstackCOMMON 0075
i1vid_Right_7_Segment_DisplayNumber@u8_Number cstackCOMMON 0075
interrupt_function                            intentry     0004
intlevel0                                     functab      0023
intlevel1                                     functab      0023
intlevel2                                     functab      0023
intlevel3                                     functab      0023
intlevel4                                     functab      0023
intlevel5                                     functab      0023
reset_vec                                     reset_vec    0000
saved_w                                       (abs)        007E
start                                         init         0012
start_initialization                          cinit        0015
vid_7_Segment_Display_2Digits@Ones            cstackBANK0  002F
vid_7_Segment_Display_2Digits@Stability       cstackBANK0  0032
vid_7_Segment_Display_2Digits@Tens            cstackBANK0  0030
vid_7_Segment_Display_2Digits@u8_Num          cstackBANK0  0031
vid_Left_7_Segment_DisplayNumber@u8_Number    cstackBANK0  002A
vid_Right_7_Segment_DisplayNumber@u8_Number   cstackBANK0  002A
wtemp0                                        (abs)        007E


FUNCTION INFORMATION:

 *************** function _main *****************
 Defined at:
		line 27 in file "main.c"
 Parameters:    Size  Location     Type
		None
 Auto vars:     Size  Location     Type
		None
 Return value:  Size  Location     Type
                  1    wreg      void 
 Registers used:
		wreg, fsr0l, fsr0h, status,2, status,0, btemp+1, pclath, cstack
 Tracked objects:
		On entry : 
		On exit  : 
		Unchanged: 
 Data sizes:     COMMON   BANK0   BANK1   BANK3   BANK2
      Params:         0       0       0       0       0
      Locals:         0       0       0       0       0
      Temps:          0       0       0       0       0
      Totals:         0       0       0       0       0
Total ram usage:        0 bytes
 Hardware stack levels required when called:   10
 This function calls:
		_EXT_INT_Init
		_OFF_Mode
		_ON_Mode
		_SetCallBacks
		_SetTemp_Mode
		_SystemVars_Init
		_vid_7_Segment_Init
 This function is called by:
		Startup code after reset
 This function uses a non-reentrant model


 *************** function _vid_7_Segment_Init *****************
 Defined at:
		line 24 in file "7_Segment_prog.c"
 Parameters:    Size  Location     Type
		None
 Auto vars:     Size  Location     Type
		None
 Return value:  Size  Location     Type
                  1    wreg      void 
 Registers used:
		wreg, fsr0l, fsr0h, status,2, status,0, btemp+1, pclath, cstack
 Tracked objects:
		On entry : 
		On exit  : 
		Unchanged: 
 Data sizes:     COMMON   BANK0   BANK1   BANK3   BANK2
      Params:         0       0       0       0       0
      Locals:         0       0       0       0       0
      Temps:          0       0       0       0       0
      Totals:         0       0       0       0       0
Total ram usage:        0 bytes
 Hardware stack levels used:    1
 Hardware stack levels required when called:    7
 This function calls:
		_DIO_SetPinDirection
		_DIO_SetPinValue
		_DIO_SetPortDirection
		_DIO_SetPortValue
 This function is called by:
		_main
 This function uses a non-reentrant model


 *************** function _DIO_SetPortDirection *****************
 Defined at:
		line 133 in file "DIO_Prog.c"
 Parameters:    Size  Location     Type
  u8PortId        1    wreg     unsigned char 
  u8PortDir       1    5[BANK0 ] unsigned char 
 Auto vars:     Size  Location     Type
  u8PortId        1    8[BANK0 ] unsigned char 
 Return value:  Size  Location     Type
                  1    wreg      void 
 Registers used:
		wreg, fsr0l, fsr0h, status,2, status,0, btemp+1
 Tracked objects:
		On entry : 
		On exit  : 
		Unchanged: 
 Data sizes:     COMMON   BANK0   BANK1   BANK3   BANK2
      Params:         0       1       0       0       0
      Locals:         0       1       0       0       0
      Temps:          0       2       0       0       0
      Totals:         0       4       0       0       0
Total ram usage:        4 bytes
 Hardware stack levels used:    1
 Hardware stack levels required when called:    6
 This function calls:
		Nothing
 This function is called by:
		_vid_7_Segment_Init
 This function uses a non-reentrant model


 *************** function _SystemVars_Init *****************
 Defined at:
		line 45 in file "APP_Program.c"
 Parameters:    Size  Location     Type
		None
 Auto vars:     Size  Location     Type
		None
 Return value:  Size  Location     Type
                  1    wreg      void 
 Registers used:
		wreg, status,2, btemp+1
 Tracked objects:
		On entry : 
		On exit  : 
		Unchanged: 
 Data sizes:     COMMON   BANK0   BANK1   BANK3   BANK2
      Params:         0       0       0       0       0
      Locals:         0       0       0       0       0
      Temps:          0       0       0       0       0
      Totals:         0       0       0       0       0
Total ram usage:        0 bytes
 Hardware stack levels used:    1
 Hardware stack levels required when called:    6
 This function calls:
		Nothing
 This function is called by:
		_main
 This function uses a non-reentrant model


 *************** function _SetTemp_Mode *****************
 Defined at:
		line 76 in file "APP_Program.c"
 Parameters:    Size  Location     Type
		None
 Auto vars:     Size  Location     Type
  count           1   22[BANK0 ] unsigned char 
 Return value:  Size  Location     Type
                  1    wreg      void 
 Registers used:
		wreg, fsr0l, fsr0h, status,2, status,0, btemp+1, pclath, cstack
 Tracked objects:
		On entry : 
		On exit  : 
		Unchanged: 
 Data sizes:     COMMON   BANK0   BANK1   BANK3   BANK2
      Params:         0       0       0       0       0
      Locals:         0       1       0       0       0
      Temps:          0       3       0       0       0
      Totals:         0       4       0       0       0
Total ram usage:        4 bytes
 Hardware stack levels used:    1
 Hardware stack levels required when called:    9
 This function calls:
		_vid_7_Segment_DeInit
		_vid_7_Segment_Display_2Digits
 This function is called by:
		_main
 This function uses a non-reentrant model


 *************** function _SetCallBacks *****************
 Defined at:
		line 36 in file "APP_Program.c"
 Parameters:    Size  Location     Type
		None
 Auto vars:     Size  Location     Type
		None
 Return value:  Size  Location     Type
                  1    wreg      void 
 Registers used:
		wreg, status,2, status,0, btemp+1, pclath, cstack
 Tracked objects:
		On entry : 
		On exit  : 
		Unchanged: 
 Data sizes:     COMMON   BANK0   BANK1   BANK3   BANK2
      Params:         0       0       0       0       0
      Locals:         0       0       0       0       0
      Temps:          0       0       0       0       0
      Totals:         0       0       0       0       0
Total ram usage:        0 bytes
 Hardware stack levels used:    1
 Hardware stack levels required when called:    7
 This function calls:
		_RB0_SetCallBack
		_RB4_SetCallBack
		_RB5_SetCallBack
 This function is called by:
		_main
 This function uses a non-reentrant model


 *************** function _RB5_SetCallBack *****************
 Defined at:
		line 49 in file "EXT_INT_Prog.c"
 Parameters:    Size  Location     Type
  pFun            1    wreg     PTR FTN()void 
		 -> RB5_Handler(1), 
 Auto vars:     Size  Location     Type
  pFun            1    5[BANK0 ] PTR FTN()void 
		 -> RB5_Handler(1), 
 Return value:  Size  Location     Type
                  1    wreg      void 
 Registers used:
		wreg, btemp+1
 Tracked objects:
		On entry : 
		On exit  : 
		Unchanged: 
 Data sizes:     COMMON   BANK0   BANK1   BANK3   BANK2
      Params:         0       0       0       0       0
      Locals:         0       1       0       0       0
      Temps:          0       0       0       0       0
      Totals:         0       1       0       0       0
Total ram usage:        1 bytes
 Hardware stack levels used:    1
 Hardware stack levels required when called:    6
 This function calls:
		Nothing
 This function is called by:
		_SetCallBacks
 This function uses a non-reentrant model


 *************** function _RB4_SetCallBack *****************
 Defined at:
		line 43 in file "EXT_INT_Prog.c"
 Parameters:    Size  Location     Type
  pFun            1    wreg     PTR FTN()void 
		 -> RB4_Handler(1), 
 Auto vars:     Size  Location     Type
  pFun            1    5[BANK0 ] PTR FTN()void 
		 -> RB4_Handler(1), 
 Return value:  Size  Location     Type
                  1    wreg      void 
 Registers used:
		wreg, btemp+1
 Tracked objects:
		On entry : 
		On exit  : 
		Unchanged: 
 Data sizes:     COMMON   BANK0   BANK1   BANK3   BANK2
      Params:         0       0       0       0       0
      Locals:         0       1       0       0       0
      Temps:          0       0       0       0       0
      Totals:         0       1       0       0       0
Total ram usage:        1 bytes
 Hardware stack levels used:    1
 Hardware stack levels required when called:    6
 This function calls:
		Nothing
 This function is called by:
		_SetCallBacks
 This function uses a non-reentrant model


 *************** function _RB0_SetCallBack *****************
 Defined at:
		line 37 in file "EXT_INT_Prog.c"
 Parameters:    Size  Location     Type
  pFun            1    wreg     PTR FTN()void 
		 -> RB0_Handler(1), 
 Auto vars:     Size  Location     Type
  pFun            1    5[BANK0 ] PTR FTN()void 
		 -> RB0_Handler(1), 
 Return value:  Size  Location     Type
                  1    wreg      void 
 Registers used:
		wreg, btemp+1
 Tracked objects:
		On entry : 
		On exit  : 
		Unchanged: 
 Data sizes:     COMMON   BANK0   BANK1   BANK3   BANK2
      Params:         0       0       0       0       0
      Locals:         0       1       0       0       0
      Temps:          0       0       0       0       0
      Totals:         0       1       0       0       0
Total ram usage:        1 bytes
 Hardware stack levels used:    1
 Hardware stack levels required when called:    6
 This function calls:
		Nothing
 This function is called by:
		_SetCallBacks
 This function uses a non-reentrant model


 *************** function _ON_Mode *****************
 Defined at:
		line 56 in file "APP_Program.c"
 Parameters:    Size  Location     Type
		None
 Auto vars:     Size  Location     Type
		None
 Return value:  Size  Location     Type
                  1    wreg      void 
 Registers used:
		wreg, fsr0l, fsr0h, status,2, status,0, btemp+1, pclath, cstack
 Tracked objects:
		On entry : 
		On exit  : 
		Unchanged: 
 Data sizes:     COMMON   BANK0   BANK1   BANK3   BANK2
      Params:         0       0       0       0       0
      Locals:         0       0       0       0       0
      Temps:          0       0       0       0       0
      Totals:         0       0       0       0       0
Total ram usage:        0 bytes
 Hardware stack levels used:    1
 Hardware stack levels required when called:    9
 This function calls:
		_vid_7_Segment_Display_2Digits
 This function is called by:
		_main
 This function uses a non-reentrant model


 *************** function _vid_7_Segment_Display_2Digits *****************
 Defined at:
		line 71 in file "7_Segment_prog.c"
 Parameters:    Size  Location     Type
  u8_Num          1    wreg     unsigned char 
 Auto vars:     Size  Location     Type
  u8_Num          1   17[BANK0 ] unsigned char 
  Stability       1   18[BANK0 ] unsigned char 
  Tens            1   16[BANK0 ] unsigned char 
  Ones            1   15[BANK0 ] unsigned char 
 Return value:  Size  Location     Type
                  1    wreg      void 
 Registers used:
		wreg, fsr0l, fsr0h, status,2, status,0, btemp+1, pclath, cstack
 Tracked objects:
		On entry : 
		On exit  : 
		Unchanged: 
 Data sizes:     COMMON   BANK0   BANK1   BANK3   BANK2
      Params:         0       0       0       0       0
      Locals:         0       4       0       0       0
      Temps:          0       2       0       0       0
      Totals:         0       6       0       0       0
Total ram usage:        6 bytes
 Hardware stack levels used:    1
 Hardware stack levels required when called:    8
 This function calls:
		_DIO_SetPinValue
		___awdiv
		___awmod
		_vid_Left_7_Segment_DisplayNumber
		_vid_Right_7_Segment_DisplayNumber
 This function is called by:
		_ON_Mode
		_SetTemp_Mode
 This function uses a non-reentrant model


 *************** function _vid_Right_7_Segment_DisplayNumber *****************
 Defined at:
		line 61 in file "7_Segment_prog.c"
 Parameters:    Size  Location     Type
  u8_Number       1    wreg     unsigned char 
 Auto vars:     Size  Location     Type
  u8_Number       1   10[BANK0 ] unsigned char 
 Return value:  Size  Location     Type
                  1    wreg      void 
 Registers used:
		wreg, fsr0l, fsr0h, status,2, status,0, btemp+1, pclath, cstack
 Tracked objects:
		On entry : 
		On exit  : 
		Unchanged: 
 Data sizes:     COMMON   BANK0   BANK1   BANK3   BANK2
      Params:         0       0       0       0       0
      Locals:         0       1       0       0       0
      Temps:          0       0       0       0       0
      Totals:         0       1       0       0       0
Total ram usage:        1 bytes
 Hardware stack levels used:    1
 Hardware stack levels required when called:    7
 This function calls:
		_DIO_SetPinValue
		_DIO_SetPortValue
 This function is called by:
		_vid_7_Segment_Display_2Digits
 This function uses a non-reentrant model


 *************** function _vid_Left_7_Segment_DisplayNumber *****************
 Defined at:
		line 49 in file "7_Segment_prog.c"
 Parameters:    Size  Location     Type
  u8_Number       1    wreg     unsigned char 
 Auto vars:     Size  Location     Type
  u8_Number       1   10[BANK0 ] unsigned char 
 Return value:  Size  Location     Type
                  1    wreg      void 
 Registers used:
		wreg, fsr0l, fsr0h, status,2, status,0, btemp+1, pclath, cstack
 Tracked objects:
		On entry : 
		On exit  : 
		Unchanged: 
 Data sizes:     COMMON   BANK0   BANK1   BANK3   BANK2
      Params:         0       0       0       0       0
      Locals:         0       1       0       0       0
      Temps:          0       0       0       0       0
      Totals:         0       1       0       0       0
Total ram usage:        1 bytes
 Hardware stack levels used:    1
 Hardware stack levels required when called:    7
 This function calls:
		_DIO_SetPinValue
		_DIO_SetPortValue
 This function is called by:
		_vid_7_Segment_Display_2Digits
 This function uses a non-reentrant model


 *************** function _DIO_SetPortValue *****************
 Defined at:
		line 148 in file "DIO_Prog.c"
 Parameters:    Size  Location     Type
  u8PortId        1    wreg     unsigned char 
  u8PortVal       1    5[BANK0 ] unsigned char 
 Auto vars:     Size  Location     Type
  u8PortId        1    8[BANK0 ] unsigned char 
 Return value:  Size  Location     Type
                  1    wreg      void 
 Registers used:
		wreg, fsr0l, fsr0h, status,2, status,0, btemp+1
 Tracked objects:
		On entry : 
		On exit  : 
		Unchanged: 
 Data sizes:     COMMON   BANK0   BANK1   BANK3   BANK2
      Params:         0       1       0       0       0
      Locals:         0       1       0       0       0
      Temps:          0       2       0       0       0
      Totals:         0       4       0       0       0
Total ram usage:        4 bytes
 Hardware stack levels used:    1
 Hardware stack levels required when called:    6
 This function calls:
		Nothing
 This function is called by:
		_vid_7_Segment_Init
		_vid_Left_7_Segment_DisplayNumber
		_vid_Right_7_Segment_DisplayNumber
 This function uses a non-reentrant model


 *************** function ___awmod *****************
 Defined at:
		line 5 in file "C:\Program Files\Microchip\xc8\v2.20\pic\sources\c90\common\awmod.c"
 Parameters:    Size  Location     Type
  divisor         2    5[BANK0 ] int 
  dividend        2    7[BANK0 ] int 
 Auto vars:     Size  Location     Type
  sign            1   10[BANK0 ] unsigned char 
  counter         1    9[BANK0 ] unsigned char 
 Return value:  Size  Location     Type
                  2    5[BANK0 ] int 
 Registers used:
		wreg, status,2, status,0, btemp+1
 Tracked objects:
		On entry : 
		On exit  : 
		Unchanged: 
 Data sizes:     COMMON   BANK0   BANK1   BANK3   BANK2
      Params:         0       4       0       0       0
      Locals:         0       2       0       0       0
      Temps:          0       0       0       0       0
      Totals:         0       6       0       0       0
Total ram usage:        6 bytes
 Hardware stack levels used:    1
 Hardware stack levels required when called:    6
 This function calls:
		Nothing
 This function is called by:
		_vid_7_Segment_Display_2Digits
 This function uses a non-reentrant model


 *************** function ___awdiv *****************
 Defined at:
		line 5 in file "C:\Program Files\Microchip\xc8\v2.20\pic\sources\c90\common\awdiv.c"
 Parameters:    Size  Location     Type
  divisor         2    5[BANK0 ] int 
  dividend        2    7[BANK0 ] int 
 Auto vars:     Size  Location     Type
  quotient        2   11[BANK0 ] int 
  sign            1   10[BANK0 ] unsigned char 
  counter         1    9[BANK0 ] unsigned char 
 Return value:  Size  Location     Type
                  2    5[BANK0 ] int 
 Registers used:
		wreg, status,2, status,0, btemp+1
 Tracked objects:
		On entry : 
		On exit  : 
		Unchanged: 
 Data sizes:     COMMON   BANK0   BANK1   BANK3   BANK2
      Params:         0       4       0       0       0
      Locals:         0       4       0       0       0
      Temps:          0       0       0       0       0
      Totals:         0       8       0       0       0
Total ram usage:        8 bytes
 Hardware stack levels used:    1
 Hardware stack levels required when called:    6
 This function calls:
		Nothing
 This function is called by:
		_vid_7_Segment_Display_2Digits
 This function uses a non-reentrant model


 *************** function _OFF_Mode *****************
 Defined at:
		line 67 in file "APP_Program.c"
 Parameters:    Size  Location     Type
		None
 Auto vars:     Size  Location     Type
		None
 Return value:  Size  Location     Type
                  1    wreg      void 
 Registers used:
		wreg, fsr0l, fsr0h, status,2, status,0, btemp+1, pclath, cstack
 Tracked objects:
		On entry : 
		On exit  : 
		Unchanged: 
 Data sizes:     COMMON   BANK0   BANK1   BANK3   BANK2
      Params:         0       0       0       0       0
      Locals:         0       0       0       0       0
      Temps:          0       0       0       0       0
      Totals:         0       0       0       0       0
Total ram usage:        0 bytes
 Hardware stack levels used:    1
 Hardware stack levels required when called:    8
 This function calls:
		_vid_7_Segment_DeInit
 This function is called by:
		_main
 This function uses a non-reentrant model


 *************** function _vid_7_Segment_DeInit *****************
 Defined at:
		line 41 in file "7_Segment_prog.c"
 Parameters:    Size  Location     Type
		None
 Auto vars:     Size  Location     Type
		None
 Return value:  Size  Location     Type
                  1    wreg      void 
 Registers used:
		wreg, fsr0l, fsr0h, status,2, status,0, btemp+1, pclath, cstack
 Tracked objects:
		On entry : 
		On exit  : 
		Unchanged: 
 Data sizes:     COMMON   BANK0   BANK1   BANK3   BANK2
      Params:         0       0       0       0       0
      Locals:         0       0       0       0       0
      Temps:          0       0       0       0       0
      Totals:         0       0       0       0       0
Total ram usage:        0 bytes
 Hardware stack levels used:    1
 Hardware stack levels required when called:    7
 This function calls:
		_DIO_SetPinValue
 This function is called by:
		_OFF_Mode
		_SetTemp_Mode
 This function uses a non-reentrant model


 *************** function _DIO_SetPinValue *****************
 Defined at:
		line 61 in file "DIO_Prog.c"
 Parameters:    Size  Location     Type
  u8PortIdCopy    1    wreg     unsigned char 
  u8PinIdCopy     1    5[BANK0 ] unsigned char 
  u8PinValCopy    1    6[BANK0 ] unsigned char 
 Auto vars:     Size  Location     Type
  u8PortIdCopy    1    9[BANK0 ] unsigned char 
 Return value:  Size  Location     Type
                  1    wreg      void 
 Registers used:
		wreg, fsr0l, fsr0h, status,2, status,0, btemp+1
 Tracked objects:
		On entry : 
		On exit  : 
		Unchanged: 
 Data sizes:     COMMON   BANK0   BANK1   BANK3   BANK2
      Params:         0       2       0       0       0
      Locals:         0       1       0       0       0
      Temps:          0       2       0       0       0
      Totals:         0       5       0       0       0
Total ram usage:        5 bytes
 Hardware stack levels used:    1
 Hardware stack levels required when called:    6
 This function calls:
		Nothing
 This function is called by:
		_vid_7_Segment_Init
		_vid_7_Segment_DeInit
		_vid_Left_7_Segment_DisplayNumber
		_vid_Right_7_Segment_DisplayNumber
		_vid_7_Segment_Display_2Digits
 This function uses a non-reentrant model


 *************** function _EXT_INT_Init *****************
 Defined at:
		line 66 in file "EXT_INT_Prog.c"
 Parameters:    Size  Location     Type
		None
 Auto vars:     Size  Location     Type
		None
 Return value:  Size  Location     Type
                  1    wreg      void 
 Registers used:
		wreg, fsr0l, fsr0h, status,2, status,0, btemp+1, pclath, cstack
 Tracked objects:
		On entry : 
		On exit  : 
		Unchanged: 
 Data sizes:     COMMON   BANK0   BANK1   BANK3   BANK2
      Params:         0       0       0       0       0
      Locals:         0       0       0       0       0
      Temps:          0       0       0       0       0
      Totals:         0       0       0       0       0
Total ram usage:        0 bytes
 Hardware stack levels used:    1
 Hardware stack levels required when called:    7
 This function calls:
		_DIO_SetPinDirection
 This function is called by:
		_main
 This function uses a non-reentrant model


 *************** function _DIO_SetPinDirection *****************
 Defined at:
		line 17 in file "DIO_Prog.c"
 Parameters:    Size  Location     Type
  u8PortIdCopy    1    wreg     unsigned char 
  u8PinIdCopy     1    5[BANK0 ] unsigned char 
  u8PinDirCopy    1    6[BANK0 ] unsigned char 
 Auto vars:     Size  Location     Type
  u8PortIdCopy    1    9[BANK0 ] unsigned char 
 Return value:  Size  Location     Type
                  1    wreg      void 
 Registers used:
		wreg, fsr0l, fsr0h, status,2, status,0, btemp+1
 Tracked objects:
		On entry : 
		On exit  : 
		Unchanged: 
 Data sizes:     COMMON   BANK0   BANK1   BANK3   BANK2
      Params:         0       2       0       0       0
      Locals:         0       1       0       0       0
      Temps:          0       2       0       0       0
      Totals:         0       5       0       0       0
Total ram usage:        5 bytes
 Hardware stack levels used:    1
 Hardware stack levels required when called:    6
 This function calls:
		Nothing
 This function is called by:
		_EXT_INT_Init
		_vid_7_Segment_Init
 This function uses a non-reentrant model


 *************** function _ISR *****************
 Defined at:
		line 82 in file "EXT_INT_Prog.c"
 Parameters:    Size  Location     Type
		None
 Auto vars:     Size  Location     Type
		None
 Return value:  Size  Location     Type
                  1    wreg      void 
 Registers used:
		wreg, fsr0l, fsr0h, status,2, status,0, btemp+1, pclath, cstack
 Tracked objects:
		On entry : 
		On exit  : 
		Unchanged: 
 Data sizes:     COMMON   BANK0   BANK1   BANK3   BANK2
      Params:         0       0       0       0       0
      Locals:         0       0       0       0       0
      Temps:          0       5       0       0       0
      Totals:         0       5       0       0       0
Total ram usage:        5 bytes
 Hardware stack levels used:    1
 Hardware stack levels required when called:    5
 This function calls:
		Absolute function
		_DIO_GetPinValue
		_RB0_Handler
		_RB4_Handler
		_RB5_Handler
 This function is called by:
		Interrupt level 1
 This function uses a non-reentrant model


 *************** function _RB5_Handler *****************
 Defined at:
		line 158 in file "APP_Program.c"
 Parameters:    Size  Location     Type
		None
 Auto vars:     Size  Location     Type
		None
 Return value:  Size  Location     Type
                  1    wreg      void 
 Registers used:
		wreg, status,2, status,0
 Tracked objects:
		On entry : 
		On exit  : 
		Unchanged: 
 Data sizes:     COMMON   BANK0   BANK1   BANK3   BANK2
      Params:         0       0       0       0       0
      Locals:         0       0       0       0       0
      Temps:          0       0       0       0       0
      Totals:         0       0       0       0       0
Total ram usage:        0 bytes
 Hardware stack levels used:    1
 This function calls:
		Nothing
 This function is called by:
		_SetCallBacks
		_ISR
 This function uses a non-reentrant model


 *************** function _RB4_Handler *****************
 Defined at:
		line 129 in file "APP_Program.c"
 Parameters:    Size  Location     Type
		None
 Auto vars:     Size  Location     Type
		None
 Return value:  Size  Location     Type
                  1    wreg      void 
 Registers used:
		wreg, status,2, status,0, btemp+1
 Tracked objects:
		On entry : 
		On exit  : 
		Unchanged: 
 Data sizes:     COMMON   BANK0   BANK1   BANK3   BANK2
      Params:         0       0       0       0       0
      Locals:         0       0       0       0       0
      Temps:          0       0       0       0       0
      Totals:         0       0       0       0       0
Total ram usage:        0 bytes
 Hardware stack levels used:    1
 This function calls:
		Nothing
 This function is called by:
		_SetCallBacks
		_ISR
 This function uses a non-reentrant model


 *************** function _RB0_Handler *****************
 Defined at:
		line 117 in file "APP_Program.c"
 Parameters:    Size  Location     Type
		None
 Auto vars:     Size  Location     Type
		None
 Return value:  Size  Location     Type
                  1    wreg      void 
 Registers used:
		wreg, fsr0l, fsr0h, status,2, status,0, btemp+1, pclath, cstack
 Tracked objects:
		On entry : 
		On exit  : 
		Unchanged: 
 Data sizes:     COMMON   BANK0   BANK1   BANK3   BANK2
      Params:         0       0       0       0       0
      Locals:         0       0       0       0       0
      Temps:          0       0       0       0       0
      Totals:         0       0       0       0       0
Total ram usage:        0 bytes
 Hardware stack levels used:    1
 Hardware stack levels required when called:    4
 This function calls:
		i1_OFF_Mode
		i1_ON_Mode
 This function is called by:
		_SetCallBacks
		_ISR
 This function uses a non-reentrant model


 *************** function i1_ON_Mode *****************
 Defined at:
		line 56 in file "APP_Program.c"
 Parameters:    Size  Location     Type
		None
 Auto vars:     Size  Location     Type
		None
 Return value:  Size  Location     Type
                  1    wreg      void 
 Registers used:
		wreg, fsr0l, fsr0h, status,2, status,0, btemp+1, pclath, cstack
 Tracked objects:
		On entry : 
		On exit  : 
		Unchanged: 
 Data sizes:     COMMON   BANK0   BANK1   BANK3   BANK2
      Params:         0       0       0       0       0
      Locals:         0       0       0       0       0
      Temps:          0       0       0       0       0
      Totals:         0       0       0       0       0
Total ram usage:        0 bytes
 Hardware stack levels used:    1
 Hardware stack levels required when called:    3
 This function calls:
		i1_vid_7_Segment_Display_2Digits
 This function is called by:
		_RB0_Handler
 This function uses a non-reentrant model


 *************** function i1_vid_7_Segment_Display_2Digits *****************
 Defined at:
		line 71 in file "7_Segment_prog.c"
 Parameters:    Size  Location     Type
  u8_Num          1    wreg     unsigned char 
 Auto vars:     Size  Location     Type
  u8_Num          1   12[COMMON] unsigned char 
  Stability       1   13[COMMON] unsigned char 
  Tens            1   11[COMMON] unsigned char 
  Ones            1   10[COMMON] unsigned char 
 Return value:  Size  Location     Type
                  1    wreg      void 
 Registers used:
		wreg, fsr0l, fsr0h, status,2, status,0, btemp+1, pclath, cstack
 Tracked objects:
		On entry : 
		On exit  : 
		Unchanged: 
 Data sizes:     COMMON   BANK0   BANK1   BANK3   BANK2
      Params:         0       0       0       0       0
      Locals:         4       0       0       0       0
      Temps:          2       0       0       0       0
      Totals:         6       0       0       0       0
Total ram usage:        6 bytes
 Hardware stack levels used:    1
 Hardware stack levels required when called:    2
 This function calls:
		i1_DIO_SetPinValue
		i1___awdiv
		i1___awmod
		i1_vid_Left_7_Segment_DisplayNumber
		i1_vid_Right_7_Segment_DisplayNumber
 This function is called by:
		i1_ON_Mode
 This function uses a non-reentrant model


 *************** function i1_vid_Right_7_Segment_DisplayNumber *****************
 Defined at:
		line 61 in file "7_Segment_prog.c"
 Parameters:    Size  Location     Type
  u8_Number       1    wreg     unsigned char 
 Auto vars:     Size  Location     Type
  u8_Number       1    5[COMMON] unsigned char 
 Return value:  Size  Location     Type
                  1    wreg      void 
 Registers used:
		wreg, fsr0l, fsr0h, status,2, status,0, btemp+1, pclath, cstack
 Tracked objects:
		On entry : 
		On exit  : 
		Unchanged: 
 Data sizes:     COMMON   BANK0   BANK1   BANK3   BANK2
      Params:         0       0       0       0       0
      Locals:         1       0       0       0       0
      Temps:          0       0       0       0       0
      Totals:         1       0       0       0       0
Total ram usage:        1 bytes
 Hardware stack levels used:    1
 Hardware stack levels required when called:    1
 This function calls:
		i1_DIO_SetPinValue
		i1_DIO_SetPortValue
 This function is called by:
		i1_vid_7_Segment_Display_2Digits
 This function uses a non-reentrant model


 *************** function i1_vid_Left_7_Segment_DisplayNumber *****************
 Defined at:
		line 49 in file "7_Segment_prog.c"
 Parameters:    Size  Location     Type
  u8_Number       1    wreg     unsigned char 
 Auto vars:     Size  Location     Type
  u8_Number       1    5[COMMON] unsigned char 
 Return value:  Size  Location     Type
                  1    wreg      void 
 Registers used:
		wreg, fsr0l, fsr0h, status,2, status,0, btemp+1, pclath, cstack
 Tracked objects:
		On entry : 
		On exit  : 
		Unchanged: 
 Data sizes:     COMMON   BANK0   BANK1   BANK3   BANK2
      Params:         0       0       0       0       0
      Locals:         1       0       0       0       0
      Temps:          0       0       0       0       0
      Totals:         1       0       0       0       0
Total ram usage:        1 bytes
 Hardware stack levels used:    1
 Hardware stack levels required when called:    1
 This function calls:
		i1_DIO_SetPinValue
		i1_DIO_SetPortValue
 This function is called by:
		i1_vid_7_Segment_Display_2Digits
 This function uses a non-reentrant model


 *************** function i1_DIO_SetPortValue *****************
 Defined at:
		line 148 in file "DIO_Prog.c"
 Parameters:    Size  Location     Type
  u8PortId        1    wreg     unsigned char 
  u8PortVal       1    0[COMMON] unsigned char 
 Auto vars:     Size  Location     Type
  u8PortId        1    3[COMMON] unsigned char 
 Return value:  Size  Location     Type
                  1    wreg      void 
 Registers used:
		wreg, fsr0l, fsr0h, status,2, status,0, btemp+1
 Tracked objects:
		On entry : 
		On exit  : 
		Unchanged: 
 Data sizes:     COMMON   BANK0   BANK1   BANK3   BANK2
      Params:         1       0       0       0       0
      Locals:         1       0       0       0       0
      Temps:          2       0       0       0       0
      Totals:         4       0       0       0       0
Total ram usage:        4 bytes
 Hardware stack levels used:    1
 This function calls:
		Nothing
 This function is called by:
		i1_vid_Left_7_Segment_DisplayNumber
		i1_vid_Right_7_Segment_DisplayNumber
 This function uses a non-reentrant model


 *************** function i1___awmod *****************
 Defined at:
		line 5 in file "C:\Program Files\Microchip\xc8\v2.20\pic\sources\c90\common\awmod.c"
 Parameters:    Size  Location     Type
  divisor         2    0[COMMON] int 
  dividend        2    2[COMMON] int 
 Auto vars:     Size  Location     Type
  sign            1    5[COMMON] unsigned char 
  counter         1    4[COMMON] unsigned char 
 Return value:  Size  Location     Type
                  2    0[COMMON] int 
 Registers used:
		wreg, status,2, status,0, btemp+1
 Tracked objects:
		On entry : 
		On exit  : 
		Unchanged: 
 Data sizes:     COMMON   BANK0   BANK1   BANK3   BANK2
      Params:         4       0       0       0       0
      Locals:         2       0       0       0       0
      Temps:          0       0       0       0       0
      Totals:         6       0       0       0       0
Total ram usage:        6 bytes
 Hardware stack levels used:    1
 This function calls:
		Nothing
 This function is called by:
		i1_vid_7_Segment_Display_2Digits
 This function uses a non-reentrant model


 *************** function i1___awdiv *****************
 Defined at:
		line 5 in file "C:\Program Files\Microchip\xc8\v2.20\pic\sources\c90\common\awdiv.c"
 Parameters:    Size  Location     Type
  divisor         2    0[COMMON] int 
  dividend        2    2[COMMON] int 
 Auto vars:     Size  Location     Type
  quotient        2    6[COMMON] int 
  sign            1    5[COMMON] unsigned char 
  counter         1    4[COMMON] unsigned char 
 Return value:  Size  Location     Type
                  2    0[COMMON] int 
 Registers used:
		wreg, status,2, status,0, btemp+1
 Tracked objects:
		On entry : 
		On exit  : 
		Unchanged: 
 Data sizes:     COMMON   BANK0   BANK1   BANK3   BANK2
      Params:         4       0       0       0       0
      Locals:         4       0       0       0       0
      Temps:          0       0       0       0       0
      Totals:         8       0       0       0       0
Total ram usage:        8 bytes
 Hardware stack levels used:    1
 This function calls:
		Nothing
 This function is called by:
		i1_vid_7_Segment_Display_2Digits
 This function uses a non-reentrant model


 *************** function i1_OFF_Mode *****************
 Defined at:
		line 67 in file "APP_Program.c"
 Parameters:    Size  Location     Type
		None
 Auto vars:     Size  Location     Type
		None
 Return value:  Size  Location     Type
                  1    wreg      void 
 Registers used:
		wreg, fsr0l, fsr0h, status,2, status,0, btemp+1, pclath, cstack
 Tracked objects:
		On entry : 
		On exit  : 
		Unchanged: 
 Data sizes:     COMMON   BANK0   BANK1   BANK3   BANK2
      Params:         0       0       0       0       0
      Locals:         0       0       0       0       0
      Temps:          0       0       0       0       0
      Totals:         0       0       0       0       0
Total ram usage:        0 bytes
 Hardware stack levels used:    1
 Hardware stack levels required when called:    2
 This function calls:
		i1_vid_7_Segment_DeInit
 This function is called by:
		_RB0_Handler
 This function uses a non-reentrant model


 *************** function i1_vid_7_Segment_DeInit *****************
 Defined at:
		line 41 in file "7_Segment_prog.c"
 Parameters:    Size  Location     Type
		None
 Auto vars:     Size  Location     Type
		None
 Return value:  Size  Location     Type
                  1    wreg      void 
 Registers used:
		wreg, fsr0l, fsr0h, status,2, status,0, btemp+1, pclath, cstack
 Tracked objects:
		On entry : 
		On exit  : 
		Unchanged: 
 Data sizes:     COMMON   BANK0   BANK1   BANK3   BANK2
      Params:         0       0       0       0       0
      Locals:         0       0       0       0       0
      Temps:          0       0       0       0       0
      Totals:         0       0       0       0       0
Total ram usage:        0 bytes
 Hardware stack levels used:    1
 Hardware stack levels required when called:    1
 This function calls:
		i1_DIO_SetPinValue
 This function is called by:
		i1_OFF_Mode
 This function uses a non-reentrant model


 *************** function i1_DIO_SetPinValue *****************
 Defined at:
		line 61 in file "DIO_Prog.c"
 Parameters:    Size  Location     Type
  u8PortIdCopy    1    wreg     unsigned char 
  u8PinIdCopy     1    0[COMMON] unsigned char 
  u8PinValCopy    1    1[COMMON] unsigned char 
 Auto vars:     Size  Location     Type
  u8PortIdCopy    1    4[COMMON] unsigned char 
 Return value:  Size  Location     Type
                  1    wreg      void 
 Registers used:
		wreg, fsr0l, fsr0h, status,2, status,0, btemp+1
 Tracked objects:
		On entry : 
		On exit  : 
		Unchanged: 
 Data sizes:     COMMON   BANK0   BANK1   BANK3   BANK2
      Params:         2       0       0       0       0
      Locals:         1       0       0       0       0
      Temps:          2       0       0       0       0
      Totals:         5       0       0       0       0
Total ram usage:        5 bytes
 Hardware stack levels used:    1
 This function calls:
		Nothing
 This function is called by:
		i1_vid_7_Segment_DeInit
		i1_vid_Left_7_Segment_DisplayNumber
		i1_vid_Right_7_Segment_DisplayNumber
		i1_vid_7_Segment_Display_2Digits
 This function uses a non-reentrant model


 *************** function _DIO_GetPinValue *****************
 Defined at:
		line 105 in file "DIO_Prog.c"
 Parameters:    Size  Location     Type
  u8PortIdCopy    1    wreg     unsigned char 
  u8PinIdCopy     1    0[COMMON] unsigned char 
 Auto vars:     Size  Location     Type
  u8PortIdCopy    1    3[COMMON] unsigned char 
  u8ResultLoca    1    4[COMMON] unsigned char 
 Return value:  Size  Location     Type
                  1    wreg      unsigned char 
 Registers used:
		wreg, fsr0l, fsr0h, status,2, status,0, btemp+1
 Tracked objects:
		On entry : 
		On exit  : 
		Unchanged: 
 Data sizes:     COMMON   BANK0   BANK1   BANK3   BANK2
      Params:         1       0       0       0       0
      Locals:         2       0       0       0       0
      Temps:          2       0       0       0       0
      Totals:         5       0       0       0       0
Total ram usage:        5 bytes
 Hardware stack levels used:    1
 This function calls:
		Nothing
 This function is called by:
		_ISR
 This function uses a non-reentrant model



MODULE INFORMATION

Module		Function		Class		Link	Load	Size
APP_Program.c
		_RB0_Handler   		CODE           	0F70	0000	20
		_SetCallBacks  		CODE           	0F83	0000	20
		_SystemVars_Init		CODE           	07F2	0000	12
		_RB4_Handler   		CODE           	0FE3	0000	30
		_ON_Mode       		CODE           	0F65	0000	12
		_RB5_Handler   		CODE           	0FAD	0000	28
		_SetTemp_Mode  		CODE           	05FD	0000	60
		_OFF_Mode      		CODE           	0F51	0000	10

APP_Program.c estimated size: 192

DIO_Prog.c
		_DIO_SetPinDirection		CODE           	0033	0000	205
		_DIO_GetPinValue		CODE           	02FE	0000	111
		_DIO_SetPinValue		CODE           	01C9	0000	189
		_DIO_SetPortDirection		CODE           	0671	0000	56
		_DIO_SetPortValue		CODE           	076F	0000	48

DIO_Prog.c estimated size: 609

EXT_INT_Prog.c
		_RB4_SetCallBack		CODE           	0F38	0000	9
		_ISR           		CODE           	0500	0000	92
		_RB5_SetCallBack		CODE           	0F40	0000	9
		_EXT_INT_Init  		CODE           	06DD	0000	51
		_RB0_SetCallBack		CODE           	0F30	0000	9

EXT_INT_Prog.c estimated size: 170

7_Segment_prog.c
		_vid_Right_7_Segment_DisplayNumber		CODE           	070F	0000	49
		_vid_Left_7_Segment_DisplayNumber		CODE           	073F	0000	49
		_vid_7_Segment_DeInit		CODE           	0FC8	0000	28
		_vid_7_Segment_Init		CODE           	05B4	0000	74
		_vid_7_Segment_Display_2Digits		CODE           	0285	0000	122

7_Segment_prog.c estimated size: 322

C:\Program Files\Microchip\xc8\v2.20\pic\sources\c90\common\awmod.c
		___awmod       		CODE           	04A5	0000	92

C:\Program Files\Microchip\xc8\v2.20\pic\sources\c90\common\awmod.c estimated size: 92

shared
		i1_vid_Right_7_Segment_DisplayNumber		CODE           	079E	0000	43
		i1_vid_7_Segment_DeInit		CODE           	0F96	0000	24
		_u8_Right_7Segment		STRING         	0806	0000	11
		__stringtab    		STRING         	0800	0000	7
		__i1fptable    		ENTRY          	0024	0000	16
		i1___awdiv     		CODE           	043E	0000	104
		__initialization		CODE           	0015	0000	11
		i1_DIO_SetPinValue		CODE           	00FF	0000	203
		i1___awmod     		CODE           	055B	0000	90
		_u8_Left_7Segment		STRING         	0810	0000	11
		i1_vid_Left_7_Segment_DisplayNumber		CODE           	07C8	0000	43
		i1_DIO_SetPortValue		CODE           	06A8	0000	54
		i1_OFF_Mode    		CODE           	0F48	0000	10
		i1_vid_7_Segment_Display_2Digits		CODE           	03D5	0000	106
		i1_ON_Mode     		CODE           	0F5A	0000	12

shared estimated size: 745

main.c
		_main          		CODE           	0638	0000	58

main.c estimated size: 58

C:\Program Files\Microchip\xc8\v2.20\pic\sources\c90\common\awdiv.c
		___awdiv       		CODE           	036C	0000	106

C:\Program Files\Microchip\xc8\v2.20\pic\sources\c90\common\awdiv.c estimated size: 106

