Microchip MPLAB XC8 Compiler V2.20

Linker command line:

-W-3 --edf=C:\Program Files\Microchip\xc8\v2.20\pic\dat\en_msgs.txt -cn \
  -h+dist/default/production\Water_Heater.X.production.sym \
  --cmf=dist/default/production\Water_Heater.X.production.cmf -z -Q16F877A \
  -oC:\Users\MOHAME~1\AppData\Local\Temp\s145c.2 --defsym=__MPLAB_BUILD=1 \
  -Mdist/default/production/Water_Heater.X.production.map -E1 \
  -ver=XC8 Compiler --acfsm=1493 -ASTACK=0110h-016Fh -pstack=STACK \
  -ACODE=00h-07FFhx4 -ASTRCODE=00h-01FFFh -ASTRING=00h-0FFhx32 \
  -ACONST=00h-0FFhx32 -AENTRY=00h-0FFhx32 -ACOMMON=070h-07Fh \
  -ABANK0=020h-06Fh -ABANK1=0A0h-0EFh -ABANK2=0110h-016Fh \
  -ABANK3=0190h-01EFh -ARAM=020h-06Fh,0A0h-0EFh,0110h-016Fh,0190h-01EFh \
  -AABS1=020h-07Fh,0A0h-0EFh,0110h-016Fh,0190h-01EFh -ASFR0=00h-01Fh \
  -ASFR1=080h-09Fh -ASFR2=0100h-010Fh -ASFR3=0180h-018Fh \
  -ACONFIG=02007h-02007h -DCONFIG=2 -AIDLOC=02000h-02003h -DIDLOC=2 \
  -preset_vec=00h,intentry=04h,init,end_init -ppowerup=CODE -pcinit=CODE \
  -pfunctab=ENTRY -AEEDATA=00h-0FFh/02100h -peeprom_data=EEDATA -DEEDATA=2 \
  -DCODE=2 -DSTRCODE=2 -DSTRING=2 -DCONST=2 -DENTRY=2 -k \
  C:\Users\MOHAME~1\AppData\Local\Temp\s145c.o \
  dist/default/production\Water_Heater.X.production.o 

Object code version is 3.11

Machine type is 16F877A



                Name                               Link     Load   Length Selector   Space Scale
C:\Users\MOHAME~1\AppData\Local\Temp\s145c.o
                end_init                             12       12        3        8       0
                reset_vec                             0        0        3        0       0
                config                             2007     2007        1        0       4
dist/default/production\Water_Heater.X.production.o
                cinit                                15       15        D        8       0
                functab                              22       22       10       44       0
                intentry                              4        4        E        8       0
                config                             2007     2007        1        0       4
                text56                              352      352       6E       64       0
                text55                              1CC      1CC       CA       64       0
                text54                              7E8      7E8       17       64       0
                text53                              C68      C68        D     18D0       0
                text52                              429      429       67       64       0
                text51                              5A5      5A5       59       64       0
                text50                              FCB      FCB       35     1F96       0
                text49                              DCB      DCB       2A     1B96       0
                text48                              DF5      DF5       2A     1BEA       0
                text47                              5FE      5FE       53       64       0
                text46                              C50      C50        C     18A0       0
                text45                              CE5      CE5       13     19CA       0
                text44                              D8C      D8C       1D     1B18       0
                text43                              D1E      D1E       1B     1A3C       0
                text42                              54A      54A       5B       64       0
                text41                              100      100       CC       64       0
                text40                              296      296       BC       64       0
                text39                              D54      D54       1C     1AA8       0
                text38                              F67      F67       32     1ECE       0
                text37                              D70      D70       1C     1AE0       0
                text36                              E1F      E1F       2A     1C3E       0
                text35                              D39      D39       1B     1A72       0
                text34                              C75      C75        D     18EA       0
                text33                              3C0      3C0       69       64       0
                text32                              4EF      4EF       5B       64       0
                text31                              E77      E77       2F     1CEE       0
                text30                              EA6      EA6       30     1D4C       0
                text29                              ED6      ED6       30     1DAC       0
                text28                              490      490       5F       64       0
                text27                              C5C      C5C        C     18B8       0
                text26                              C15      C15        8     182A       0
                text25                              C1D      C1D        8     183A       0
                text24                              C25      C25        8     184A       0
                text23                              CF8      CF8       13     19F0       0
                text22                              C82      C82        D     1904       0
                text21                              C35      C35        9     186A       0
                text20                              C3E      C3E        9     187C       0
                text19                              CB8      CB8        F     1970       0
                text18                              DA9      DA9       22     1B52       0
                text17                              651      651       4A       64       0
                text16                              F36      F36       31     1E6C       0
                text15                              C47      C47        9     188E       0
                text14                              F06      F06       30     1E0C       0
                text13                              F99      F99       32     1F32       0
                text12                              C8F      C8F        D     191E       0
                text11                              D0B      D0B       13     1A16       0
                text10                              E49      E49       2E     1C92       0
                text9                               C9C      C9C        E     1938       0
                text8                               CC7      CC7        F     198E       0
                text7                               CAA      CAA        E     1954       0
                text6                               CD6      CD6        F     19AC       0
                text5                               6E3      6E3       48       64       0
                text4                               72B      72B       46       64       0
                text3                                32       32       CE       64       0
                text2                               7B1      7B1       37       64       0
                text1                               771      771       40       64       0
                maintext                            69B      69B       48       64       0
                cstackBANK0                          39       39       19       20       1
                cstackCOMMON                         70       70        D       70       1
                clrtext                             C2D      C2D        8     185A       0
                bssBANK0                             20       20       19       20       1
                strings                             800      800       1A     1000       0

TOTAL           Name                               Link     Load   Length     Space
        CLASS   STACK          

        CLASS   CODE           
                end_init                             12       12        3         0
                cinit                                15       15        D         0
                intentry                              4        4        E         0
                reset_vec                             0        0        3         0
                text56                              352      352       6E         0
                text55                              1CC      1CC       CA         0
                text54                              7E8      7E8       17         0
                text53                              C68      C68        D         0
                text52                              429      429       67         0
                text51                              5A5      5A5       59         0
                text50                              FCB      FCB       35         0
                text49                              DCB      DCB       2A         0
                text48                              DF5      DF5       2A         0
                text47                              5FE      5FE       53         0
                text46                              C50      C50        C         0
                text45                              CE5      CE5       13         0
                text44                              D8C      D8C       1D         0
                text43                              D1E      D1E       1B         0
                text42                              54A      54A       5B         0
                text41                              100      100       CC         0
                text40                              296      296       BC         0
                text39                              D54      D54       1C         0
                text38                              F67      F67       32         0
                text37                              D70      D70       1C         0
                text36                              E1F      E1F       2A         0
                text35                              D39      D39       1B         0
                text34                              C75      C75        D         0
                text33                              3C0      3C0       69         0
                text32                              4EF      4EF       5B         0
                text31                              E77      E77       2F         0
                text30                              EA6      EA6       30         0
                text29                              ED6      ED6       30         0
                text28                              490      490       5F         0
                text27                              C5C      C5C        C         0
                text26                              C15      C15        8         0
                text25                              C1D      C1D        8         0
                text24                              C25      C25        8         0
                text23                              CF8      CF8       13         0
                text22                              C82      C82        D         0
                text21                              C35      C35        9         0
                text20                              C3E      C3E        9         0
                text19                              CB8      CB8        F         0
                text18                              DA9      DA9       22         0
                text17                              651      651       4A         0
                text16                              F36      F36       31         0
                text15                              C47      C47        9         0
                text14                              F06      F06       30         0
                text13                              F99      F99       32         0
                text12                              C8F      C8F        D         0
                text11                              D0B      D0B       13         0
                text10                              E49      E49       2E         0
                text9                               C9C      C9C        E         0
                text8                               CC7      CC7        F         0
                text7                               CAA      CAA        E         0
                text6                               CD6      CD6        F         0
                text5                               6E3      6E3       48         0
                text4                               72B      72B       46         0
                text3                                32       32       CE         0
                text2                               7B1      7B1       37         0
                text1                               771      771       40         0
                maintext                            69B      69B       48         0
                clrtext                             C2D      C2D        8         0

        CLASS   STRCODE        

        CLASS   STRING         
                strings                             800      800       1A         0

        CLASS   CONST          

        CLASS   ENTRY          
                functab                              22       22       10         0

        CLASS   COMMON         
                cstackCOMMON                         70       70        D         1

        CLASS   BANK0          
                cstackBANK0                          39       39       19         1
                bssBANK0                             20       20       19         1

        CLASS   BANK1          

        CLASS   BANK2          

        CLASS   BANK3          

        CLASS   RAM            

        CLASS   ABS1           
                abs_s1                               7E       7E        2         1

        CLASS   SFR0           

        CLASS   SFR1           

        CLASS   SFR2           

        CLASS   SFR3           

        CLASS   CONFIG         
                config                             2007     2007        1         4

        CLASS   IDLOC          

        CLASS   EEDATA         



SEGMENTS        Name                           Load    Length   Top    Selector   Space  Class     Delta

                reset_vec                      000000  000003  000003         0       0  CODE        2
                intentry                       000004  00001E  000022         8       0  CODE        2
                bssBANK0                       000020  000032  000052        20       1  BANK0       1
                functab                        000022  000010  000032        44       0  ENTRY       2
                text3                          000032  0007CD  0007FF        64       0  CODE        2
                cstackCOMMON                   000070  00000D  00007D        70       1  COMMON      1
                strings                        000800  00001A  00081A      1000       0  STRING      2
                text26                         000C15  000008  000C1D      182A       0  CODE        2
                text25                         000C1D  000008  000C25      183A       0  CODE        2
                text24                         000C25  000008  000C2D      184A       0  CODE        2
                clrtext                        000C2D  000008  000C35      185A       0  CODE        2
                text21                         000C35  000009  000C3E      186A       0  CODE        2
                text20                         000C3E  000009  000C47      187C       0  CODE        2
                text15                         000C47  000009  000C50      188E       0  CODE        2
                text46                         000C50  00000C  000C5C      18A0       0  CODE        2
                text27                         000C5C  00000C  000C68      18B8       0  CODE        2
                text53                         000C68  00000D  000C75      18D0       0  CODE        2
                text34                         000C75  00000D  000C82      18EA       0  CODE        2
                text22                         000C82  00000D  000C8F      1904       0  CODE        2
                text12                         000C8F  00000D  000C9C      191E       0  CODE        2
                text9                          000C9C  00000E  000CAA      1938       0  CODE        2
                text7                          000CAA  00000E  000CB8      1954       0  CODE        2
                text19                         000CB8  00000F  000CC7      1970       0  CODE        2
                text8                          000CC7  00000F  000CD6      198E       0  CODE        2
                text6                          000CD6  00000F  000CE5      19AC       0  CODE        2
                text45                         000CE5  000013  000CF8      19CA       0  CODE        2
                text23                         000CF8  000013  000D0B      19F0       0  CODE        2
                text11                         000D0B  000013  000D1E      1A16       0  CODE        2
                text43                         000D1E  00001B  000D39      1A3C       0  CODE        2
                text35                         000D39  00001B  000D54      1A72       0  CODE        2
                text39                         000D54  00001C  000D70      1AA8       0  CODE        2
                text37                         000D70  00001C  000D8C      1AE0       0  CODE        2
                text44                         000D8C  00001D  000DA9      1B18       0  CODE        2
                text18                         000DA9  000022  000DCB      1B52       0  CODE        2
                text49                         000DCB  00002A  000DF5      1B96       0  CODE        2
                text48                         000DF5  00002A  000E1F      1BEA       0  CODE        2
                text36                         000E1F  00002A  000E49      1C3E       0  CODE        2
                text10                         000E49  00002E  000E77      1C92       0  CODE        2
                text31                         000E77  00002F  000EA6      1CEE       0  CODE        2
                text30                         000EA6  000030  000ED6      1D4C       0  CODE        2
                text29                         000ED6  000030  000F06      1DAC       0  CODE        2
                text14                         000F06  000030  000F36      1E0C       0  CODE        2
                text16                         000F36  000031  000F67      1E6C       0  CODE        2
                text38                         000F67  000032  000F99      1ECE       0  CODE        2
                text13                         000F99  000032  000FCB      1F32       0  CODE        2
                text50                         000FCB  000035  001000      1F96       0  CODE        2


UNUSED ADDRESS RANGES

        Name                Unused          Largest block    Delta
        BANK0            0052-006F             1E           1
        BANK1            00A0-00EF             50           1
        BANK2            0110-016F             60           1
        BANK3            0190-01EF             60           1
        CODE             0003-0003              1           2
                         07FF-07FF              1
                         081A-0C14            3FB
                         1000-1FFF            800
        COMMON           007D-007D              1           1
        CONST            0003-0003              1           2
                         07FF-07FF              1
                         081A-0C14            100
                         1000-1FFF            100
        EEDATA           2100-21FF            100           2
        ENTRY            0003-0003              1           2
                         07FF-07FF              1
                         081A-0C14            100
                         1000-1FFF            100
        IDLOC            2000-2003              4           2
        RAM              0052-006F             1E           1
                         00A0-00EF             50
                         0110-016F             60
                         0190-01EF             60
        SFR0             0000-001F             20           1
        SFR1             0080-009F             20           1
        SFR2             0100-010F             10           1
        SFR3             0180-018F             10           1
        STACK            0110-016F             60           1
        STRCODE          0003-0003              1           2
                         07FF-07FF              1
                         081A-0C14            3FB
                         1000-1FFF           1000
        STRING           0003-0003              1           2
                         07FF-07FF              1
                         081A-0C14            100
                         1000-1FFF            100

                                  Symbol Table

?_ADC_Read                                    cstackBANK0  003E
?___awdiv                                     cstackBANK0  003E
?___awmod                                     cstackBANK0  003E
?___lmul                                      cstackBANK0  003E
?___lwdiv                                     cstackBANK0  003E
?i1___awdiv                                   cstackCOMMON 0070
?i1___awmod                                   cstackCOMMON 0070
ADC_Read@u8_Channel                           cstackBANK0  0041
DIO_GetPinValue@u8PinIdCopy                   cstackCOMMON 0070
DIO_GetPinValue@u8PortIdCopy                  cstackCOMMON 0073
DIO_GetPinValue@u8ResultLocal                 cstackCOMMON 0074
DIO_SetPinDirection@u8PinDirCopy              cstackBANK0  003F
DIO_SetPinDirection@u8PinIdCopy               cstackBANK0  003E
DIO_SetPinDirection@u8PortIdCopy              cstackBANK0  0042
DIO_SetPinValue@u8PinIdCopy                   cstackBANK0  003E
DIO_SetPinValue@u8PinValCopy                  cstackBANK0  003F
DIO_SetPinValue@u8PortIdCopy                  cstackBANK0  0042
DIO_SetPortDirection@u8PortDir                cstackBANK0  003E
DIO_SetPortDirection@u8PortId                 cstackBANK0  0041
DIO_SetPortValue@u8PortId                     cstackBANK0  0041
DIO_SetPortValue@u8PortVal                    cstackBANK0  003E
EEPROM_ReadFromEEPROM@Data                    cstackBANK0  0040
EEPROM_WriteToEEPROM@u8_Data                  cstackBANK0  003F
I2C_Read@ack                                  cstackBANK0  003E
I2C_Read@u8_DataRead                          cstackBANK0  003F
I2C_Write@u8_Data                             cstackBANK0  003E
RB0_SetCallBack@pFun                          cstackBANK0  003E
RB4_SetCallBack@pFun                          cstackBANK0  003E
RB5_SetCallBack@pFun                          cstackBANK0  003E
SetTemp_Mode@count                            cstackBANK0  004F
SetTemp_Mode@stability                        cstackBANK0  004E
Temp_ControlWaterTemp@iterator                cstackBANK0  004F
Temp_ControlWaterTemp@u16_Temp_Avg            cstackBANK0  0050
_ADC_Init                                     text12       0C8F
_ADC_Read                                     text10       0E49
_Cooler_Init                                  text39       0D54
_Cooler_TurnOff                               text9        0C9C
_Cooler_TurnOn                                text8        0CC7
_DIO_GetPinValue                              text56       0352
_DIO_SetPinDirection                          text41       0100
_DIO_SetPinValue                              text40       0296
_DIO_SetPortDirection                         text2        07B1
_DIO_SetPortValue                             text31       0E77
_EEPROM_ReadFromEEPROM                        text14       0F06
_EEPROM_WriteToEEPROM                         text18       0DA9
_EXT_INT_Init                                 text38       0F67
_GptrToFun_RB0                                bssBANK0     0031
_GptrToFun_RB4                                bssBANK0     0030
_GptrToFun_RB5                                bssBANK0     002F
_Heater_Init                                  text37       0D70
_Heater_TurnOff                               text7        0CAA
_Heater_TurnOn                                text6        0CD6
_I2CBegin                                     text21       0C35
_I2C_End                                      text20       0C3E
_I2C_Hold                                     text22       0C82
_I2C_Init                                     text36       0E1F
_I2C_Read                                     text16       0F36
_I2C_RepeatedStart                            text15       0C47
_I2C_Write                                    text19       0CB8
_ISR                                          text42       054A
_OFF_Mode                                     text34       0C75
_ON_Mode                                      text27       0C5C
_ON_OFF_Flag                                  bssBANK0     0036
_ON_OFF_Status                                bssBANK0     0037
_RB0_Handler                                  text45       0CE5
_RB0_SetCallBack                              text26       0C15
_RB4_Handler                                  text44       0D8C
_RB4_SetCallBack                              text25       0C1D
_RB5_Handler                                  text43       0D1E
_RB5_SetCallBack                              text24       0C25
_SetCallBacks                                 text23       0CF8
_SetTemp_Mode                                 text17       0651
_Set_Temp_Flag                                bssBANK0     0035
_SystemVars_Init                              text13       0F99
_TempChange_Status                            bssBANK0     0034
_TempSensor_Init                              text11       0D0B
_Temp_ControlWaterTemp                        text3        0032
__Habs1                                       abs1         0000
__Hbank0                                      bank0        0000
__Hbank1                                      bank1        0000
__Hbank2                                      bank2        0000
__Hbank3                                      bank3        0000
__HbssBANK0                                   bssBANK0     0000
__Hcinit                                      cinit        0022
__Hclrtext                                    clrtext      0000
__Hcode                                       code         0000
__Hcommon                                     common       0000
__Hconfig                                     config       2008
__HcstackBANK0                                cstackBANK0  0000
__HcstackCOMMON                               cstackCOMMON 0000
__Heeprom_data                                eeprom_data  0000
__Hend_init                                   end_init     0015
__Hfunctab                                    functab      0032
__Hinit                                       init         0012
__Hintentry                                   intentry     0012
__Hmaintext                                   maintext     0000
__Hpowerup                                    powerup      0000
__Hram                                        ram          0000
__Hreset_vec                                  reset_vec    0003
__Hsfr0                                       sfr0         0000
__Hsfr1                                       sfr1         0000
__Hsfr2                                       sfr2         0000
__Hsfr3                                       sfr3         0000
__Hspace_0                                    (abs)        1000
__Hspace_1                                    (abs)        007D
__Hspace_2                                    (abs)        0000
__Hspace_3                                    (abs)        0000
__Hspace_4                                    (abs)        400F
__Hstack                                      stack        0000
__Hstrings                                    strings      0000
__Htext                                       text         0000
__Labs1                                       abs1         0000
__Lbank0                                      bank0        0000
__Lbank1                                      bank1        0000
__Lbank2                                      bank2        0000
__Lbank3                                      bank3        0000
__LbssBANK0                                   bssBANK0     0000
__Lcinit                                      cinit        0015
__Lclrtext                                    clrtext      0000
__Lcode                                       code         0000
__Lcommon                                     common       0000
__Lconfig                                     config       0000
__LcstackBANK0                                cstackBANK0  0000
__LcstackCOMMON                               cstackCOMMON 0000
__Leeprom_data                                eeprom_data  0000
__Lend_init                                   end_init     0012
__Lfunctab                                    functab      0022
__Linit                                       init         0012
__Lintentry                                   intentry     0004
__Lmaintext                                   maintext     0000
__Lpowerup                                    powerup      0000
__Lram                                        ram          0000
__Lreset_vec                                  reset_vec    0000
__Lsfr0                                       sfr0         0000
__Lsfr1                                       sfr1         0000
__Lsfr2                                       sfr2         0000
__Lsfr3                                       sfr3         0000
__Lspace_0                                    (abs)        0000
__Lspace_1                                    (abs)        0000
__Lspace_2                                    (abs)        0000
__Lspace_3                                    (abs)        0000
__Lspace_4                                    (abs)        0000
__Lstack                                      stack        0000
__Lstrings                                    strings      0000
__Ltext                                       text         0000
__S0                                          (abs)        1000
__S1                                          (abs)        007D
__S2                                          (abs)        0000
__S3                                          (abs)        0000
___awdiv                                      text33       03C0
___awdiv@counter                              cstackBANK0  0042
___awdiv@dividend                             cstackBANK0  0040
___awdiv@divisor                              cstackBANK0  003E
___awdiv@quotient                             cstackBANK0  0044
___awdiv@sign                                 cstackBANK0  0043
___awmod                                      text32       04EF
___awmod@counter                              cstackBANK0  0042
___awmod@dividend                             cstackBANK0  0040
___awmod@divisor                              cstackBANK0  003E
___awmod@sign                                 cstackBANK0  0043
___int_sp                                     stack        0000
___latbits                                    (abs)        0002
___lmul                                       text5        06E3
___lmul@multiplicand                          cstackBANK0  0042
___lmul@multiplier                            cstackBANK0  003E
___lmul@product                               cstackBANK0  0047
___lwdiv                                      text4        072B
___lwdiv@counter                              cstackBANK0  0044
___lwdiv@dividend                             cstackBANK0  0040
___lwdiv@divisor                              cstackBANK0  003E
___lwdiv@quotient                             cstackBANK0  0042
___sp                                         stack        0000
___stackhi                                    (abs)        0000
___stacklo                                    (abs)        0000
__end_of_ADC_Init                             text12       0C9C
__end_of_ADC_Read                             text10       0E77
__end_of_Cooler_Init                          text39       0D70
__end_of_Cooler_TurnOff                       text9        0CAA
__end_of_Cooler_TurnOn                        text8        0CD6
__end_of_DIO_GetPinValue                      text56       03C0
__end_of_DIO_SetPinDirection                  text41       01CC
__end_of_DIO_SetPinValue                      text40       0352
__end_of_DIO_SetPortDirection                 text2        07E8
__end_of_DIO_SetPortValue                     text31       0EA6
__end_of_EEPROM_ReadFromEEPROM                text14       0F36
__end_of_EEPROM_WriteToEEPROM                 text18       0DCB
__end_of_EXT_INT_Init                         text38       0F99
__end_of_Heater_Init                          text37       0D8C
__end_of_Heater_TurnOff                       text7        0CB8
__end_of_Heater_TurnOn                        text6        0CE5
__end_of_I2CBegin                             text21       0C3E
__end_of_I2C_End                              text20       0C47
__end_of_I2C_Hold                             text22       0C8F
__end_of_I2C_Init                             text36       0E49
__end_of_I2C_Read                             text16       0F67
__end_of_I2C_RepeatedStart                    text15       0C50
__end_of_I2C_Write                            text19       0CC7
__end_of_ISR                                  text42       05A5
__end_of_OFF_Mode                             text34       0C82
__end_of_ON_Mode                              text27       0C68
__end_of_RB0_Handler                          text45       0CF8
__end_of_RB0_SetCallBack                      text26       0C1D
__end_of_RB4_Handler                          text44       0DA9
__end_of_RB4_SetCallBack                      text25       0C25
__end_of_RB5_Handler                          text43       0D39
__end_of_RB5_SetCallBack                      text24       0C2D
__end_of_SetCallBacks                         text23       0D0B
__end_of_SetTemp_Mode                         text17       069B
__end_of_SystemVars_Init                      text13       0FCB
__end_of_TempSensor_Init                      text11       0D1E
__end_of_Temp_ControlWaterTemp                text3        0100
__end_of___awdiv                              text33       0429
__end_of___awmod                              text32       054A
__end_of___lmul                               text5        072B
__end_of___lwdiv                              text4        0771
__end_of__i1fptable                           functab      0032
__end_of__initialization                      cinit        001E
__end_of__stringtab                           strings      0806
__end_of_main                                 maintext     06E3
__end_of_u8_Left_7Segment                     strings      081A
__end_of_u8_Right_7Segment                    strings      0810
__end_of_vid_7_Segment_DeInit                 text35       0D54
__end_of_vid_7_Segment_Display_2Digits        text28       04EF
__end_of_vid_7_Segment_Init                   text1        07B1
__end_of_vid_Left_7_Segment_DisplayNumber     text30       0ED6
__end_of_vid_Right_7_Segment_DisplayNumber    text29       0F06
__end_ofi1_DIO_SetPinValue                    text55       0296
__end_ofi1_DIO_SetPortValue                   text50       1000
__end_ofi1_OFF_Mode                           text53       0C75
__end_ofi1_ON_Mode                            text46       0C5C
__end_ofi1___awdiv                            text52       0490
__end_ofi1___awmod                            text51       05FE
__end_ofi1_vid_7_Segment_DeInit               text54       07FF
__end_ofi1_vid_7_Segment_Display_2Digits      text47       0651
__end_ofi1_vid_Left_7_Segment_DisplayNumber   text49       0DF5
__end_ofi1_vid_Right_7_Segment_DisplayNumber  text48       0E1F
__i1fptable                                   functab      0023
__initialization                              cinit        0015
__pbssBANK0                                   bssBANK0     0020
__pcstackBANK0                                cstackBANK0  0039
__pcstackCOMMON                               cstackCOMMON 0070
__pfunctab                                    functab      0022
__pintentry                                   intentry     0004
__pmaintext                                   maintext     069B
__pstrings                                    strings      0800
__ptext1                                      text1        0771
__ptext10                                     text10       0E49
__ptext11                                     text11       0D0B
__ptext12                                     text12       0C8F
__ptext13                                     text13       0F99
__ptext14                                     text14       0F06
__ptext15                                     text15       0C47
__ptext16                                     text16       0F36
__ptext17                                     text17       0651
__ptext18                                     text18       0DA9
__ptext19                                     text19       0CB8
__ptext2                                      text2        07B1
__ptext20                                     text20       0C3E
__ptext21                                     text21       0C35
__ptext22                                     text22       0C82
__ptext23                                     text23       0CF8
__ptext24                                     text24       0C25
__ptext25                                     text25       0C1D
__ptext26                                     text26       0C15
__ptext27                                     text27       0C5C
__ptext28                                     text28       0490
__ptext29                                     text29       0ED6
__ptext3                                      text3        0032
__ptext30                                     text30       0EA6
__ptext31                                     text31       0E77
__ptext32                                     text32       04EF
__ptext33                                     text33       03C0
__ptext34                                     text34       0C75
__ptext35                                     text35       0D39
__ptext36                                     text36       0E1F
__ptext37                                     text37       0D70
__ptext38                                     text38       0F67
__ptext39                                     text39       0D54
__ptext4                                      text4        072B
__ptext40                                     text40       0296
__ptext41                                     text41       0100
__ptext42                                     text42       054A
__ptext43                                     text43       0D1E
__ptext44                                     text44       0D8C
__ptext45                                     text45       0CE5
__ptext46                                     text46       0C50
__ptext47                                     text47       05FE
__ptext48                                     text48       0DF5
__ptext49                                     text49       0DCB
__ptext5                                      text5        06E3
__ptext50                                     text50       0FCB
__ptext51                                     text51       05A5
__ptext52                                     text52       0429
__ptext53                                     text53       0C68
__ptext54                                     text54       07E8
__ptext55                                     text55       01CC
__ptext56                                     text56       0352
__ptext6                                      text6        0CD6
__ptext7                                      text7        0CAA
__ptext8                                      text8        0CC7
__ptext9                                      text9        0C9C
__size_of_ADC_Init                            (abs)        0000
__size_of_ADC_Read                            (abs)        0000
__size_of_Cooler_Init                         (abs)        0000
__size_of_Cooler_TurnOff                      (abs)        0000
__size_of_Cooler_TurnOn                       (abs)        0000
__size_of_DIO_GetPinValue                     (abs)        0000
__size_of_DIO_SetPinDirection                 (abs)        0000
__size_of_DIO_SetPinValue                     (abs)        0000
__size_of_DIO_SetPortDirection                (abs)        0000
__size_of_DIO_SetPortValue                    (abs)        0000
__size_of_EEPROM_ReadFromEEPROM               (abs)        0000
__size_of_EEPROM_WriteToEEPROM                (abs)        0000
__size_of_EXT_INT_Init                        (abs)        0000
__size_of_Heater_Init                         (abs)        0000
__size_of_Heater_TurnOff                      (abs)        0000
__size_of_Heater_TurnOn                       (abs)        0000
__size_of_I2CBegin                            (abs)        0000
__size_of_I2C_End                             (abs)        0000
__size_of_I2C_Hold                            (abs)        0000
__size_of_I2C_Init                            (abs)        0000
__size_of_I2C_Read                            (abs)        0000
__size_of_I2C_RepeatedStart                   (abs)        0000
__size_of_I2C_Write                           (abs)        0000
__size_of_ISR                                 (abs)        0000
__size_of_OFF_Mode                            (abs)        0000
__size_of_ON_Mode                             (abs)        0000
__size_of_RB0_Handler                         (abs)        0000
__size_of_RB0_SetCallBack                     (abs)        0000
__size_of_RB4_Handler                         (abs)        0000
__size_of_RB4_SetCallBack                     (abs)        0000
__size_of_RB5_Handler                         (abs)        0000
__size_of_RB5_SetCallBack                     (abs)        0000
__size_of_SetCallBacks                        (abs)        0000
__size_of_SetTemp_Mode                        (abs)        0000
__size_of_SystemVars_Init                     (abs)        0000
__size_of_TempSensor_Init                     (abs)        0000
__size_of_Temp_ControlWaterTemp               (abs)        0000
__size_of___awdiv                             (abs)        0000
__size_of___awmod                             (abs)        0000
__size_of___lmul                              (abs)        0000
__size_of___lwdiv                             (abs)        0000
__size_of__i1fptable                          (abs)        0000
__size_of_main                                (abs)        0000
__size_of_vid_7_Segment_DeInit                (abs)        0000
__size_of_vid_7_Segment_Display_2Digits       (abs)        0000
__size_of_vid_7_Segment_Init                  (abs)        0000
__size_of_vid_Left_7_Segment_DisplayNumber    (abs)        0000
__size_of_vid_Right_7_Segment_DisplayNumber   (abs)        0000
__size_ofi1_DIO_SetPinValue                   (abs)        0000
__size_ofi1_DIO_SetPortValue                  (abs)        0000
__size_ofi1_OFF_Mode                          (abs)        0000
__size_ofi1_ON_Mode                           (abs)        0000
__size_ofi1___awdiv                           (abs)        0000
__size_ofi1___awmod                           (abs)        0000
__size_ofi1_vid_7_Segment_DeInit              (abs)        0000
__size_ofi1_vid_7_Segment_Display_2Digits     (abs)        0000
__size_ofi1_vid_Left_7_Segment_DisplayNumber  (abs)        0000
__size_ofi1_vid_Right_7_Segment_DisplayNumber (abs)        0000
__stringbase                                  strings      0805
__stringtab                                   strings      0800
_main                                         maintext     069B
_u16_ADC_Read                                 bssBANK0     002C
_u16_Voltage                                  bssBANK0     002A
_u8_Counter                                   bssBANK0     0032
_u8_Left_7Segment                             strings      0810
_u8_Right_7Segment                            strings      0806
_u8_Temp_Set                                  bssBANK0     0038
_u8_Water_Temp                                bssBANK0     0033
_u8_arr_Temp                                  bssBANK0     0020
_vid_7_Segment_DeInit                         text35       0D39
_vid_7_Segment_Display_2Digits                text28       0490
_vid_7_Segment_Init                           text1        0771
_vid_Left_7_Segment_DisplayNumber             text30       0EA6
_vid_Right_7_Segment_DisplayNumber            text29       0ED6
btemp                                         (abs)        007E
clear_ram0                                    clrtext      0C2D
end_of_initialization                         cinit        001E
fpbase                                        (abs)        0000
fptable                                       functab      0022
fptotal                                       (abs)        0000
i1DIO_SetPinValue@u8PinIdCopy                 cstackCOMMON 0070
i1DIO_SetPinValue@u8PinValCopy                cstackCOMMON 0071
i1DIO_SetPinValue@u8PortIdCopy                cstackCOMMON 0074
i1DIO_SetPortValue@u8PortId                   cstackCOMMON 0073
i1DIO_SetPortValue@u8PortVal                  cstackCOMMON 0070
i1_DIO_SetPinValue                            text55       01CC
i1_DIO_SetPortValue                           text50       0FCB
i1_OFF_Mode                                   text53       0C68
i1_ON_Mode                                    text46       0C50
i1___awdiv                                    text52       0429
i1___awdiv@counter                            cstackCOMMON 0074
i1___awdiv@dividend                           cstackCOMMON 0072
i1___awdiv@divisor                            cstackCOMMON 0070
i1___awdiv@quotient                           cstackCOMMON 0076
i1___awdiv@sign                               cstackCOMMON 0075
i1___awmod                                    text51       05A5
i1___awmod@counter                            cstackCOMMON 0074
i1___awmod@dividend                           cstackCOMMON 0072
i1___awmod@divisor                            cstackCOMMON 0070
i1___awmod@sign                               cstackCOMMON 0075
i1_vid_7_Segment_DeInit                       text54       07E8
i1_vid_7_Segment_Display_2Digits              text47       05FE
i1_vid_Left_7_Segment_DisplayNumber           text49       0DCB
i1_vid_Right_7_Segment_DisplayNumber          text48       0DF5
i1fpbase                                      functab      0028
i1fptable                                     functab      0023
i1fptotal                                     (abs)        0006
i1vid_7_Segment_Display_2Digits@Ones          cstackCOMMON 007A
i1vid_7_Segment_Display_2Digits@Tens          cstackCOMMON 007B
i1vid_7_Segment_Display_2Digits@u8_Num        cstackCOMMON 007C
i1vid_Left_7_Segment_DisplayNumber@u8_Number  cstackCOMMON 0075
i1vid_Right_7_Segment_DisplayNumber@u8_Number cstackCOMMON 0075
interrupt_function                            intentry     0004
intlevel0                                     functab      0022
intlevel1                                     functab      0022
intlevel2                                     functab      0022
intlevel3                                     functab      0022
intlevel4                                     functab      0022
intlevel5                                     functab      0022
reset_vec                                     reset_vec    0000
saved_w                                       (abs)        007E
start                                         init         0012
start_initialization                          cinit        0015
vid_7_Segment_Display_2Digits@Ones            cstackBANK0  0048
vid_7_Segment_Display_2Digits@Tens            cstackBANK0  0049
vid_7_Segment_Display_2Digits@u8_Num          cstackBANK0  004A
vid_Left_7_Segment_DisplayNumber@u8_Number    cstackBANK0  0043
vid_Right_7_Segment_DisplayNumber@u8_Number   cstackBANK0  0043
wtemp0                                        (abs)        007E


FUNCTION INFORMATION:

 *************** function _main *****************
 Defined at:
		line 33 in file "main.c"
 Parameters:    Size  Location     Type
		None
 Auto vars:     Size  Location     Type
		None
 Return value:  Size  Location     Type
                  1    wreg      void 
 Registers used:
		wreg, fsr0l, fsr0h, status,2, status,0, btemp+1, pclath, cstack
 Tracked objects:
		On entry : 
		On exit  : 
		Unchanged: 
 Data sizes:     COMMON   BANK0   BANK1   BANK3   BANK2
      Params:         0       0       0       0       0
      Locals:         0       0       0       0       0
      Temps:          0       0       0       0       0
      Totals:         0       0       0       0       0
Total ram usage:        0 bytes
 Hardware stack levels required when called:   10
 This function calls:
		_Cooler_Init
		_EXT_INT_Init
		_Heater_Init
		_I2C_Init
		_OFF_Mode
		_ON_Mode
		_SetCallBacks
		_SetTemp_Mode
		_SystemVars_Init
		_TempSensor_Init
		_Temp_ControlWaterTemp
		_vid_7_Segment_Init
 This function is called by:
		Startup code after reset
 This function uses a non-reentrant model


 *************** function _vid_7_Segment_Init *****************
 Defined at:
		line 28 in file "7_Segment_prog.c"
 Parameters:    Size  Location     Type
		None
 Auto vars:     Size  Location     Type
		None
 Return value:  Size  Location     Type
                  1    wreg      void 
 Registers used:
		wreg, fsr0l, fsr0h, status,2, status,0, btemp+1, pclath, cstack
 Tracked objects:
		On entry : 
		On exit  : 
		Unchanged: 
 Data sizes:     COMMON   BANK0   BANK1   BANK3   BANK2
      Params:         0       0       0       0       0
      Locals:         0       0       0       0       0
      Temps:          0       0       0       0       0
      Totals:         0       0       0       0       0
Total ram usage:        0 bytes
 Hardware stack levels used:    1
 Hardware stack levels required when called:    7
 This function calls:
		_DIO_SetPinDirection
		_DIO_SetPinValue
		_DIO_SetPortDirection
 This function is called by:
		_main
 This function uses a non-reentrant model


 *************** function _DIO_SetPortDirection *****************
 Defined at:
		line 133 in file "DIO_Prog.c"
 Parameters:    Size  Location     Type
  u8PortId        1    wreg     unsigned char 
  u8PortDir       1    5[BANK0 ] unsigned char 
 Auto vars:     Size  Location     Type
  u8PortId        1    8[BANK0 ] unsigned char 
 Return value:  Size  Location     Type
                  1    wreg      void 
 Registers used:
		wreg, fsr0l, fsr0h, status,2, status,0, btemp+1
 Tracked objects:
		On entry : 
		On exit  : 
		Unchanged: 
 Data sizes:     COMMON   BANK0   BANK1   BANK3   BANK2
      Params:         0       1       0       0       0
      Locals:         0       1       0       0       0
      Temps:          0       2       0       0       0
      Totals:         0       4       0       0       0
Total ram usage:        4 bytes
 Hardware stack levels used:    1
 Hardware stack levels required when called:    6
 This function calls:
		Nothing
 This function is called by:
		_vid_7_Segment_Init
 This function uses a non-reentrant model


 *************** function _Temp_ControlWaterTemp *****************
 Defined at:
		line 307 in file "APP_Program.c"
 Parameters:    Size  Location     Type
		None
 Auto vars:     Size  Location     Type
  u16_Temp_Avg    2   23[BANK0 ] unsigned short 
  iterator        1   22[BANK0 ] unsigned char 
 Return value:  Size  Location     Type
                  1    wreg      void 
 Registers used:
		wreg, fsr0l, fsr0h, status,2, status,0, btemp+1, pclath, cstack
 Tracked objects:
		On entry : 
		On exit  : 
		Unchanged: 
 Data sizes:     COMMON   BANK0   BANK1   BANK3   BANK2
      Params:         0       0       0       0       0
      Locals:         0       3       0       0       0
      Temps:          0       4       0       0       0
      Totals:         0       7       0       0       0
Total ram usage:        7 bytes
 Hardware stack levels used:    1
 Hardware stack levels required when called:    8
 This function calls:
		_ADC_Read
		_Cooler_TurnOff
		_Cooler_TurnOn
		_Heater_TurnOff
		_Heater_TurnOn
		___lmul
		___lwdiv
 This function is called by:
		_main
 This function uses a non-reentrant model


 *************** function ___lwdiv *****************
 Defined at:
		line 5 in file "C:\Program Files\Microchip\xc8\v2.20\pic\sources\c90\common\lwdiv.c"
 Parameters:    Size  Location     Type
  divisor         2    5[BANK0 ] unsigned int 
  dividend        2    7[BANK0 ] unsigned int 
 Auto vars:     Size  Location     Type
  quotient        2    9[BANK0 ] unsigned int 
  counter         1   11[BANK0 ] unsigned char 
 Return value:  Size  Location     Type
                  2    5[BANK0 ] unsigned int 
 Registers used:
		wreg, status,2, status,0, btemp+1
 Tracked objects:
		On entry : 
		On exit  : 
		Unchanged: 
 Data sizes:     COMMON   BANK0   BANK1   BANK3   BANK2
      Params:         0       4       0       0       0
      Locals:         0       3       0       0       0
      Temps:          0       0       0       0       0
      Totals:         0       7       0       0       0
Total ram usage:        7 bytes
 Hardware stack levels used:    1
 Hardware stack levels required when called:    6
 This function calls:
		Nothing
 This function is called by:
		_Temp_ControlWaterTemp
 This function uses a non-reentrant model


 *************** function ___lmul *****************
 Defined at:
		line 15 in file "C:\Program Files\Microchip\xc8\v2.20\pic\sources\c90\common\Umul32.c"
 Parameters:    Size  Location     Type
  multiplier      4    5[BANK0 ] unsigned long 
  multiplicand    4    9[BANK0 ] unsigned long 
 Auto vars:     Size  Location     Type
  product         4   14[BANK0 ] unsigned long 
 Return value:  Size  Location     Type
                  4    5[BANK0 ] unsigned long 
 Registers used:
		wreg, status,2, status,0
 Tracked objects:
		On entry : 
		On exit  : 
		Unchanged: 
 Data sizes:     COMMON   BANK0   BANK1   BANK3   BANK2
      Params:         0       8       0       0       0
      Locals:         0       4       0       0       0
      Temps:          0       1       0       0       0
      Totals:         0      13       0       0       0
Total ram usage:       13 bytes
 Hardware stack levels used:    1
 Hardware stack levels required when called:    6
 This function calls:
		Nothing
 This function is called by:
		_Temp_ControlWaterTemp
 This function uses a non-reentrant model


 *************** function _Heater_TurnOn *****************
 Defined at:
		line 282 in file "APP_Program.c"
 Parameters:    Size  Location     Type
		None
 Auto vars:     Size  Location     Type
		None
 Return value:  Size  Location     Type
                  1    wreg      void 
 Registers used:
		wreg, fsr0l, fsr0h, status,2, status,0, btemp+1, pclath, cstack
 Tracked objects:
		On entry : 
		On exit  : 
		Unchanged: 
 Data sizes:     COMMON   BANK0   BANK1   BANK3   BANK2
      Params:         0       0       0       0       0
      Locals:         0       0       0       0       0
      Temps:          0       0       0       0       0
      Totals:         0       0       0       0       0
Total ram usage:        0 bytes
 Hardware stack levels used:    1
 Hardware stack levels required when called:    7
 This function calls:
		_DIO_SetPinValue
 This function is called by:
		_Temp_ControlWaterTemp
 This function uses a non-reentrant model


 *************** function _Heater_TurnOff *****************
 Defined at:
		line 289 in file "APP_Program.c"
 Parameters:    Size  Location     Type
		None
 Auto vars:     Size  Location     Type
		None
 Return value:  Size  Location     Type
                  1    wreg      void 
 Registers used:
		wreg, fsr0l, fsr0h, status,2, status,0, btemp+1, pclath, cstack
 Tracked objects:
		On entry : 
		On exit  : 
		Unchanged: 
 Data sizes:     COMMON   BANK0   BANK1   BANK3   BANK2
      Params:         0       0       0       0       0
      Locals:         0       0       0       0       0
      Temps:          0       0       0       0       0
      Totals:         0       0       0       0       0
Total ram usage:        0 bytes
 Hardware stack levels used:    1
 Hardware stack levels required when called:    7
 This function calls:
		_DIO_SetPinValue
 This function is called by:
		_Temp_ControlWaterTemp
 This function uses a non-reentrant model


 *************** function _Cooler_TurnOn *****************
 Defined at:
		line 256 in file "APP_Program.c"
 Parameters:    Size  Location     Type
		None
 Auto vars:     Size  Location     Type
		None
 Return value:  Size  Location     Type
                  1    wreg      void 
 Registers used:
		wreg, fsr0l, fsr0h, status,2, status,0, btemp+1, pclath, cstack
 Tracked objects:
		On entry : 
		On exit  : 
		Unchanged: 
 Data sizes:     COMMON   BANK0   BANK1   BANK3   BANK2
      Params:         0       0       0       0       0
      Locals:         0       0       0       0       0
      Temps:          0       0       0       0       0
      Totals:         0       0       0       0       0
Total ram usage:        0 bytes
 Hardware stack levels used:    1
 Hardware stack levels required when called:    7
 This function calls:
		_DIO_SetPinValue
 This function is called by:
		_Temp_ControlWaterTemp
 This function uses a non-reentrant model


 *************** function _Cooler_TurnOff *****************
 Defined at:
		line 263 in file "APP_Program.c"
 Parameters:    Size  Location     Type
		None
 Auto vars:     Size  Location     Type
		None
 Return value:  Size  Location     Type
                  1    wreg      void 
 Registers used:
		wreg, fsr0l, fsr0h, status,2, status,0, btemp+1, pclath, cstack
 Tracked objects:
		On entry : 
		On exit  : 
		Unchanged: 
 Data sizes:     COMMON   BANK0   BANK1   BANK3   BANK2
      Params:         0       0       0       0       0
      Locals:         0       0       0       0       0
      Temps:          0       0       0       0       0
      Totals:         0       0       0       0       0
Total ram usage:        0 bytes
 Hardware stack levels used:    1
 Hardware stack levels required when called:    7
 This function calls:
		_DIO_SetPinValue
 This function is called by:
		_Temp_ControlWaterTemp
 This function uses a non-reentrant model


 *************** function _ADC_Read *****************
 Defined at:
		line 30 in file "ADC_Prog.c"
 Parameters:    Size  Location     Type
  u8_Channel      1    wreg     unsigned char 
 Auto vars:     Size  Location     Type
  u8_Channel      1    8[BANK0 ] unsigned char 
 Return value:  Size  Location     Type
                  2    5[BANK0 ] unsigned short 
 Registers used:
		wreg, status,2, status,0, btemp+1
 Tracked objects:
		On entry : 
		On exit  : 
		Unchanged: 
 Data sizes:     COMMON   BANK0   BANK1   BANK3   BANK2
      Params:         0       2       0       0       0
      Locals:         0       1       0       0       0
      Temps:          0       1       0       0       0
      Totals:         0       4       0       0       0
Total ram usage:        4 bytes
 Hardware stack levels used:    1
 Hardware stack levels required when called:    6
 This function calls:
		Nothing
 This function is called by:
		_Temp_ControlWaterTemp
 This function uses a non-reentrant model


 *************** function _TempSensor_Init *****************
 Defined at:
		line 299 in file "APP_Program.c"
 Parameters:    Size  Location     Type
		None
 Auto vars:     Size  Location     Type
		None
 Return value:  Size  Location     Type
                  1    wreg      void 
 Registers used:
		wreg, fsr0l, fsr0h, status,2, status,0, btemp+1, pclath, cstack
 Tracked objects:
		On entry : 
		On exit  : 
		Unchanged: 
 Data sizes:     COMMON   BANK0   BANK1   BANK3   BANK2
      Params:         0       0       0       0       0
      Locals:         0       0       0       0       0
      Temps:          0       0       0       0       0
      Totals:         0       0       0       0       0
Total ram usage:        0 bytes
 Hardware stack levels used:    1
 Hardware stack levels required when called:    7
 This function calls:
		_ADC_Init
		_DIO_SetPinDirection
 This function is called by:
		_main
 This function uses a non-reentrant model


 *************** function _ADC_Init *****************
 Defined at:
		line 12 in file "ADC_Prog.c"
 Parameters:    Size  Location     Type
		None
 Auto vars:     Size  Location     Type
		None
 Return value:  Size  Location     Type
                  1    wreg      void 
 Registers used:
		wreg, btemp+1
 Tracked objects:
		On entry : 
		On exit  : 
		Unchanged: 
 Data sizes:     COMMON   BANK0   BANK1   BANK3   BANK2
      Params:         0       0       0       0       0
      Locals:         0       0       0       0       0
      Temps:          0       0       0       0       0
      Totals:         0       0       0       0       0
Total ram usage:        0 bytes
 Hardware stack levels used:    1
 Hardware stack levels required when called:    6
 This function calls:
		Nothing
 This function is called by:
		_TempSensor_Init
 This function uses a non-reentrant model


 *************** function _SystemVars_Init *****************
 Defined at:
		line 55 in file "APP_Program.c"
 Parameters:    Size  Location     Type
		None
 Auto vars:     Size  Location     Type
		None
 Return value:  Size  Location     Type
                  1    wreg      void 
 Registers used:
		wreg, status,2, status,0, btemp+1, pclath, cstack
 Tracked objects:
		On entry : 
		On exit  : 
		Unchanged: 
 Data sizes:     COMMON   BANK0   BANK1   BANK3   BANK2
      Params:         0       0       0       0       0
      Locals:         0       0       0       0       0
      Temps:          0       1       0       0       0
      Totals:         0       1       0       0       0
Total ram usage:        1 bytes
 Hardware stack levels used:    1
 Hardware stack levels required when called:    9
 This function calls:
		_EEPROM_ReadFromEEPROM
		_EEPROM_WriteToEEPROM
 This function is called by:
		_main
 This function uses a non-reentrant model


 *************** function _EEPROM_ReadFromEEPROM *****************
 Defined at:
		line 38 in file "EEPROM_Prog.c"
 Parameters:    Size  Location     Type
		None
 Auto vars:     Size  Location     Type
  Data            1    7[BANK0 ] unsigned char 
 Return value:  Size  Location     Type
                  1    wreg      unsigned char 
 Registers used:
		wreg, status,2, status,0, btemp+1, pclath, cstack
 Tracked objects:
		On entry : 
		On exit  : 
		Unchanged: 
 Data sizes:     COMMON   BANK0   BANK1   BANK3   BANK2
      Params:         0       0       0       0       0
      Locals:         0       1       0       0       0
      Temps:          0       0       0       0       0
      Totals:         0       1       0       0       0
Total ram usage:        1 bytes
 Hardware stack levels used:    1
 Hardware stack levels required when called:    8
 This function calls:
		_I2CBegin
		_I2C_End
		_I2C_Read
		_I2C_RepeatedStart
		_I2C_Write
 This function is called by:
		_SystemVars_Init
 This function uses a non-reentrant model


 *************** function _I2C_RepeatedStart *****************
 Defined at:
		line 49 in file "I2C_Prog.c"
 Parameters:    Size  Location     Type
		None
 Auto vars:     Size  Location     Type
		None
 Return value:  Size  Location     Type
                  1    wreg      void 
 Registers used:
		wreg, status,2, status,0, pclath, cstack
 Tracked objects:
		On entry : 
		On exit  : 
		Unchanged: 
 Data sizes:     COMMON   BANK0   BANK1   BANK3   BANK2
      Params:         0       0       0       0       0
      Locals:         0       0       0       0       0
      Temps:          0       0       0       0       0
      Totals:         0       0       0       0       0
Total ram usage:        0 bytes
 Hardware stack levels used:    1
 Hardware stack levels required when called:    7
 This function calls:
		_I2C_Hold
 This function is called by:
		_EEPROM_ReadFromEEPROM
 This function uses a non-reentrant model


 *************** function _I2C_Read *****************
 Defined at:
		line 76 in file "I2C_Prog.c"
 Parameters:    Size  Location     Type
  ack             1    wreg     unsigned char 
 Auto vars:     Size  Location     Type
  ack             1    5[BANK0 ] unsigned char 
  u8_DataRead     1    6[BANK0 ] unsigned char 
 Return value:  Size  Location     Type
                  1    wreg      unsigned char 
 Registers used:
		wreg, status,2, status,0, btemp+1, pclath, cstack
 Tracked objects:
		On entry : 
		On exit  : 
		Unchanged: 
 Data sizes:     COMMON   BANK0   BANK1   BANK3   BANK2
      Params:         0       0       0       0       0
      Locals:         0       2       0       0       0
      Temps:          0       0       0       0       0
      Totals:         0       2       0       0       0
Total ram usage:        2 bytes
 Hardware stack levels used:    1
 Hardware stack levels required when called:    7
 This function calls:
		_I2C_Hold
 This function is called by:
		_EEPROM_ReadFromEEPROM
 This function uses a non-reentrant model


 *************** function _SetTemp_Mode *****************
 Defined at:
		line 129 in file "APP_Program.c"
 Parameters:    Size  Location     Type
		None
 Auto vars:     Size  Location     Type
  count           1   22[BANK0 ] unsigned char 
  stability       1   21[BANK0 ] unsigned char 
 Return value:  Size  Location     Type
                  1    wreg      void 
 Registers used:
		wreg, fsr0l, fsr0h, status,2, status,0, btemp+1, pclath, cstack
 Tracked objects:
		On entry : 
		On exit  : 
		Unchanged: 
 Data sizes:     COMMON   BANK0   BANK1   BANK3   BANK2
      Params:         0       0       0       0       0
      Locals:         0       2       0       0       0
      Temps:          0       3       0       0       0
      Totals:         0       5       0       0       0
Total ram usage:        5 bytes
 Hardware stack levels used:    1
 Hardware stack levels required when called:    9
 This function calls:
		_EEPROM_WriteToEEPROM
		_vid_7_Segment_DeInit
		_vid_7_Segment_Display_2Digits
 This function is called by:
		_main
 This function uses a non-reentrant model


 *************** function _EEPROM_WriteToEEPROM *****************
 Defined at:
		line 26 in file "EEPROM_Prog.c"
 Parameters:    Size  Location     Type
  u8_Data         1    wreg     unsigned char 
 Auto vars:     Size  Location     Type
  u8_Data         1    6[BANK0 ] unsigned char 
 Return value:  Size  Location     Type
                  1    wreg      void 
 Registers used:
		wreg, status,2, status,0, btemp+1, pclath, cstack
 Tracked objects:
		On entry : 
		On exit  : 
		Unchanged: 
 Data sizes:     COMMON   BANK0   BANK1   BANK3   BANK2
      Params:         0       0       0       0       0
      Locals:         0       1       0       0       0
      Temps:          0       0       0       0       0
      Totals:         0       1       0       0       0
Total ram usage:        1 bytes
 Hardware stack levels used:    1
 Hardware stack levels required when called:    8
 This function calls:
		_I2CBegin
		_I2C_End
		_I2C_Write
 This function is called by:
		_SystemVars_Init
		_SetTemp_Mode
 This function uses a non-reentrant model


 *************** function _I2C_Write *****************
 Defined at:
		line 67 in file "I2C_Prog.c"
 Parameters:    Size  Location     Type
  u8_Data         1    wreg     unsigned char 
 Auto vars:     Size  Location     Type
  u8_Data         1    5[BANK0 ] unsigned char 
 Return value:  Size  Location     Type
                  1    wreg      void 
 Registers used:
		wreg, status,2, status,0, btemp+1, pclath, cstack
 Tracked objects:
		On entry : 
		On exit  : 
		Unchanged: 
 Data sizes:     COMMON   BANK0   BANK1   BANK3   BANK2
      Params:         0       0       0       0       0
      Locals:         0       1       0       0       0
      Temps:          0       0       0       0       0
      Totals:         0       1       0       0       0
Total ram usage:        1 bytes
 Hardware stack levels used:    1
 Hardware stack levels required when called:    7
 This function calls:
		_I2C_Hold
 This function is called by:
		_EEPROM_WriteToEEPROM
		_EEPROM_ReadFromEEPROM
 This function uses a non-reentrant model


 *************** function _I2C_End *****************
 Defined at:
		line 57 in file "I2C_Prog.c"
 Parameters:    Size  Location     Type
		None
 Auto vars:     Size  Location     Type
		None
 Return value:  Size  Location     Type
                  1    wreg      void 
 Registers used:
		wreg, status,2, status,0, pclath, cstack
 Tracked objects:
		On entry : 
		On exit  : 
		Unchanged: 
 Data sizes:     COMMON   BANK0   BANK1   BANK3   BANK2
      Params:         0       0       0       0       0
      Locals:         0       0       0       0       0
      Temps:          0       0       0       0       0
      Totals:         0       0       0       0       0
Total ram usage:        0 bytes
 Hardware stack levels used:    1
 Hardware stack levels required when called:    7
 This function calls:
		_I2C_Hold
 This function is called by:
		_EEPROM_WriteToEEPROM
		_EEPROM_ReadFromEEPROM
 This function uses a non-reentrant model


 *************** function _I2CBegin *****************
 Defined at:
		line 42 in file "I2C_Prog.c"
 Parameters:    Size  Location     Type
		None
 Auto vars:     Size  Location     Type
		None
 Return value:  Size  Location     Type
                  1    wreg      void 
 Registers used:
		wreg, status,2, status,0, pclath, cstack
 Tracked objects:
		On entry : 
		On exit  : 
		Unchanged: 
 Data sizes:     COMMON   BANK0   BANK1   BANK3   BANK2
      Params:         0       0       0       0       0
      Locals:         0       0       0       0       0
      Temps:          0       0       0       0       0
      Totals:         0       0       0       0       0
Total ram usage:        0 bytes
 Hardware stack levels used:    1
 Hardware stack levels required when called:    7
 This function calls:
		_I2C_Hold
 This function is called by:
		_EEPROM_WriteToEEPROM
		_EEPROM_ReadFromEEPROM
 This function uses a non-reentrant model


 *************** function _I2C_Hold *****************
 Defined at:
		line 34 in file "I2C_Prog.c"
 Parameters:    Size  Location     Type
		None
 Auto vars:     Size  Location     Type
		None
 Return value:  Size  Location     Type
                  1    wreg      void 
 Registers used:
		wreg, status,2
 Tracked objects:
		On entry : 
		On exit  : 
		Unchanged: 
 Data sizes:     COMMON   BANK0   BANK1   BANK3   BANK2
      Params:         0       0       0       0       0
      Locals:         0       0       0       0       0
      Temps:          0       0       0       0       0
      Totals:         0       0       0       0       0
Total ram usage:        0 bytes
 Hardware stack levels used:    1
 Hardware stack levels required when called:    6
 This function calls:
		Nothing
 This function is called by:
		_I2CBegin
		_I2C_RepeatedStart
		_I2C_End
		_I2C_Write
		_I2C_Read
 This function uses a non-reentrant model


 *************** function _SetCallBacks *****************
 Defined at:
		line 45 in file "APP_Program.c"
 Parameters:    Size  Location     Type
		None
 Auto vars:     Size  Location     Type
		None
 Return value:  Size  Location     Type
                  1    wreg      void 
 Registers used:
		wreg, status,2, status,0, btemp+1, pclath, cstack
 Tracked objects:
		On entry : 
		On exit  : 
		Unchanged: 
 Data sizes:     COMMON   BANK0   BANK1   BANK3   BANK2
      Params:         0       0       0       0       0
      Locals:         0       0       0       0       0
      Temps:          0       0       0       0       0
      Totals:         0       0       0       0       0
Total ram usage:        0 bytes
 Hardware stack levels used:    1
 Hardware stack levels required when called:    7
 This function calls:
		_RB0_SetCallBack
		_RB4_SetCallBack
		_RB5_SetCallBack
 This function is called by:
		_main
 This function uses a non-reentrant model


 *************** function _RB5_SetCallBack *****************
 Defined at:
		line 49 in file "EXT_INT_Prog.c"
 Parameters:    Size  Location     Type
  pFun            1    wreg     PTR FTN()void 
		 -> RB5_Handler(1), 
 Auto vars:     Size  Location     Type
  pFun            1    5[BANK0 ] PTR FTN()void 
		 -> RB5_Handler(1), 
 Return value:  Size  Location     Type
                  1    wreg      void 
 Registers used:
		wreg, btemp+1
 Tracked objects:
		On entry : 
		On exit  : 
		Unchanged: 
 Data sizes:     COMMON   BANK0   BANK1   BANK3   BANK2
      Params:         0       0       0       0       0
      Locals:         0       1       0       0       0
      Temps:          0       0       0       0       0
      Totals:         0       1       0       0       0
Total ram usage:        1 bytes
 Hardware stack levels used:    1
 Hardware stack levels required when called:    6
 This function calls:
		Nothing
 This function is called by:
		_SetCallBacks
 This function uses a non-reentrant model


 *************** function _RB4_SetCallBack *****************
 Defined at:
		line 43 in file "EXT_INT_Prog.c"
 Parameters:    Size  Location     Type
  pFun            1    wreg     PTR FTN()void 
		 -> RB4_Handler(1), 
 Auto vars:     Size  Location     Type
  pFun            1    5[BANK0 ] PTR FTN()void 
		 -> RB4_Handler(1), 
 Return value:  Size  Location     Type
                  1    wreg      void 
 Registers used:
		wreg, btemp+1
 Tracked objects:
		On entry : 
		On exit  : 
		Unchanged: 
 Data sizes:     COMMON   BANK0   BANK1   BANK3   BANK2
      Params:         0       0       0       0       0
      Locals:         0       1       0       0       0
      Temps:          0       0       0       0       0
      Totals:         0       1       0       0       0
Total ram usage:        1 bytes
 Hardware stack levels used:    1
 Hardware stack levels required when called:    6
 This function calls:
		Nothing
 This function is called by:
		_SetCallBacks
 This function uses a non-reentrant model


 *************** function _RB0_SetCallBack *****************
 Defined at:
		line 37 in file "EXT_INT_Prog.c"
 Parameters:    Size  Location     Type
  pFun            1    wreg     PTR FTN()void 
		 -> RB0_Handler(1), 
 Auto vars:     Size  Location     Type
  pFun            1    5[BANK0 ] PTR FTN()void 
		 -> RB0_Handler(1), 
 Return value:  Size  Location     Type
                  1    wreg      void 
 Registers used:
		wreg, btemp+1
 Tracked objects:
		On entry : 
		On exit  : 
		Unchanged: 
 Data sizes:     COMMON   BANK0   BANK1   BANK3   BANK2
      Params:         0       0       0       0       0
      Locals:         0       1       0       0       0
      Temps:          0       0       0       0       0
      Totals:         0       1       0       0       0
Total ram usage:        1 bytes
 Hardware stack levels used:    1
 Hardware stack levels required when called:    6
 This function calls:
		Nothing
 This function is called by:
		_SetCallBacks
 This function uses a non-reentrant model


 *************** function _ON_Mode *****************
 Defined at:
		line 108 in file "APP_Program.c"
 Parameters:    Size  Location     Type
		None
 Auto vars:     Size  Location     Type
		None
 Return value:  Size  Location     Type
                  1    wreg      void 
 Registers used:
		wreg, fsr0l, fsr0h, status,2, status,0, btemp+1, pclath, cstack
 Tracked objects:
		On entry : 
		On exit  : 
		Unchanged: 
 Data sizes:     COMMON   BANK0   BANK1   BANK3   BANK2
      Params:         0       0       0       0       0
      Locals:         0       0       0       0       0
      Temps:          0       0       0       0       0
      Totals:         0       0       0       0       0
Total ram usage:        0 bytes
 Hardware stack levels used:    1
 Hardware stack levels required when called:    9
 This function calls:
		_vid_7_Segment_Display_2Digits
 This function is called by:
		_main
		_System_Power
 This function uses a non-reentrant model


 *************** function _vid_7_Segment_Display_2Digits *****************
 Defined at:
		line 75 in file "7_Segment_prog.c"
 Parameters:    Size  Location     Type
  u8_Num          1    wreg     unsigned char 
 Auto vars:     Size  Location     Type
  u8_Num          1   17[BANK0 ] unsigned char 
  Tens            1   16[BANK0 ] unsigned char 
  Ones            1   15[BANK0 ] unsigned char 
  Stability       1    0        unsigned char 
 Return value:  Size  Location     Type
                  1    wreg      void 
 Registers used:
		wreg, fsr0l, fsr0h, status,2, status,0, btemp+1, pclath, cstack
 Tracked objects:
		On entry : 
		On exit  : 
		Unchanged: 
 Data sizes:     COMMON   BANK0   BANK1   BANK3   BANK2
      Params:         0       0       0       0       0
      Locals:         0       3       0       0       0
      Temps:          0       2       0       0       0
      Totals:         0       5       0       0       0
Total ram usage:        5 bytes
 Hardware stack levels used:    1
 Hardware stack levels required when called:    8
 This function calls:
		_DIO_SetPinValue
		___awdiv
		___awmod
		_vid_Left_7_Segment_DisplayNumber
		_vid_Right_7_Segment_DisplayNumber
 This function is called by:
		_ON_Mode
		_SetTemp_Mode
 This function uses a non-reentrant model


 *************** function _vid_Right_7_Segment_DisplayNumber *****************
 Defined at:
		line 65 in file "7_Segment_prog.c"
 Parameters:    Size  Location     Type
  u8_Number       1    wreg     unsigned char 
 Auto vars:     Size  Location     Type
  u8_Number       1   10[BANK0 ] unsigned char 
 Return value:  Size  Location     Type
                  1    wreg      void 
 Registers used:
		wreg, fsr0l, fsr0h, status,2, status,0, btemp+1, pclath, cstack
 Tracked objects:
		On entry : 
		On exit  : 
		Unchanged: 
 Data sizes:     COMMON   BANK0   BANK1   BANK3   BANK2
      Params:         0       0       0       0       0
      Locals:         0       1       0       0       0
      Temps:          0       0       0       0       0
      Totals:         0       1       0       0       0
Total ram usage:        1 bytes
 Hardware stack levels used:    1
 Hardware stack levels required when called:    7
 This function calls:
		_DIO_SetPinValue
		_DIO_SetPortValue
 This function is called by:
		_vid_7_Segment_Display_2Digits
 This function uses a non-reentrant model


 *************** function _vid_Left_7_Segment_DisplayNumber *****************
 Defined at:
		line 53 in file "7_Segment_prog.c"
 Parameters:    Size  Location     Type
  u8_Number       1    wreg     unsigned char 
 Auto vars:     Size  Location     Type
  u8_Number       1   10[BANK0 ] unsigned char 
 Return value:  Size  Location     Type
                  1    wreg      void 
 Registers used:
		wreg, fsr0l, fsr0h, status,2, status,0, btemp+1, pclath, cstack
 Tracked objects:
		On entry : 
		On exit  : 
		Unchanged: 
[...]
		Nothing
 This function is called by:
		_Cooler_Init
		_Heater_Init
		_TempSensor_Init
		_EXT_INT_Init
		_I2C_Init
		_vid_7_Segment_Init
 This function uses a non-reentrant model


 *************** function _ISR *****************
 Defined at:
		line 82 in file "EXT_INT_Prog.c"
 Parameters:    Size  Location     Type
		None
 Auto vars:     Size  Location     Type
		None
 Return value:  Size  Location     Type
                  1    wreg      void 
 Registers used:
		wreg, fsr0l, fsr0h, status,2, status,0, btemp+1, pclath, cstack
 Tracked objects:
		On entry : 
		On exit  : 
		Unchanged: 
 Data sizes:     COMMON   BANK0   BANK1   BANK3   BANK2
      Params:         0       0       0       0       0
      Locals:         0       0       0       0       0
      Temps:          0       5       0       0       0
      Totals:         0       5       0       0       0
Total ram usage:        5 bytes
 Hardware stack levels used:    1
 Hardware stack levels required when called:    5
 This function calls:
		Absolute function
		_DIO_GetPinValue
		_RB0_Handler
		_RB4_Handler
		_RB5_Handler
 This function is called by:
		Interrupt level 1
 This function uses a non-reentrant model


 *************** function _RB5_Handler *****************
 Defined at:
		line 216 in file "APP_Program.c"
 Parameters:    Size  Location     Type
		None
 Auto vars:     Size  Location     Type
		None
 Return value:  Size  Location     Type
                  1    wreg      void 
 Registers used:
		wreg, status,2, status,0
 Tracked objects:
		On entry : 
		On exit  : 
		Unchanged: 
 Data sizes:     COMMON   BANK0   BANK1   BANK3   BANK2
      Params:         0       0       0       0       0
      Locals:         0       0       0       0       0
      Temps:          0       0       0       0       0
      Totals:         0       0       0       0       0
Total ram usage:        0 bytes
 Hardware stack levels used:    1
 This function calls:
		Nothing
 This function is called by:
		_SetCallBacks
		_ISR
 This function uses a non-reentrant model


 *************** function _RB4_Handler *****************
 Defined at:
		line 184 in file "APP_Program.c"
 Parameters:    Size  Location     Type
		None
 Auto vars:     Size  Location     Type
		None
 Return value:  Size  Location     Type
                  1    wreg      void 
 Registers used:
		wreg, status,2, status,0, btemp+1
 Tracked objects:
		On entry : 
		On exit  : 
		Unchanged: 
 Data sizes:     COMMON   BANK0   BANK1   BANK3   BANK2
      Params:         0       0       0       0       0
      Locals:         0       0       0       0       0
      Temps:          0       0       0       0       0
      Totals:         0       0       0       0       0
Total ram usage:        0 bytes
 Hardware stack levels used:    1
 This function calls:
		Nothing
 This function is called by:
		_SetCallBacks
		_ISR
 This function uses a non-reentrant model


 *************** function _RB0_Handler *****************
 Defined at:
		line 170 in file "APP_Program.c"
 Parameters:    Size  Location     Type
		None
 Auto vars:     Size  Location     Type
		None
 Return value:  Size  Location     Type
                  1    wreg      void 
 Registers used:
		wreg, fsr0l, fsr0h, status,2, status,0, btemp+1, pclath, cstack
 Tracked objects:
		On entry : 
		On exit  : 
		Unchanged: 
 Data sizes:     COMMON   BANK0   BANK1   BANK3   BANK2
      Params:         0       0       0       0       0
      Locals:         0       0       0       0       0
      Temps:          0       0       0       0       0
      Totals:         0       0       0       0       0
Total ram usage:        0 bytes
 Hardware stack levels used:    1
 Hardware stack levels required when called:    4
 This function calls:
		i1_OFF_Mode
		i1_ON_Mode
 This function is called by:
		_SetCallBacks
		_ISR
 This function uses a non-reentrant model


 *************** function i1_ON_Mode *****************
 Defined at:
		line 108 in file "APP_Program.c"
 Parameters:    Size  Location     Type
		None
 Auto vars:     Size  Location     Type
		None
 Return value:  Size  Location     Type
                  1    wreg      void 
 Registers used:
		wreg, fsr0l, fsr0h, status,2, status,0, btemp+1, pclath, cstack
 Tracked objects:
		On entry : 
		On exit  : 
		Unchanged: 
 Data sizes:     COMMON   BANK0   BANK1   BANK3   BANK2
      Params:         0       0       0       0       0
      Locals:         0       0       0       0       0
      Temps:          0       0       0       0       0
      Totals:         0       0       0       0       0
Total ram usage:        0 bytes
 Hardware stack levels used:    1
 Hardware stack levels required when called:    3
 This function calls:
		i1_vid_7_Segment_Display_2Digits
 This function is called by:
		_RB0_Handler
 This function uses a non-reentrant model


 *************** function i1_vid_7_Segment_Display_2Digits *****************
 Defined at:
		line 75 in file "7_Segment_prog.c"
 Parameters:    Size  Location     Type
  u8_Num          1    wreg     unsigned char 
 Auto vars:     Size  Location     Type
  u8_Num          1   12[COMMON] unsigned char 
  Tens            1   11[COMMON] unsigned char 
  Ones            1   10[COMMON] unsigned char 
  Stability       1    0        unsigned char 
 Return value:  Size  Location     Type
                  1    wreg      void 
 Registers used:
		wreg, fsr0l, fsr0h, status,2, status,0, btemp+1, pclath, cstack
 Tracked objects:
		On entry : 
		On exit  : 
		Unchanged: 
 Data sizes:     COMMON   BANK0   BANK1   BANK3   BANK2
      Params:         0       0       0       0       0
      Locals:         3       0       0       0       0
      Temps:          2       0       0       0       0
      Totals:         5       0       0       0       0
Total ram usage:        5 bytes
 Hardware stack levels used:    1
 Hardware stack levels required when called:    2
 This function calls:
		i1_DIO_SetPinValue
		i1___awdiv
		i1___awmod
		i1_vid_Left_7_Segment_DisplayNumber
		i1_vid_Right_7_Segment_DisplayNumber
 This function is called by:
		i1_ON_Mode
 This function uses a non-reentrant model


 *************** function i1_vid_Right_7_Segment_DisplayNumber *****************
 Defined at:
		line 65 in file "7_Segment_prog.c"
 Parameters:    Size  Location     Type
  u8_Number       1    wreg     unsigned char 
 Auto vars:     Size  Location     Type
  u8_Number       1    5[COMMON] unsigned char 
 Return value:  Size  Location     Type
                  1    wreg      void 
 Registers used:
		wreg, fsr0l, fsr0h, status,2, status,0, btemp+1, pclath, cstack
 Tracked objects:
		On entry : 
		On exit  : 
		Unchanged: 
 Data sizes:     COMMON   BANK0   BANK1   BANK3   BANK2
      Params:         0       0       0       0       0
      Locals:         1       0       0       0       0
      Temps:          0       0       0       0       0
      Totals:         1       0       0       0       0
Total ram usage:        1 bytes
 Hardware stack levels used:    1
 Hardware stack levels required when called:    1
 This function calls:
		i1_DIO_SetPinValue
		i1_DIO_SetPortValue
 This function is called by:
		i1_vid_7_Segment_Display_2Digits
 This function uses a non-reentrant model


 *************** function i1_vid_Left_7_Segment_DisplayNumber *****************
 Defined at:
		line 53 in file "7_Segment_prog.c"
 Parameters:    Size  Location     Type
  u8_Number       1    wreg     unsigned char 
 Auto vars:     Size  Location     Type
  u8_Number       1    5[COMMON] unsigned char 
 Return value:  Size  Location     Type
                  1    wreg      void 
 Registers used:
		wreg, fsr0l, fsr0h, status,2, status,0, btemp+1, pclath, cstack
 Tracked objects:
		On entry : 
		On exit  : 
		Unchanged: 
 Data sizes:     COMMON   BANK0   BANK1   BANK3   BANK2
      Params:         0       0       0       0       0
      Locals:         1       0       0       0       0
      Temps:          0       0       0       0       0
      Totals:         1       0       0       0       0
Total ram usage:        1 bytes
 Hardware stack levels used:    1
 Hardware stack levels required when called:    1
 This function calls:
		i1_DIO_SetPinValue
		i1_DIO_SetPortValue
 This function is called by:
		i1_vid_7_Segment_Display_2Digits
 This function uses a non-reentrant model


 *************** function i1_DIO_SetPortValue *****************
 Defined at:
		line 148 in file "DIO_Prog.c"
 Parameters:    Size  Location     Type
  u8PortId        1    wreg     unsigned char 
  u8PortVal       1    0[COMMON] unsigned char 
 Auto vars:     Size  Location     Type
  u8PortId        1    3[COMMON] unsigned char 
 Return value:  Size  Location     Type
                  1    wreg      void 
 Registers used:
		wreg, fsr0l, fsr0h, status,2, status,0, btemp+1
 Tracked objects:
		On entry : 
		On exit  : 
		Unchanged: 
 Data sizes:     COMMON   BANK0   BANK1   BANK3   BANK2
      Params:         1       0       0       0       0
      Locals:         1       0       0       0       0
      Temps:          2       0       0       0       0
      Totals:         4       0       0       0       0
Total ram usage:        4 bytes
 Hardware stack levels used:    1
 This function calls:
		Nothing
 This function is called by:
		i1_vid_Left_7_Segment_DisplayNumber
		i1_vid_Right_7_Segment_DisplayNumber
 This function uses a non-reentrant model


 *************** function i1___awmod *****************
 Defined at:
		line 5 in file "C:\Program Files\Microchip\xc8\v2.20\pic\sources\c90\common\awmod.c"
 Parameters:    Size  Location     Type
  divisor         2    0[COMMON] int 
  dividend        2    2[COMMON] int 
 Auto vars:     Size  Location     Type
  sign            1    5[COMMON] unsigned char 
  counter         1    4[COMMON] unsigned char 
 Return value:  Size  Location     Type
                  2    0[COMMON] int 
 Registers used:
		wreg, status,2, status,0, btemp+1
 Tracked objects:
		On entry : 
		On exit  : 
		Unchanged: 
 Data sizes:     COMMON   BANK0   BANK1   BANK3   BANK2
      Params:         4       0       0       0       0
      Locals:         2       0       0       0       0
      Temps:          0       0       0       0       0
      Totals:         6       0       0       0       0
Total ram usage:        6 bytes
 Hardware stack levels used:    1
 This function calls:
		Nothing
 This function is called by:
		i1_vid_7_Segment_Display_2Digits
 This function uses a non-reentrant model


 *************** function i1___awdiv *****************
 Defined at:
		line 5 in file "C:\Program Files\Microchip\xc8\v2.20\pic\sources\c90\common\awdiv.c"
 Parameters:    Size  Location     Type
  divisor         2    0[COMMON] int 
  dividend        2    2[COMMON] int 
 Auto vars:     Size  Location     Type
  quotient        2    6[COMMON] int 
  sign            1    5[COMMON] unsigned char 
  counter         1    4[COMMON] unsigned char 
 Return value:  Size  Location     Type
                  2    0[COMMON] int 
 Registers used:
		wreg, status,2, status,0, btemp+1
 Tracked objects:
		On entry : 
		On exit  : 
		Unchanged: 
 Data sizes:     COMMON   BANK0   BANK1   BANK3   BANK2
      Params:         4       0       0       0       0
      Locals:         4       0       0       0       0
      Temps:          0       0       0       0       0
      Totals:         8       0       0       0       0
Total ram usage:        8 bytes
 Hardware stack levels used:    1
 This function calls:
		Nothing
 This function is called by:
		i1_vid_7_Segment_Display_2Digits
 This function uses a non-reentrant model


 *************** function i1_OFF_Mode *****************
 Defined at:
		line 119 in file "APP_Program.c"
 Parameters:    Size  Location     Type
		None
 Auto vars:     Size  Location     Type
		None
 Return value:  Size  Location     Type
                  1    wreg      void 
 Registers used:
		wreg, fsr0l, fsr0h, status,2, status,0, btemp+1, pclath, cstack
 Tracked objects:
		On entry : 
		On exit  : 
		Unchanged: 
 Data sizes:     COMMON   BANK0   BANK1   BANK3   BANK2
      Params:         0       0       0       0       0
      Locals:         0       0       0       0       0
      Temps:          0       0       0       0       0
      Totals:         0       0       0       0       0
Total ram usage:        0 bytes
 Hardware stack levels used:    1
 Hardware stack levels required when called:    2
 This function calls:
		i1_vid_7_Segment_DeInit
 This function is called by:
		_RB0_Handler
 This function uses a non-reentrant model


 *************** function i1_vid_7_Segment_DeInit *****************
 Defined at:
		line 45 in file "7_Segment_prog.c"
 Parameters:    Size  Location     Type
		None
 Auto vars:     Size  Location     Type
		None
 Return value:  Size  Location     Type
                  1    wreg      void 
 Registers used:
		wreg, fsr0l, fsr0h, status,2, status,0, btemp+1, pclath, cstack
 Tracked objects:
		On entry : 
		On exit  : 
		Unchanged: 
 Data sizes:     COMMON   BANK0   BANK1   BANK3   BANK2
      Params:         0       0       0       0       0
      Locals:         0       0       0       0       0
      Temps:          0       0       0       0       0
      Totals:         0       0       0       0       0
Total ram usage:        0 bytes
 Hardware stack levels used:    1
 Hardware stack levels required when called:    1
 This function calls:
		i1_DIO_SetPinValue
 This function is called by:
		i1_OFF_Mode
 This function uses a non-reentrant model


 *************** function i1_DIO_SetPinValue *****************
 Defined at:
		line 61 in file "DIO_Prog.c"
 Parameters:    Size  Location     Type
  u8PortIdCopy    1    wreg     unsigned char 
  u8PinIdCopy     1    0[COMMON] unsigned char 
  u8PinValCopy    1    1[COMMON] unsigned char 
 Auto vars:     Size  Location     Type
  u8PortIdCopy    1    4[COMMON] unsigned char 
 Return value:  Size  Location     Type
                  1    wreg      void 
 Registers used:
		wreg, fsr0l, fsr0h, status,2, status,0, btemp+1
 Tracked objects:
		On entry : 
		On exit  : 
		Unchanged: 
 Data sizes:     COMMON   BANK0   BANK1   BANK3   BANK2
      Params:         2       0       0       0       0
      Locals:         1       0       0       0       0
      Temps:          2       0       0       0       0
      Totals:         5       0       0       0       0
Total ram usage:        5 bytes
 Hardware stack levels used:    1
 This function calls:
		Nothing
 This function is called by:
		i1_vid_7_Segment_DeInit
		i1_vid_Left_7_Segment_DisplayNumber
		i1_vid_Right_7_Segment_DisplayNumber
		i1_vid_7_Segment_Display_2Digits
 This function uses a non-reentrant model


 *************** function _DIO_GetPinValue *****************
 Defined at:
		line 105 in file "DIO_Prog.c"
 Parameters:    Size  Location     Type
  u8PortIdCopy    1    wreg     unsigned char 
  u8PinIdCopy     1    0[COMMON] unsigned char 
 Auto vars:     Size  Location     Type
  u8PortIdCopy    1    3[COMMON] unsigned char 
  u8ResultLoca    1    4[COMMON] unsigned char 
 Return value:  Size  Location     Type
                  1    wreg      unsigned char 
 Registers used:
		wreg, fsr0l, fsr0h, status,2, status,0, btemp+1
 Tracked objects:
		On entry : 
		On exit  : 
		Unchanged: 
 Data sizes:     COMMON   BANK0   BANK1   BANK3   BANK2
      Params:         1       0       0       0       0
      Locals:         2       0       0       0       0
      Temps:          2       0       0       0       0
      Totals:         5       0       0       0       0
Total ram usage:        5 bytes
 Hardware stack levels used:    1
 This function calls:
		Nothing
 This function is called by:
		_ISR
 This function uses a non-reentrant model



MODULE INFORMATION

Module		Function		Class		Link	Load	Size
APP_Program.c
		_RB0_Handler   		CODE           	0CE5	0000	20
		_SetCallBacks  		CODE           	0CF8	0000	20
		_SystemVars_Init		CODE           	0F99	0000	51
		_Heater_Init   		CODE           	0D70	0000	29
		_Cooler_Init   		CODE           	0D54	0000	29
		_RB4_Handler   		CODE           	0D8C	0000	30
		_Heater_TurnOn 		CODE           	0CD6	0000	16
		_ON_Mode       		CODE           	0C5C	0000	13
		_RB5_Handler   		CODE           	0D1E	0000	28
		_Cooler_TurnOn 		CODE           	0CC7	0000	16
		_SetTemp_Mode  		CODE           	0651	0000	75
		_Temp_ControlWaterTemp		CODE           	0032	0000	207
		_Heater_TurnOff		CODE           	0CAA	0000	15
		_Cooler_TurnOff		CODE           	0C9C	0000	15
		_TempSensor_Init		CODE           	0D0B	0000	20
		_OFF_Mode      		CODE           	0C75	0000	14

APP_Program.c estimated size: 598

C:\Program Files\Microchip\xc8\v2.20\pic\sources\c90\common\Umul32.c
		___lmul        		CODE           	06E3	0000	73

C:\Program Files\Microchip\xc8\v2.20\pic\sources\c90\common\Umul32.c estimated size: 73

EEPROM_Prog.c
		_EEPROM_ReadFromEEPROM		CODE           	0F06	0000	49
		_EEPROM_WriteToEEPROM		CODE           	0DA9	0000	35

EEPROM_Prog.c estimated size: 84

DIO_Prog.c
		_DIO_SetPinDirection		CODE           	0100	0000	205
		_DIO_GetPinValue		CODE           	0352	0000	111
		_DIO_SetPinValue		CODE           	0296	0000	189
		_DIO_SetPortDirection		CODE           	07B1	0000	56
		_DIO_SetPortValue		CODE           	0E77	0000	48

DIO_Prog.c estimated size: 609

EXT_INT_Prog.c
		_RB4_SetCallBack		CODE           	0C1D	0000	9
		_ISR           		CODE           	054A	0000	92
		_RB5_SetCallBack		CODE           	0C25	0000	9
		_EXT_INT_Init  		CODE           	0F67	0000	51
		_RB0_SetCallBack		CODE           	0C15	0000	9

EXT_INT_Prog.c estimated size: 170

7_Segment_prog.c
		_vid_Right_7_Segment_DisplayNumber		CODE           	0ED6	0000	49
		_vid_Left_7_Segment_DisplayNumber		CODE           	0EA6	0000	49
		_vid_7_Segment_DeInit		CODE           	0D39	0000	28
		_vid_7_Segment_Init		CODE           	0771	0000	65
		_vid_7_Segment_Display_2Digits		CODE           	0490	0000	96

7_Segment_prog.c estimated size: 287

ADC_Prog.c
		_ADC_Read      		CODE           	0E49	0000	47
		_ADC_Init      		CODE           	0C8F	0000	14

ADC_Prog.c estimated size: 61

I2C_Prog.c
		_I2C_RepeatedStart		CODE           	0C47	0000	10
		_I2C_Write     		CODE           	0CB8	0000	16
		_I2C_End       		CODE           	0C3E	0000	10
		_I2CBegin      		CODE           	0C35	0000	10
		_I2C_Read      		CODE           	0F36	0000	50
		_I2C_Init      		CODE           	0E1F	0000	43
		_I2C_Hold      		CODE           	0C82	0000	14

I2C_Prog.c estimated size: 153

C:\Program Files\Microchip\xc8\v2.20\pic\sources\c90\common\awmod.c
		___awmod       		CODE           	04EF	0000	92

C:\Program Files\Microchip\xc8\v2.20\pic\sources\c90\common\awmod.c estimated size: 92

shared
		i1_vid_Right_7_Segment_DisplayNumber		CODE           	0DF5	0000	43
		i1_vid_7_Segment_DeInit		CODE           	07E8	0000	24
		_u8_Right_7Segment		STRING         	0806	0000	11
		__stringtab    		STRING         	0800	0000	7
		__i1fptable    		ENTRY          	0023	0000	16
		i1___awdiv     		CODE           	0429	0000	104
		__initialization		CODE           	0015	0000	10
		i1_DIO_SetPinValue		CODE           	01CC	0000	203
		i1___awmod     		CODE           	05A5	0000	90
		_u8_Left_7Segment		STRING         	0810	0000	11
		i1_vid_Left_7_Segment_DisplayNumber		CODE           	0DCB	0000	43
		i1_DIO_SetPortValue		CODE           	0FCB	0000	54
		i1_OFF_Mode    		CODE           	0C68	0000	14
		i1_vid_7_Segment_Display_2Digits		CODE           	05FE	0000	84
		i1_ON_Mode     		CODE           	0C50	0000	13

shared estimated size: 727

C:\Program Files\Microchip\xc8\v2.20\pic\sources\c90\common\lwdiv.c
		___lwdiv       		CODE           	072B	0000	71

C:\Program Files\Microchip\xc8\v2.20\pic\sources\c90\common\lwdiv.c estimated size: 71

main.c
		_main          		CODE           	069B	0000	73

main.c estimated size: 73

C:\Program Files\Microchip\xc8\v2.20\pic\sources\c90\common\awdiv.c
		___awdiv       		CODE           	03C0	0000	106

C:\Program Files\Microchip\xc8\v2.20\pic\sources\c90\common\awdiv.c estimated size: 106

