Microchip MPLAB XC8 Compiler V2.20

Linker command line:

-W-3 --edf=C:\Program Files\Microchip\xc8\v2.20\pic\dat\en_msgs.txt -cn \
  -h+dist/default/production\segment_7.X.production.sym \
  --cmf=dist/default/production\segment_7.X.production.cmf -z -Q16F877A \
  -oC:\Users\MOHAME~1\AppData\Local\Temp\s97k.2 --defsym=__MPLAB_BUILD=1 \
  -Mdist/default/production/segment_7.X.production.map -E1 \
  -ver=XC8 Compiler --acfsm=1493 -ASTACK=0110h-016Fh -pstack=STACK \
  -ACODE=00h-07FFhx4 -ASTRCODE=00h-01FFFh -ASTRING=00h-0FFhx32 \
  -ACONST=00h-0FFhx32 -AENTRY=00h-0FFhx32 -ACOMMON=070h-07Fh \
  -ABANK0=020h-06Fh -ABANK1=0A0h-0EFh -ABANK2=0110h-016Fh \
  -ABANK3=0190h-01EFh -ARAM=020h-06Fh,0A0h-0EFh,0110h-016Fh,0190h-01EFh \
  -AABS1=020h-07Fh,0A0h-0EFh,0110h-016Fh,0190h-01EFh -ASFR0=00h-01Fh \
  -ASFR1=080h-09Fh -ASFR2=0100h-010Fh -ASFR3=0180h-018Fh \
  -ACONFIG=02007h-02007h -DCONFIG=2 -AIDLOC=02000h-02003h -DIDLOC=2 \
  -preset_vec=00h,intentry,init,end_init -ppowerup=CODE -pcinit=CODE \
  -pfunctab=ENTRY -AEEDATA=00h-0FFh/02100h -peeprom_data=EEDATA -DEEDATA=2 \
  -DCODE=2 -DSTRCODE=2 -DSTRING=2 -DCONST=2 -DENTRY=2 -k \
  C:\Users\MOHAME~1\AppData\Local\Temp\s97k.o \
  dist/default/production\segment_7.X.production.o 

Object code version is 3.11

Machine type is 16F877A



                Name                               Link     Load   Length Selector   Space Scale
C:\Users\MOHAME~1\AppData\Local\Temp\s97k.o
                end_init                              0        0        3        0       0
                config                             2007     2007        1        0       4
dist/default/production\segment_7.X.production.o
                cinit                               7FC      7FC        4      FF8       0
                config                             2007     2007        1        0       4
                text10                              601      601       67      C02       0
                text9                               5A8      5A8       59      B50       0
                text8                               668      668       CA      CD0       0
                text7                               4AE      4AE       35      95C       0
                text6                               45A      45A       2A      8B4       0
                text5                               484      484       2A      908       0
                text4                               555      555       53      AAA       0
                text3                               732      732       CA      E64       0
                text2                               4E3      4E3       35      9C6       0
                text1                               518      518       3D      A30       0
                maintext                            439      439       21      872       0
                cstackCOMMON                         70       70        E       70       1
                strings                               3        3       1A        6       0

TOTAL           Name                               Link     Load   Length     Space
        CLASS   STACK          

        CLASS   CODE           
                end_init                              0        0        3         0
                cinit                               7FC      7FC        4         0
                text10                              601      601       67         0
                text9                               5A8      5A8       59         0
                text8                               668      668       CA         0
                text7                               4AE      4AE       35         0
                text6                               45A      45A       2A         0
                text5                               484      484       2A         0
                text4                               555      555       53         0
                text3                               732      732       CA         0
                text2                               4E3      4E3       35         0
                text1                               518      518       3D         0
                maintext                            439      439       21         0

        CLASS   STRCODE        

        CLASS   STRING         
                strings                               3        3       1A         0

        CLASS   CONST          

        CLASS   ENTRY          

        CLASS   COMMON         
                cstackCOMMON                         70       70        E         1

        CLASS   BANK0          

        CLASS   BANK1          

        CLASS   BANK2          

        CLASS   BANK3          

        CLASS   RAM            

        CLASS   ABS1           
                abs_s1                               7E       7E        2         1

        CLASS   SFR0           

        CLASS   SFR1           

        CLASS   SFR2           

        CLASS   SFR3           

        CLASS   CONFIG         
                config                             2007     2007        1         4

        CLASS   IDLOC          

        CLASS   EEDATA         



SEGMENTS        Name                           Load    Length   Top    Selector   Space  Class     Delta

                reset_vec                      000000  000003  000003         0       0  CODE        2
                strings                        000003  00001A  00001D         6       0  STRING      2
                cstackCOMMON                   000070  00000E  00007E        70       1  COMMON      1
                maintext                       000439  000021  00045A       872       0  CODE        2
                text6                          00045A  00002A  000484       8B4       0  CODE        2
                text5                          000484  00002A  0004AE       908       0  CODE        2
                text7                          0004AE  000035  0004E3       95C       0  CODE        2
                text2                          0004E3  000035  000518       9C6       0  CODE        2
                text1                          000518  00003D  000555       A30       0  CODE        2
                text4                          000555  000053  0005A8       AAA       0  CODE        2
                text9                          0005A8  000059  000601       B50       0  CODE        2
                text10                         000601  000067  000668       C02       0  CODE        2
                text8                          000668  0000CA  000732       CD0       0  CODE        2
                text3                          000732  0000CA  0007FC       E64       0  CODE        2
                cinit                          0007FC  000004  000800       FF8       0  CODE        2


UNUSED ADDRESS RANGES

        Name                Unused          Largest block    Delta
        BANK0            0020-006F             50           1
        BANK1            00A0-00EF             50           1
        BANK2            0110-016F             60           1
        BANK3            0190-01EF             60           1
        CODE             001D-0438            41C           2
                         0800-1FFF            800
        CONST            001D-0438            100           2
                         0800-1FFF            100
        EEDATA           2100-21FF            100           2
        ENTRY            001D-0438            100           2
                         0800-1FFF            100
        IDLOC            2000-2003              4           2
        RAM              0020-006F             50           1
                         00A0-00EF             50
                         0110-016F             60
                         0190-01EF             60
        SFR0             0000-001F             20           1
        SFR1             0080-009F             20           1
        SFR2             0100-010F             10           1
        SFR3             0180-018F             10           1
        STACK            0110-016F             60           1
        STRCODE          001D-0438            41C           2
                         0800-1FFF           1800
        STRING           001D-0438            100           2
                         0800-1FFF            100

                                  Symbol Table

?___awdiv                                   cstackCOMMON 0070
?___awmod                                   cstackCOMMON 0070
DIO_SetPinDirection@u8PinDirCopy            cstackCOMMON 0071
DIO_SetPinDirection@u8PinIdCopy             cstackCOMMON 0070
DIO_SetPinDirection@u8PortIdCopy            cstackCOMMON 0074
DIO_SetPinValue@u8PinIdCopy                 cstackCOMMON 0070
DIO_SetPinValue@u8PinValCopy                cstackCOMMON 0071
DIO_SetPinValue@u8PortIdCopy                cstackCOMMON 0074
DIO_SetPortDirection@u8PortDir              cstackCOMMON 0070
DIO_SetPortDirection@u8PortId               cstackCOMMON 0073
DIO_SetPortValue@u8PortId                   cstackCOMMON 0073
DIO_SetPortValue@u8PortVal                  cstackCOMMON 0070
_DIO_SetPinDirection                        text3        0732
_DIO_SetPinValue                            text8        0668
_DIO_SetPortDirection                       text2        04E3
_DIO_SetPortValue                           text7        04AE
__Habs1                                     abs1         0000
__Hbank0                                    bank0        0000
__Hbank1                                    bank1        0000
__Hbank2                                    bank2        0000
__Hbank3                                    bank3        0000
__Hcinit                                    cinit        0800
__Hclrtext                                  clrtext      0000
__Hcode                                     code         0000
__Hcommon                                   common       0000
__Hconfig                                   config       2008
__HcstackCOMMON                             cstackCOMMON 0000
__Heeprom_data                              eeprom_data  0000
__Hend_init                                 end_init     0003
__Hfunctab                                  functab      0000
__Hinit                                     init         0000
__Hintentry                                 intentry     0000
__Hmaintext                                 maintext     0000
__Hpowerup                                  powerup      0000
__Hram                                      ram          0000
__Hreset_vec                                reset_vec    0000
__Hsfr0                                     sfr0         0000
__Hsfr1                                     sfr1         0000
__Hsfr2                                     sfr2         0000
__Hsfr3                                     sfr3         0000
__Hspace_0                                  (abs)        0800
__Hspace_1                                  (abs)        007E
__Hspace_2                                  (abs)        0000
__Hspace_3                                  (abs)        0000
__Hspace_4                                  (abs)        400F
__Hstack                                    stack        0000
__Hstrings                                  strings      0000
__Htext                                     text         0000
__Labs1                                     abs1         0000
__Lbank0                                    bank0        0000
__Lbank1                                    bank1        0000
__Lbank2                                    bank2        0000
__Lbank3                                    bank3        0000
__Lcinit                                    cinit        07FC
__Lclrtext                                  clrtext      0000
__Lcode                                     code         0000
__Lcommon                                   common       0000
__Lconfig                                   config       0000
__LcstackCOMMON                             cstackCOMMON 0000
__Leeprom_data                              eeprom_data  0000
__Lend_init                                 end_init     0000
__Lfunctab                                  functab      0000
__Linit                                     init         0000
__Lintentry                                 intentry     0000
__Lmaintext                                 maintext     0000
__Lpowerup                                  powerup      0000
__Lram                                      ram          0000
__Lreset_vec                                reset_vec    0000
__Lsfr0                                     sfr0         0000
__Lsfr1                                     sfr1         0000
__Lsfr2                                     sfr2         0000
__Lsfr3                                     sfr3         0000
__Lspace_0                                  (abs)        0000
__Lspace_1                                  (abs)        0000
__Lspace_2                                  (abs)        0000
__Lspace_3                                  (abs)        0000
__Lspace_4                                  (abs)        0000
__Lstack                                    stack        0000
__Lstrings                                  strings      0000
__Ltext                                     text         0000
__S0                                        (abs)        0800
__S1                                        (abs)        007E
__S2                                        (abs)        0000
__S3                                        (abs)        0000
___awdiv                                    text10       0601
___awdiv@counter                            cstackCOMMON 0074
___awdiv@dividend                           cstackCOMMON 0072
___awdiv@divisor                            cstackCOMMON 0070
___awdiv@quotient                           cstackCOMMON 0076
___awdiv@sign                               cstackCOMMON 0075
___awmod                                    text9        05A8
___awmod@counter                            cstackCOMMON 0074
___awmod@dividend                           cstackCOMMON 0072
___awmod@divisor                            cstackCOMMON 0070
___awmod@sign                               cstackCOMMON 0075
___int_sp                                   stack        0000
___latbits                                  (abs)        0002
___sp                                       stack        0000
___stackhi                                  (abs)        0000
___stacklo                                  (abs)        0000
__end_of_DIO_SetPinDirection                text3        07FC
__end_of_DIO_SetPinValue                    text8        0732
__end_of_DIO_SetPortDirection               text2        0518
__end_of_DIO_SetPortValue                   text7        04E3
__end_of___awdiv                            text10       0668
__end_of___awmod                            text9        0601
__end_of__initialization                    cinit        07FC
__end_of__stringtab                         strings      0009
__end_of_main                               maintext     045A
__end_of_u8_Left_7Segment                   strings      001D
__end_of_u8_Right_7Segment                  strings      0013
__end_of_vid_7_Segment_Display_2Digits      text4        05A8
__end_of_vid_7_Segment_Init                 text1        0555
__end_of_vid_Left_7_Segment_DisplayNumber   text6        0484
__end_of_vid_Right_7_Segment_DisplayNumber  text5        04AE
__initialization                            cinit        07FC
__pcstackCOMMON                             cstackCOMMON 0070
__pmaintext                                 maintext     0439
__pstrings                                  strings      0003
__ptext1                                    text1        0518
__ptext10                                   text10       0601
__ptext2                                    text2        04E3
__ptext3                                    text3        0732
__ptext4                                    text4        0555
__ptext5                                    text5        0484
__ptext6                                    text6        045A
__ptext7                                    text7        04AE
__ptext8                                    text8        0668
__ptext9                                    text9        05A8
__size_of_DIO_SetPinDirection               (abs)        0000
__size_of_DIO_SetPinValue                   (abs)        0000
__size_of_DIO_SetPortDirection              (abs)        0000
__size_of_DIO_SetPortValue                  (abs)        0000
__size_of___awdiv                           (abs)        0000
__size_of___awmod                           (abs)        0000
__size_of_main                              (abs)        0000
__size_of_vid_7_Segment_Display_2Digits     (abs)        0000
__size_of_vid_7_Segment_Init                (abs)        0000
__size_of_vid_Left_7_Segment_DisplayNumber  (abs)        0000
__size_of_vid_Right_7_Segment_DisplayNumber (abs)        0000
__stringbase                                strings      0008
__stringtab                                 strings      0003
_main                                       maintext     0439
_u8_Left_7Segment                           strings      0013
_u8_Right_7Segment                          strings      0009
_vid_7_Segment_Display_2Digits              text4        0555
_vid_7_Segment_Init                         text1        0518
_vid_Left_7_Segment_DisplayNumber           text6        045A
_vid_Right_7_Segment_DisplayNumber          text5        0484
btemp                                       (abs)        007E
end_of_initialization                       cinit        07FC
intlevel0                                   functab      0000
intlevel1                                   functab      0000
intlevel2                                   functab      0000
intlevel3                                   functab      0000
intlevel4                                   functab      0000
intlevel5                                   functab      0000
reset_vec                                   reset_vec    0000
start                                       init         0000
start_initialization                        cinit        07FC
vid_7_Segment_Display_2Digits@Ones          cstackCOMMON 007A
vid_7_Segment_Display_2Digits@Stability     cstackCOMMON 007D
vid_7_Segment_Display_2Digits@Tens          cstackCOMMON 007B
vid_7_Segment_Display_2Digits@u8_Num        cstackCOMMON 007C
vid_Left_7_Segment_DisplayNumber@u8_Number  cstackCOMMON 0075
vid_Right_7_Segment_DisplayNumber@u8_Number cstackCOMMON 0075
wtemp0                                      (abs)        007E


FUNCTION INFORMATION:

 *************** function _main *****************
 Defined at:
		line 19 in file "main.c"
 Parameters:    Size  Location     Type
		None
 Auto vars:     Size  Location     Type
		None
 Return value:  Size  Location     Type
                  1    wreg      void 
 Registers used:
		wreg, fsr0l, fsr0h, status,2, status,0, btemp+1, pclath, cstack
 Tracked objects:
		On entry : 
		On exit  : 
		Unchanged: 
 Data sizes:     COMMON   BANK0   BANK1   BANK3   BANK2
      Params:         0       0       0       0       0
      Locals:         0       0       0       0       0
      Temps:          0       0       0       0       0
      Totals:         0       0       0       0       0
Total ram usage:        0 bytes
 Hardware stack levels required when called:    3
 This function calls:
		_vid_7_Segment_Display_2Digits
		_vid_7_Segment_Init
 This function is called by:
		Startup code after reset
 This function uses a non-reentrant model


 *************** function _vid_7_Segment_Init *****************
 Defined at:
		line 22 in file "7_Segment_prog.c"
 Parameters:    Size  Location     Type
		None
 Auto vars:     Size  Location     Type
		None
 Return value:  Size  Location     Type
                  1    wreg      void 
 Registers used:
		wreg, fsr0l, fsr0h, status,2, status,0, btemp+1, pclath, cstack
 Tracked objects:
		On entry : 
		On exit  : 
		Unchanged: 
 Data sizes:     COMMON   BANK0   BANK1   BANK3   BANK2
      Params:         0       0       0       0       0
      Locals:         0       0       0       0       0
      Temps:          0       0       0       0       0
      Totals:         0       0       0       0       0
Total ram usage:        0 bytes
 Hardware stack levels used:    1
 Hardware stack levels required when called:    1
 This function calls:
		_DIO_SetPinDirection
		_DIO_SetPinValue
		_DIO_SetPortDirection
		_DIO_SetPortValue
 This function is called by:
		_main
 This function uses a non-reentrant model


 *************** function _DIO_SetPortDirection *****************
 Defined at:
		line 133 in file "DIO_Prog.c"
 Parameters:    Size  Location     Type
  u8PortId        1    wreg     unsigned char 
  u8PortDir       1    0[COMMON] unsigned char 
 Auto vars:     Size  Location     Type
  u8PortId        1    3[COMMON] unsigned char 
 Return value:  Size  Location     Type
                  1    wreg      void 
 Registers used:
		wreg, fsr0l, fsr0h, status,2, status,0, btemp+1
 Tracked objects:
		On entry : 
		On exit  : 
		Unchanged: 
 Data sizes:     COMMON   BANK0   BANK1   BANK3   BANK2
      Params:         1       0       0       0       0
      Locals:         1       0       0       0       0
      Temps:          2       0       0       0       0
      Totals:         4       0       0       0       0
Total ram usage:        4 bytes
 Hardware stack levels used:    1
 This function calls:
		Nothing
 This function is called by:
		_vid_7_Segment_Init
 This function uses a non-reentrant model


 *************** function _DIO_SetPinDirection *****************
 Defined at:
		line 17 in file "DIO_Prog.c"
 Parameters:    Size  Location     Type
  u8PortIdCopy    1    wreg     unsigned char 
  u8PinIdCopy     1    0[COMMON] unsigned char 
  u8PinDirCopy    1    1[COMMON] unsigned char 
 Auto vars:     Size  Location     Type
  u8PortIdCopy    1    4[COMMON] unsigned char 
 Return value:  Size  Location     Type
                  1    wreg      void 
 Registers used:
		wreg, fsr0l, fsr0h, status,2, status,0, btemp+1
 Tracked objects:
		On entry : 
		On exit  : 
		Unchanged: 
 Data sizes:     COMMON   BANK0   BANK1   BANK3   BANK2
      Params:         2       0       0       0       0
      Locals:         1       0       0       0       0
      Temps:          2       0       0       0       0
      Totals:         5       0       0       0       0
Total ram usage:        5 bytes
 Hardware stack levels used:    1
 This function calls:
		Nothing
 This function is called by:
		_vid_7_Segment_Init
 This function uses a non-reentrant model


 *************** function _vid_7_Segment_Display_2Digits *****************
 Defined at:
		line 88 in file "7_Segment_prog.c"
 Parameters:    Size  Location     Type
  u8_Num          1    wreg     unsigned char 
 Auto vars:     Size  Location     Type
  u8_Num          1   12[COMMON] unsigned char 
  Stability       1   13[COMMON] unsigned char 
  Tens            1   11[COMMON] unsigned char 
  Ones            1   10[COMMON] unsigned char 
 Return value:  Size  Location     Type
                  1    wreg      void 
 Registers used:
		wreg, fsr0l, fsr0h, status,2, status,0, btemp+1, pclath, cstack
 Tracked objects:
		On entry : 
		On exit  : 
		Unchanged: 
 Data sizes:     COMMON   BANK0   BANK1   BANK3   BANK2
      Params:         0       0       0       0       0
      Locals:         4       0       0       0       0
      Temps:          2       0       0       0       0
      Totals:         6       0       0       0       0
Total ram usage:        6 bytes
 Hardware stack levels used:    1
 Hardware stack levels required when called:    2
 This function calls:
		___awdiv
		___awmod
		_vid_Left_7_Segment_DisplayNumber
		_vid_Right_7_Segment_DisplayNumber
 This function is called by:
		_main
 This function uses a non-reentrant model


 *************** function _vid_Right_7_Segment_DisplayNumber *****************
 Defined at:
		line 52 in file "7_Segment_prog.c"
 Parameters:    Size  Location     Type
  u8_Number       1    wreg     unsigned char 
 Auto vars:     Size  Location     Type
  u8_Number       1    5[COMMON] unsigned char 
 Return value:  Size  Location     Type
                  1    wreg      void 
 Registers used:
		wreg, fsr0l, fsr0h, status,2, status,0, btemp+1, pclath, cstack
 Tracked objects:
		On entry : 
		On exit  : 
		Unchanged: 
 Data sizes:     COMMON   BANK0   BANK1   BANK3   BANK2
      Params:         0       0       0       0       0
      Locals:         1       0       0       0       0
      Temps:          0       0       0       0       0
      Totals:         1       0       0       0       0
Total ram usage:        1 bytes
 Hardware stack levels used:    1
 Hardware stack levels required when called:    1
 This function calls:
		_DIO_SetPinValue
		_DIO_SetPortValue
 This function is called by:
		_vid_7_Segment_Display_2Digits
		_vid_7_Segment_UpCounter
 This function uses a non-reentrant model


 *************** function _vid_Left_7_Segment_DisplayNumber *****************
 Defined at:
		line 39 in file "7_Segment_prog.c"
 Parameters:    Size  Location     Type
  u8_Number       1    wreg     unsigned char 
 Auto vars:     Size  Location     Type
  u8_Number       1    5[COMMON] unsigned char 
 Return value:  Size  Location     Type
                  1    wreg      void 
 Registers used:
		wreg, fsr0l, fsr0h, status,2, status,0, btemp+1, pclath, cstack
 Tracked objects:
		On entry : 
		On exit  : 
		Unchanged: 
 Data sizes:     COMMON   BANK0   BANK1   BANK3   BANK2
      Params:         0       0       0       0       0
      Locals:         1       0       0       0       0
      Temps:          0       0       0       0       0
      Totals:         1       0       0       0       0
Total ram usage:        1 bytes
 Hardware stack levels used:    1
 Hardware stack levels required when called:    1
 This function calls:
		_DIO_SetPinValue
		_DIO_SetPortValue
 This function is called by:
		_vid_7_Segment_Display_2Digits
		_vid_7_Segment_UpCounter
 This function uses a non-reentrant model


 *************** function _DIO_SetPortValue *****************
 Defined at:
		line 148 in file "DIO_Prog.c"
 Parameters:    Size  Location     Type
  u8PortId        1    wreg     unsigned char 
  u8PortVal       1    0[COMMON] unsigned char 
 Auto vars:     Size  Location     Type
  u8PortId        1    3[COMMON] unsigned char 
 Return value:  Size  Location     Type
                  1    wreg      void 
 Registers used:
		wreg, fsr0l, fsr0h, status,2, status,0, btemp+1
 Tracked objects:
		On entry : 
		On exit  : 
		Unchanged: 
 Data sizes:     COMMON   BANK0   BANK1   BANK3   BANK2
      Params:         1       0       0       0       0
      Locals:         1       0       0       0       0
      Temps:          2       0       0       0       0
      Totals:         4       0       0       0       0
Total ram usage:        4 bytes
 Hardware stack levels used:    1
 This function calls:
		Nothing
 This function is called by:
		_vid_7_Segment_Init
		_vid_Left_7_Segment_DisplayNumber
		_vid_Right_7_Segment_DisplayNumber
 This function uses a non-reentrant model


 *************** function _DIO_SetPinValue *****************
 Defined at:
		line 61 in file "DIO_Prog.c"
 Parameters:    Size  Location     Type
  u8PortIdCopy    1    wreg     unsigned char 
  u8PinIdCopy     1    0[COMMON] unsigned char 
  u8PinValCopy    1    1[COMMON] unsigned char 
 Auto vars:     Size  Location     Type
  u8PortIdCopy    1    4[COMMON] unsigned char 
 Return value:  Size  Location     Type
                  1    wreg      void 
 Registers used:
		wreg, fsr0l, fsr0h, status,2, status,0, btemp+1
 Tracked objects:
		On entry : 
		On exit  : 
		Unchanged: 
 Data sizes:     COMMON   BANK0   BANK1   BANK3   BANK2
      Params:         2       0       0       0       0
      Locals:         1       0       0       0       0
      Temps:          2       0       0       0       0
      Totals:         5       0       0       0       0
Total ram usage:        5 bytes
 Hardware stack levels used:    1
 This function calls:
		Nothing
 This function is called by:
		_vid_7_Segment_Init
		_vid_Left_7_Segment_DisplayNumber
		_vid_Right_7_Segment_DisplayNumber
 This function uses a non-reentrant model


 *************** function ___awmod *****************
 Defined at:
		line 5 in file "C:\Program Files\Microchip\xc8\v2.20\pic\sources\c90\common\awmod.c"
 Parameters:    Size  Location     Type
  divisor         2    0[COMMON] int 
  dividend        2    2[COMMON] int 
 Auto vars:     Size  Location     Type
  sign            1    5[COMMON] unsigned char 
  counter         1    4[COMMON] unsigned char 
 Return value:  Size  Location     Type
                  2    0[COMMON] int 
 Registers used:
		wreg, status,2, status,0, btemp+1
 Tracked objects:
		On entry : 
		On exit  : 
		Unchanged: 
 Data sizes:     COMMON   BANK0   BANK1   BANK3   BANK2
      Params:         4       0       0       0       0
      Locals:         2       0       0       0       0
      Temps:          0       0       0       0       0
      Totals:         6       0       0       0       0
Total ram usage:        6 bytes
 Hardware stack levels used:    1
 This function calls:
		Nothing
 This function is called by:
		_vid_7_Segment_Display_2Digits
 This function uses a non-reentrant model


 *************** function ___awdiv *****************
 Defined at:
		line 5 in file "C:\Program Files\Microchip\xc8\v2.20\pic\sources\c90\common\awdiv.c"
 Parameters:    Size  Location     Type
  divisor         2    0[COMMON] int 
  dividend        2    2[COMMON] int 
 Auto vars:     Size  Location     Type
  quotient        2    6[COMMON] int 
  sign            1    5[COMMON] unsigned char 
  counter         1    4[COMMON] unsigned char 
 Return value:  Size  Location     Type
                  2    0[COMMON] int 
 Registers used:
		wreg, status,2, status,0, btemp+1
 Tracked objects:
		On entry : 
		On exit  : 
		Unchanged: 
 Data sizes:     COMMON   BANK0   BANK1   BANK3   BANK2
      Params:         4       0       0       0       0
      Locals:         4       0       0       0       0
      Temps:          0       0       0       0       0
      Totals:         8       0       0       0       0
Total ram usage:        8 bytes
 Hardware stack levels used:    1
 This function calls:
		Nothing
 This function is called by:
		_vid_7_Segment_Display_2Digits
 This function uses a non-reentrant model



MODULE INFORMATION

Module		Function		Class		Link	Load	Size
DIO_Prog.c
		_DIO_SetPinDirection		CODE           	0732	0000	203
		_DIO_SetPinValue		CODE           	0668	0000	203
		_DIO_SetPortDirection		CODE           	04E3	0000	54
		_DIO_SetPortValue		CODE           	04AE	0000	54

DIO_Prog.c estimated size: 514

7_Segment_prog.c
		_vid_Right_7_Segment_DisplayNumber		CODE           	0484	0000	43
		_vid_Left_7_Segment_DisplayNumber		CODE           	045A	0000	43
		_vid_7_Segment_Init		CODE           	0518	0000	62
		_vid_7_Segment_Display_2Digits		CODE           	0555	0000	84

7_Segment_prog.c estimated size: 232

C:\Program Files\Microchip\xc8\v2.20\pic\sources\c90\common\awmod.c
		___awmod       		CODE           	05A8	0000	90

C:\Program Files\Microchip\xc8\v2.20\pic\sources\c90\common\awmod.c estimated size: 90

shared
		_u8_Right_7Segment		STRING         	0009	0000	11
		__stringtab    		STRING         	0003	0000	7
		__initialization		CODE           	07FC	0000	1
		_u8_Left_7Segment		STRING         	0013	0000	11

shared estimated size: 30

main.c
		_main          		CODE           	0439	0000	34

main.c estimated size: 34

C:\Program Files\Microchip\xc8\v2.20\pic\sources\c90\common\awdiv.c
		___awdiv       		CODE           	0601	0000	104

C:\Program Files\Microchip\xc8\v2.20\pic\sources\c90\common\awdiv.c estimated size: 104

